******************************************************************************
                  TI ARM Linker PC v20.2.7                     
******************************************************************************
>> Linked Tue Oct 29 19:09:23 2024

OUTPUT FILE NAME:   <lab_eight.out>
ENTRY POINT SYMBOL: "_c_int00_noargs"  address: 00006dd5


MEMORY CONFIGURATION

         name            origin    length      used     unused   attr    fill
----------------------  --------  ---------  --------  --------  ----  --------
  FLASH                 00000000   00040000  00007313  00038ced  R  X
  SRAM                  20000000   00008000  00000f38  000070c8  RW X


SEGMENT ALLOCATION MAP

run origin  load origin   length   init length attrs members
----------  ----------- ---------- ----------- ----- -------
00000000    00000000    00007318   00007318    r-x
  00000000    00000000    0000026c   0000026c    r-- .intvecs
  0000026c    0000026c    00006dac   00006dac    r-x .text
  00007018    00007018    000002a3   000002a3    r-- .const
  000072c0    000072c0    00000058   00000058    r-- .cinit
20000000    20000000    00000f3c   00000000    rw-
  20000000    20000000    0000026c   00000000    rw- .vtable
  20000270    20000270    00000800   00000000    rw- .stack
  20000a70    20000a70    00000404   00000000    rw- .sysmem
  20000e74    20000e74    0000007c   00000000    rw- .bss
  20000ef0    20000ef0    0000004c   00000000    rw- .data


SECTION ALLOCATION MAP

 output                                  attributes/
section   page    origin      length       input sections
--------  ----  ----------  ----------   ----------------
.intvecs   0    00000000    0000026c     
                  00000000    0000026c     tm4c123gh6pm_startup_ccs.obj (.intvecs)

.text      0    0000026c    00006dac     
                  0000026c    0000141c     movement.obj (.text)
                  00001688    00000c20     open_interface.obj (.text)
                  000022a8    00000a4e     rtsv7M4_T_le_v4SPD16_eabi.lib : _printfi.c.obj (.text:__TI_printfi)
                  00002cf6    00000002                                   : _lock.c.obj (.text:_nop)
                  00002cf8    000009d0                                   : e_pow.c.obj (.text:pow)
                  000036c8    00000738                                   : k_rem_pio2.c.obj (.text:__kernel_rem_pio2)
                  00003e00    000005e0                                   : s_sin.c.obj (.text:sin)
                  000043e0    00000328     lcd.obj (.text)
                  00004708    00000324     ping.obj (.text)
                  00004a2c    00000270     rtsv7M4_T_le_v4SPD16_eabi.lib : _printfi.c.obj (.text:_pconv_a)
                  00004c9c    00000248     Timer.obj (.text)
                  00004ee4    00000230     servo.obj (.text)
                  00005114    000001d0     rtsv7M4_T_le_v4SPD16_eabi.lib : _printfi.c.obj (.text:_pconv_g)
                  000052e4    000001b6                                   : fd_add_t2.asm.obj (.text)
                  0000549a    00000002                                   : div0.asm.obj (.text)
                  0000549c    00000174                                   : k_sin.c.obj (.text:__kernel_sin)
                  00005610    00000170                                   : k_cos.c.obj (.text:__kernel_cos)
                  00005780    0000015c     uart_extra_help.obj (.text)
                  000058dc    00000158     libcybotScan.lib : servo.obj (.text)
                  00005a34    00000158     rtsv7M4_T_le_v4SPD16_eabi.lib : e_sqrt.c.obj (.text:sqrt)
                  00005b8c    0000013c                                   : _printfi.c.obj (.text:_pconv_e)
                  00005cc8    00000136                                   : fd_div_t2.asm.obj (.text)
                  00005dfe    00000002     --HOLE-- [fill = 0]
                  00005e00    00000124                                   : _printfi.c.obj (.text:fcvt)
                  00005f24    00000110                                   : s_scalbn.c.obj (.text:scalbn)
                  00006034    00000100                                   : memory.c.obj (.text:aligned_alloc)
                  00006134    000000fc                                   : fd_mul_t2.asm.obj (.text)
                  00006230    000000f8                                   : s_floor.c.obj (.text:floor)
                  00006328    000000e4                                   : memory.c.obj (.text:free)
                  0000640c    000000c8     adc.obj (.text)
                  000064d4    000000b1     rtsv7M4_T_le_v4SPD16_eabi.lib : _printfi.c.obj (.text:_ltostr)
                  00006585    00000001     --HOLE-- [fill = 0]
                  00006586    0000009c                                   : memcpy_t2.asm.obj (.text)
                  00006622    00000096                                   : ull_div_t2.asm.obj (.text)
                  000066b8    00000086                                   : fd_cmp_t2.asm.obj (.text:__aeabi_cdcmple)
                  0000673e    00000086                                   : fd_cmp_t2.asm.obj (.text:__aeabi_cdrcmple)
                  000067c4    0000007a                                   : memset_t2.asm.obj (.text)
                  0000683e    00000002     --HOLE-- [fill = 0]
                  00006840    00000070                                   : memory.c.obj (.text:split)
                  000068b0    0000006e                                   : _printfi.c.obj (.text:_mcpy)
                  0000691e    0000006e                                   : fd_tos_t2.asm.obj (.text)
                  0000698c    00000068                                   : copy_decompress_lzss.c.obj (.text:decompress:lzss:__TI_decompress_lzss)
                  000069f4    00000064                                   : s_frexp.c.obj (.text:frexp)
                  00006a58    00000056                                   : _printfi.c.obj (.text:_pconv_f)
                  00006aae    00000054                                   : _ltoa.c.obj (.text:__TI_ltoa)
                  00006b02    00000052                                   : _printfi.c.obj (.text:_ecpy)
                  00006b54    0000004c                                   : atoi.c.obj (.text:atoi)
                  00006ba0    00000048                                   : fd_toi_t2.asm.obj (.text)
                  00006be8    00000044                                   : autoinit.c.obj (.text:__TI_auto_init_nobinit_nopinit:__TI_auto_init_nobinit_nopinit)
                  00006c2c    00000044                                   : fd_tou_t2.asm.obj (.text)
                  00006c70    00000040                                   : sprintf.c.obj (.text:sprintf)
                  00006cb0    00000040                                   : vsnprintf.c.obj (.text:vsnprintf)
                  00006cf0    0000003e                                   : _printfi.c.obj (.text:_fcpy)
                  00006d2e    00000002     --HOLE-- [fill = 0]
                  00006d30    00000038                                   : memory.c.obj (.text:calloc)
                  00006d68    00000038                                   : fs_tod_t2.asm.obj (.text)
                  00006da0    00000034     driverlib.lib : interrupt.obj (.text:IntRegister)
                  00006dd4    00000034     rtsv7M4_T_le_v4SPD16_eabi.lib : boot_cortex_m.c.obj (.text:_c_int00_noargs:_c_int00_noargs)
                  00006e08    00000030                                   : vsnprintf.c.obj (.text:_outs)
                  00006e38    0000002e                                   : i_tofd_t2.asm.obj (.text)
                  00006e66    00000002     --HOLE-- [fill = 0]
                  00006e68    00000028                                   : memory.c.obj (.text:free_list_insert)
                  00006e90    0000001c                                   : copy_zero_init.c.obj (.text:decompress:ZI:__TI_zero_init_nomemset:__TI_zero_init_nomemset)
                  00006eac    0000001c                                   : memory.c.obj (.text:free_list_remove)
                  00006ec8    0000001c                                   : memccpy.c.obj (.text:memccpy)
                  00006ee4    0000001a                                   : s_copysign.c.obj (.text:copysign)
                  00006efe    00000018                                   : vsnprintf.c.obj (.text:_outc)
                  00006f16    00000018                                   : sprintf.c.obj (.text:_outs)
                  00006f2e    00000018     open_interface.obj (.text:oi_parseInt)
                  00006f46    00000018     rtsv7M4_T_le_v4SPD16_eabi.lib : strcmp.c.obj (.text:strcmp)
                  00006f5e    00000016                                   : strchr.c.obj (.text:strchr)
                  00006f74    00000014                                   : strcpy.c.obj (.text:strcpy)
                  00006f88    00000014                                   : strlen.c.obj (.text:strlen)
                  00006f9c    00000012                                   : wcslen.c.obj (.text:wcslen)
                  00006fae    00000010     driverlib.lib : interrupt.obj (.text:IntMasterEnable)
                  00006fbe    00000010     lcd.obj (.text:lcd_clear)
                  00006fce    0000000e     rtsv7M4_T_le_v4SPD16_eabi.lib : copy_decompress_none.c.obj (.text:decompress:none:__TI_decompress_none)
                  00006fdc    0000000c     driverlib.lib : cpu.obj (.text:CPUcpsie)
                  00006fe8    0000000c     tm4c123gh6pm_startup_ccs.obj (.text)
                  00006ff4    0000000a     rtsv7M4_T_le_v4SPD16_eabi.lib : sprintf.c.obj (.text:_outc)
                  00006ffe    00000002     --HOLE-- [fill = 0]
                  00007000    00000008                                   : errno.c.obj (.text:__aeabi_errno_addr)
                  00007008    00000008                                   : memory.c.obj (.text:malloc)
                  00007010    00000004                                   : pre_init.c.obj (.text:_system_pre_init)
                  00007014    00000004                                   : exit.c.obj (.text:abort:abort)

.const     0    00007018    000002a3     
                  00007018    00000158     rtsv7M4_T_le_v4SPD16_eabi.lib : k_rem_pio2.c.obj (.const:$O1$$)
                  00007170    00000101                                   : ctype.c.obj (.const:.string:_ctypes_)
                  00007271    00000004     lcd.obj (.const:.string:lineAddress$1)
                  00007275    00000003     --HOLE-- [fill = 0]
                  00007278    00000030     rtsv7M4_T_le_v4SPD16_eabi.lib : e_pow.c.obj (.const:$O1$$)
                  000072a8    0000000f     open_interface.obj (.const:.string:$P$T0$3)
                  000072b7    00000004     lcd.obj (.const:.string:lineAddresses$2)

.cinit     0    000072c0    00000058     
                  000072c0    0000001f     (.cinit..data.load) [load image, compression = lzss]
                  000072df    00000001     --HOLE-- [fill = 0]
                  000072e0    0000000c     (__TI_handler_table)
                  000072ec    00000004     --HOLE-- [fill = 0]
                  000072f0    00000008     (.cinit..bss.load) [load image, compression = zero_init]
                  000072f8    00000008     (.cinit..vtable.load) [load image, compression = zero_init]
                  00007300    00000018     (__TI_cinit_table)

.init_array 
*          0    00000000    00000000     UNINITIALIZED

.vtable    0    20000000    0000026c     UNINITIALIZED
                  20000000    0000026c     driverlib.lib : interrupt.obj (.vtable)

.stack     0    20000270    00000800     UNINITIALIZED
                  20000270    00000004     rtsv7M4_T_le_v4SPD16_eabi.lib : boot_cortex_m.c.obj (.stack)
                  20000274    000007fc     --HOLE--

.sysmem    0    20000a70    00000404     UNINITIALIZED
                  20000a70    00000010     rtsv7M4_T_le_v4SPD16_eabi.lib : memory.c.obj (.sysmem)
                  20000a80    000003f4     --HOLE--

.bss       0    20000e74    0000007c     UNINITIALIZED
                  20000e74    00000054     lcd.obj (.bss:lastbuffer$3)
                  20000ec8    00000018     open_interface.obj (.bss:firmware$2)
                  20000ee0    00000004     (.common:_timeout_ticks)
                  20000ee4    00000004     (.common:clockwise)
                  20000ee8    00000004     (.common:left_calibration_value)
                  20000eec    00000004     (.common:right_calibration_value)

.data      0    20000ef0    0000004c     UNINITIALIZED
                  20000ef0    00000020     open_interface.obj (.data)
                  20000f10    00000011     ping.obj (.data)
                  20000f21    00000002     uart_extra_help.obj (.data)
                  20000f23    00000001     Timer.obj (.data)
                  20000f24    00000008     rtsv7M4_T_le_v4SPD16_eabi.lib : _lock.c.obj (.data:$O1$$)
                  20000f2c    00000008                                   : memory.c.obj (.data:$O1$$)
                  20000f34    00000004                                   : errno.c.obj (.data)
                  20000f38    00000004     servo.obj (.data)

__llvm_prf_cnts 
*          0    20000000    00000000     UNINITIALIZED

MODULE SUMMARY

       Module                         code    ro data   rw data
       ------                         ----    -------   -------
    .\
       movement.obj                   5148    0         0      
       open_interface.obj             3128    15        56     
       lcd.obj                        824     8         84     
       ping.obj                       804     0         17     
       tm4c123gh6pm_startup_ccs.obj   12      620       0      
       Timer.obj                      584     0         5      
       servo.obj                      560     0         8      
       uart_extra_help.obj            348     0         2      
       adc.obj                        200     0         0      
    +--+------------------------------+-------+---------+---------+
       Total:                         11608   643       172    
                                                               
    ../libcybotScan.lib
       servo.obj                      344     0         0      
       cyBot_Scan.obj                 0       0         8      
    +--+------------------------------+-------+---------+---------+
       Total:                         344     0         8      
                                                               
    C:/ti/TivaWare_C_Series-2.2.0.295/driverlib/ccs/Debug/driverlib.lib
       interrupt.obj                  68      0         620    
       cpu.obj                        12      0         0      
    +--+------------------------------+-------+---------+---------+
       Total:                         80      0         620    
                                                               
    C:\ti\ccs1271\ccs\tools\compiler\ti-cgt-arm_20.2.7.LTS\lib\rtsv7M4_T_le_v4SPD16_eabi.lib
       _printfi.c.obj                 4851    0         0      
       e_pow.c.obj                    2512    48        0      
       k_rem_pio2.c.obj               1848    344       0      
       s_sin.c.obj                    1504    0         0      
       memory.c.obj                   728     0         8      
       fd_add_t2.asm.obj              438     0         0      
       k_sin.c.obj                    372     0         0      
       k_cos.c.obj                    368     0         0      
       e_sqrt.c.obj                   344     0         0      
       fd_div_t2.asm.obj              310     0         0      
       s_scalbn.c.obj                 272     0         0      
       fd_cmp_t2.asm.obj              268     0         0      
       ctype.c.obj                    0       257       0      
       fd_mul_t2.asm.obj              252     0         0      
       s_floor.c.obj                  248     0         0      
       memcpy_t2.asm.obj              156     0         0      
       ull_div_t2.asm.obj             150     0         0      
       vsnprintf.c.obj                136     0         0      
       memset_t2.asm.obj              122     0         0      
       fd_tos_t2.asm.obj              110     0         0      
       copy_decompress_lzss.c.obj     104     0         0      
       s_frexp.c.obj                  100     0         0      
       sprintf.c.obj                  98      0         0      
       _ltoa.c.obj                    84      0         0      
       atoi.c.obj                     76      0         0      
       fd_toi_t2.asm.obj              72      0         0      
       autoinit.c.obj                 68      0         0      
       fd_tou_t2.asm.obj              68      0         0      
       fs_tod_t2.asm.obj              56      0         0      
       boot_cortex_m.c.obj            52      0         0      
       i_tofd_t2.asm.obj              46      0         0      
       copy_zero_init.c.obj           28      0         0      
       memccpy.c.obj                  28      0         0      
       s_copysign.c.obj               26      0         0      
       strcmp.c.obj                   24      0         0      
       strchr.c.obj                   22      0         0      
       strcpy.c.obj                   20      0         0      
       strlen.c.obj                   20      0         0      
       wcslen.c.obj                   18      0         0      
       copy_decompress_none.c.obj     14      0         0      
       errno.c.obj                    8       0         4      
       _lock.c.obj                    2       0         8      
       exit.c.obj                     4       0         0      
       pre_init.c.obj                 4       0         0      
       div0.asm.obj                   2       0         0      
    +--+------------------------------+-------+---------+---------+
       Total:                         16033   649       20     
                                                               
       Heap:                          0       0         1028   
       Stack:                         0       0         2048   
       Linker Generated:              0       83        0      
    +--+------------------------------+-------+---------+---------+
       Grand Total:                   28065   1375      3896   


LINKER GENERATED COPY TABLES

__TI_cinit_table @ 00007300 records: 3, size/record: 8, table size: 24
	.data: load addr=000072c0, load size=0000001f bytes, run addr=20000ef0, run size=0000004c bytes, compression=lzss
	.bss: load addr=000072f0, load size=00000008 bytes, run addr=20000e74, run size=0000007c bytes, compression=zero_init
	.vtable: load addr=000072f8, load size=00000008 bytes, run addr=20000000, run size=0000026c bytes, compression=zero_init


LINKER GENERATED HANDLER TABLE

__TI_handler_table @ 000072e0 records: 3, size/record: 4, table size: 12
	index: 0, handler: __TI_zero_init
	index: 1, handler: __TI_decompress_lzss
	index: 2, handler: __TI_decompress_none


GLOBAL SYMBOLS: SORTED ALPHABETICALLY BY Name 

address   name                          
-------   ----                          
00007015  C$$EXIT                       
00006fdd  CPUcpsie                      
20000f14  END_TIME                      
00001fdf  GPIOF_Handler                 
00006faf  IntMasterEnable               
00006da1  IntRegister                   
00006fe9  ResetISR                      
20000f10  START_TIME                    
20000f18  STATE                         
0000484b  TIMER3B_Handler               
20000a70  __STACK_END                   
00000800  __STACK_SIZE                  
20000470  __STACK_TOP                   
00000404  __SYSMEM_SIZE                 
00007300  __TI_CINIT_Base               
00007318  __TI_CINIT_Limit              
000072e0  __TI_Handler_Table_Base       
000072ec  __TI_Handler_Table_Limit      
00006be9  __TI_auto_init_nobinit_nopinit
0000698d  __TI_decompress_lzss          
00006fcf  __TI_decompress_none          
00006aaf  __TI_ltoa                     
ffffffff  __TI_pprof_out_hndl           
000022a9  __TI_printfi                  
ffffffff  __TI_prof_data_size           
ffffffff  __TI_prof_data_start          
00000000  __TI_static_base__            
00006e91  __TI_zero_init_nomemset       
000066b9  __aeabi_cdcmpeq               
000066b9  __aeabi_cdcmple               
0000673f  __aeabi_cdrcmple              
0000691f  __aeabi_d2f                   
00006ba1  __aeabi_d2iz                  
00006c2d  __aeabi_d2uiz                 
000052ef  __aeabi_dadd                  
00005cc9  __aeabi_ddiv                  
00006135  __aeabi_dmul                  
000052e5  __aeabi_dsub                  
00007001  __aeabi_errno_addr            
00006d69  __aeabi_f2d                   
00006e39  __aeabi_i2d                   
0000549b  __aeabi_idiv0                 
0000549b  __aeabi_ldiv0                 
000067c5  __aeabi_memclr                
000067c5  __aeabi_memclr4               
000067c5  __aeabi_memclr8               
00006587  __aeabi_memcpy                
00006587  __aeabi_memcpy4               
00006587  __aeabi_memcpy8               
000067c7  __aeabi_memset                
000067c7  __aeabi_memset4               
000067c7  __aeabi_memset8               
00006623  __aeabi_uldivmod              
ffffffff  __binit__                     
ffffffff  __c_args__                    
00005611  __kernel_cos                  
000036c9  __kernel_rem_pio2             
0000549d  __kernel_sin                  
UNDEFED   __mpu_init                    
20000270  __stack                       
20000000  __start___llvm_prf_cnts       
20000000  __stop___llvm_prf_cnts        
00006dd5  _c_int00_noargs               
00007170  _ctypes_                      
20000f24  _lock                         
00002cf7  _nop                          
20000f23  _running                      
20000a70  _sys_memory                   
UNDEFED   _system_post_cinit            
00007011  _system_pre_init              
20000ee0  _timeout_ticks                
20000f28  _unlock                       
00007015  abort                         
0000640d  adc_init                      
00006475  adc_read                      
00006035  aligned_alloc                 
00006b55  atoi                          
ffffffff  binit                         
00004fe1  button_Handler                
00006d31  calloc                        
20000ee4  clockwise                     
00006ee5  copysign                      
00006ee5  copysignl                     
20000f1c  count                         
20000f38  degree                        
20000f34  errno                         
000007f1  est_distance                  
20000f21  flag                          
00006231  floor                         
00006231  floorl                        
00006329  free                          
000069f5  frexp                         
000069f5  frexpl                        
20000000  g_pfnRAMVectors               
00000000  g_pfnVectors                  
00001d9b  go_charge                     
00000425  hasBumpedLeft                 
0000043f  hasBumpedRight                
20000f20  intflag                       
00006fbf  lcd_clear                     
000045b5  lcd_gotoLine                  
0000441d  lcd_init                      
0000461b  lcd_printf                    
000044dd  lcd_putc                      
00004515  lcd_puts                      
000043e1  lcd_reverseNibble             
00004533  lcd_sendCommand               
00004571  lcd_sendNibble                
000045dd  lcd_setCursorPos              
00005f25  ldexp                         
00005f25  ldexpl                        
20000ee8  left_calibration_value        
000008a1  main                          
00007009  malloc                        
00006035  memalign                      
00006ec9  memccpy                       
00006587  memcpy                        
000067cd  memset                        
20000ef0  motor_cal_factor_L            
20000ef4  motor_cal_factor_R            
0000026d  move_backward                 
00000667  move_backwards                
0000057d  move_forward                  
00000459  move_forward_go_around        
00000375  move_until_bump               
00001689  oi_alloc                      
00001ec5  oi_checkFirmware              
000016e3  oi_close                      
00001695  oi_free                       
00002209  oi_getMotorCalibrationLeft    
0000221d  oi_getMotorCalibrationRight   
000016cd  oi_init                       
000016a5  oi_init_noupdate              
00001d31  oi_loadSong                   
00006f2f  oi_parseInt                   
00001747  oi_parsePacket                
00001d87  oi_play_song                  
00001c67  oi_setLeds                    
000021cd  oi_setMotorCalibration        
00001cab  oi_setWheels                  
00001f6d  oi_shutoff_init               
00001da9  oi_uartInit                   
00001e4d  oi_uartReceive                
00001e93  oi_uartSendBuff               
00001e31  oi_uartSendChar               
00001e75  oi_uartSendStr                
000016f5  oi_update                     
0000488b  ping_getDistance              
00004709  ping_init                     
000047bf  ping_trigger                  
00002cf9  pow                           
00002cf9  powl                          
20000eec  right_calibration_value       
00005f25  scalbn                        
00005f25  scalbnl                       
000007a1  sendString                    
000058dd  servo_init                    
00004ee5  servo_initc                   
0000596d  servo_move                    
00004f91  servo_movec                   
000059cd  servo_setPWM                  
00005961  servo_stop                    
00003e01  sin                           
00003e01  sinl                          
00006c71  sprintf                       
00005a35  sqrt                          
00005a35  sqrtl                         
00006f5f  strchr                        
00006f47  strcmp                        
00006f75  strcpy                        
00006f89  strlen                        
00004dbb  timer_getMicros               
00004d63  timer_getMillis               
00004c9d  timer_init                    
00004d3f  timer_pause                   
00004d51  timer_resume                  
00004d15  timer_stop                    
00004e15  timer_waitMicros              
00004e47  timer_waitMillis              
000007d1  toRadians                     
0000072d  turn_cclockwise               
000006c9  turn_clockwise                
000002e7  turn_counterclockwise         
20000f22  uart_data                     
00005781  uart_init                     
00005861  uart_interrupt_handler        
00005841  uart_interrupt_init           
0000582d  uart_receive                  
000057f3  uart_sendChar                 
0000580f  uart_sendString               
00006cb1  vsnprintf                     
00006f9d  wcslen                        


GLOBAL SYMBOLS: SORTED BY Symbol Address 

address   name                          
-------   ----                          
00000000  __TI_static_base__            
00000000  g_pfnVectors                  
0000026d  move_backward                 
000002e7  turn_counterclockwise         
00000375  move_until_bump               
00000404  __SYSMEM_SIZE                 
00000425  hasBumpedLeft                 
0000043f  hasBumpedRight                
00000459  move_forward_go_around        
0000057d  move_forward                  
00000667  move_backwards                
000006c9  turn_clockwise                
0000072d  turn_cclockwise               
000007a1  sendString                    
000007d1  toRadians                     
000007f1  est_distance                  
00000800  __STACK_SIZE                  
000008a1  main                          
00001689  oi_alloc                      
00001695  oi_free                       
000016a5  oi_init_noupdate              
000016cd  oi_init                       
000016e3  oi_close                      
000016f5  oi_update                     
00001747  oi_parsePacket                
00001c67  oi_setLeds                    
00001cab  oi_setWheels                  
00001d31  oi_loadSong                   
00001d87  oi_play_song                  
00001d9b  go_charge                     
00001da9  oi_uartInit                   
00001e31  oi_uartSendChar               
00001e4d  oi_uartReceive                
00001e75  oi_uartSendStr                
00001e93  oi_uartSendBuff               
00001ec5  oi_checkFirmware              
00001f6d  oi_shutoff_init               
00001fdf  GPIOF_Handler                 
000021cd  oi_setMotorCalibration        
00002209  oi_getMotorCalibrationLeft    
0000221d  oi_getMotorCalibrationRight   
000022a9  __TI_printfi                  
00002cf7  _nop                          
00002cf9  pow                           
00002cf9  powl                          
000036c9  __kernel_rem_pio2             
00003e01  sin                           
00003e01  sinl                          
000043e1  lcd_reverseNibble             
0000441d  lcd_init                      
000044dd  lcd_putc                      
00004515  lcd_puts                      
00004533  lcd_sendCommand               
00004571  lcd_sendNibble                
000045b5  lcd_gotoLine                  
000045dd  lcd_setCursorPos              
0000461b  lcd_printf                    
00004709  ping_init                     
000047bf  ping_trigger                  
0000484b  TIMER3B_Handler               
0000488b  ping_getDistance              
00004c9d  timer_init                    
00004d15  timer_stop                    
00004d3f  timer_pause                   
00004d51  timer_resume                  
00004d63  timer_getMillis               
00004dbb  timer_getMicros               
00004e15  timer_waitMicros              
00004e47  timer_waitMillis              
00004ee5  servo_initc                   
00004f91  servo_movec                   
00004fe1  button_Handler                
000052e5  __aeabi_dsub                  
000052ef  __aeabi_dadd                  
0000549b  __aeabi_idiv0                 
0000549b  __aeabi_ldiv0                 
0000549d  __kernel_sin                  
00005611  __kernel_cos                  
00005781  uart_init                     
000057f3  uart_sendChar                 
0000580f  uart_sendString               
0000582d  uart_receive                  
00005841  uart_interrupt_init           
00005861  uart_interrupt_handler        
000058dd  servo_init                    
00005961  servo_stop                    
0000596d  servo_move                    
000059cd  servo_setPWM                  
00005a35  sqrt                          
00005a35  sqrtl                         
00005cc9  __aeabi_ddiv                  
00005f25  ldexp                         
00005f25  ldexpl                        
00005f25  scalbn                        
00005f25  scalbnl                       
00006035  aligned_alloc                 
00006035  memalign                      
00006135  __aeabi_dmul                  
00006231  floor                         
00006231  floorl                        
00006329  free                          
0000640d  adc_init                      
00006475  adc_read                      
00006587  __aeabi_memcpy                
00006587  __aeabi_memcpy4               
00006587  __aeabi_memcpy8               
00006587  memcpy                        
00006623  __aeabi_uldivmod              
000066b9  __aeabi_cdcmpeq               
000066b9  __aeabi_cdcmple               
0000673f  __aeabi_cdrcmple              
000067c5  __aeabi_memclr                
000067c5  __aeabi_memclr4               
000067c5  __aeabi_memclr8               
000067c7  __aeabi_memset                
000067c7  __aeabi_memset4               
000067c7  __aeabi_memset8               
000067cd  memset                        
0000691f  __aeabi_d2f                   
0000698d  __TI_decompress_lzss          
000069f5  frexp                         
000069f5  frexpl                        
00006aaf  __TI_ltoa                     
00006b55  atoi                          
00006ba1  __aeabi_d2iz                  
00006be9  __TI_auto_init_nobinit_nopinit
00006c2d  __aeabi_d2uiz                 
00006c71  sprintf                       
00006cb1  vsnprintf                     
00006d31  calloc                        
00006d69  __aeabi_f2d                   
00006da1  IntRegister                   
00006dd5  _c_int00_noargs               
00006e39  __aeabi_i2d                   
00006e91  __TI_zero_init_nomemset       
00006ec9  memccpy                       
00006ee5  copysign                      
00006ee5  copysignl                     
00006f2f  oi_parseInt                   
00006f47  strcmp                        
00006f5f  strchr                        
00006f75  strcpy                        
00006f89  strlen                        
00006f9d  wcslen                        
00006faf  IntMasterEnable               
00006fbf  lcd_clear                     
00006fcf  __TI_decompress_none          
00006fdd  CPUcpsie                      
00006fe9  ResetISR                      
00007001  __aeabi_errno_addr            
00007009  malloc                        
00007011  _system_pre_init              
00007015  C$$EXIT                       
00007015  abort                         
00007170  _ctypes_                      
000072e0  __TI_Handler_Table_Base       
000072ec  __TI_Handler_Table_Limit      
00007300  __TI_CINIT_Base               
00007318  __TI_CINIT_Limit              
20000000  __start___llvm_prf_cnts       
20000000  __stop___llvm_prf_cnts        
20000000  g_pfnRAMVectors               
20000270  __stack                       
20000470  __STACK_TOP                   
20000a70  __STACK_END                   
20000a70  _sys_memory                   
20000ee0  _timeout_ticks                
20000ee4  clockwise                     
20000ee8  left_calibration_value        
20000eec  right_calibration_value       
20000ef0  motor_cal_factor_L            
20000ef4  motor_cal_factor_R            
20000f10  START_TIME                    
20000f14  END_TIME                      
20000f18  STATE                         
20000f1c  count                         
20000f20  intflag                       
20000f21  flag                          
20000f22  uart_data                     
20000f23  _running                      
20000f24  _lock                         
20000f28  _unlock                       
20000f34  errno                         
20000f38  degree                        
ffffffff  __TI_pprof_out_hndl           
ffffffff  __TI_prof_data_size           
ffffffff  __TI_prof_data_start          
ffffffff  __binit__                     
ffffffff  __c_args__                    
ffffffff  binit                         
UNDEFED   __mpu_init                    
UNDEFED   _system_post_cinit            

[192 symbols]
