<?xml version="1.0" encoding="ISO-8859-1" ?>
<link_info>
   <banner>TI ARM Linker PC v20.2.7.LTS</banner>
   <copyright>Copyright (c) 1996-2018 Texas Instruments Incorporated</copyright>
   <link_time>0x67217933</link_time>
   <link_errors>0x0</link_errors>
   <output_file>lab_eight.out</output_file>
   <entry_point>
      <name>_c_int00_noargs</name>
      <address>0x6dd5</address>
   </entry_point>
   <input_file_list>
      <input_file id="fl-2">
         <path>.\</path>
         <kind>object</kind>
         <file>Timer.obj</file>
         <name>Timer.obj</name>
      </input_file>
      <input_file id="fl-3">
         <path>.\</path>
         <kind>object</kind>
         <file>adc.obj</file>
         <name>adc.obj</name>
      </input_file>
      <input_file id="fl-4">
         <path>.\</path>
         <kind>object</kind>
         <file>button.obj</file>
         <name>button.obj</name>
      </input_file>
      <input_file id="fl-5">
         <path>.\</path>
         <kind>object</kind>
         <file>lcd.obj</file>
         <name>lcd.obj</name>
      </input_file>
      <input_file id="fl-6">
         <path>.\</path>
         <kind>object</kind>
         <file>movement.obj</file>
         <name>movement.obj</name>
      </input_file>
      <input_file id="fl-7">
         <path>.\</path>
         <kind>object</kind>
         <file>open_interface.obj</file>
         <name>open_interface.obj</name>
      </input_file>
      <input_file id="fl-8">
         <path>.\</path>
         <kind>object</kind>
         <file>ping.obj</file>
         <name>ping.obj</name>
      </input_file>
      <input_file id="fl-9">
         <path>.\</path>
         <kind>object</kind>
         <file>servo.obj</file>
         <name>servo.obj</name>
      </input_file>
      <input_file id="fl-a">
         <path>.\</path>
         <kind>object</kind>
         <file>tm4c123gh6pm_startup_ccs.obj</file>
         <name>tm4c123gh6pm_startup_ccs.obj</name>
      </input_file>
      <input_file id="fl-b">
         <path>.\</path>
         <kind>object</kind>
         <file>uart_extra_help.obj</file>
         <name>uart_extra_help.obj</name>
      </input_file>
      <input_file id="fl-12">
         <kind>object</kind>
         <file>&lt;internal&gt;</file>
         <name>&lt;internal&gt;</name>
      </input_file>
      <input_file id="fl-13">
         <path>..\</path>
         <kind>archive</kind>
         <file>libcybotScan.lib</file>
         <name>servo.obj</name>
      </input_file>
      <input_file id="fl-14">
         <path>..\</path>
         <kind>archive</kind>
         <file>libcybotScan.lib</file>
         <name>cyBot_Scan.obj</name>
      </input_file>
      <input_file id="fl-15">
         <path>..\</path>
         <kind>archive</kind>
         <file>libcybotScan.lib</file>
         <name>ir.obj</name>
      </input_file>
      <input_file id="fl-cb">
         <path>C:\ti\ccs1271\ccs\tools\compiler\ti-cgt-arm_20.2.7.LTS\lib\</path>
         <kind>archive</kind>
         <file>rtsv7M4_T_le_v4SPD16_eabi.lib</file>
         <name>e_pow.c.obj</name>
      </input_file>
      <input_file id="fl-cc">
         <path>C:\ti\ccs1271\ccs\tools\compiler\ti-cgt-arm_20.2.7.LTS\lib\</path>
         <kind>archive</kind>
         <file>rtsv7M4_T_le_v4SPD16_eabi.lib</file>
         <name>e_sqrt.c.obj</name>
      </input_file>
      <input_file id="fl-cd">
         <path>C:\ti\ccs1271\ccs\tools\compiler\ti-cgt-arm_20.2.7.LTS\lib\</path>
         <kind>archive</kind>
         <file>rtsv7M4_T_le_v4SPD16_eabi.lib</file>
         <name>s_scalbn.c.obj</name>
      </input_file>
      <input_file id="fl-ce">
         <path>C:\ti\ccs1271\ccs\tools\compiler\ti-cgt-arm_20.2.7.LTS\lib\</path>
         <kind>archive</kind>
         <file>rtsv7M4_T_le_v4SPD16_eabi.lib</file>
         <name>s_sin.c.obj</name>
      </input_file>
      <input_file id="fl-cf">
         <path>C:\ti\ccs1271\ccs\tools\compiler\ti-cgt-arm_20.2.7.LTS\lib\</path>
         <kind>archive</kind>
         <file>rtsv7M4_T_le_v4SPD16_eabi.lib</file>
         <name>sprintf.c.obj</name>
      </input_file>
      <input_file id="fl-d0">
         <path>C:\ti\ccs1271\ccs\tools\compiler\ti-cgt-arm_20.2.7.LTS\lib\</path>
         <kind>archive</kind>
         <file>rtsv7M4_T_le_v4SPD16_eabi.lib</file>
         <name>vsnprintf.c.obj</name>
      </input_file>
      <input_file id="fl-d1">
         <path>C:\ti\ccs1271\ccs\tools\compiler\ti-cgt-arm_20.2.7.LTS\lib\</path>
         <kind>archive</kind>
         <file>rtsv7M4_T_le_v4SPD16_eabi.lib</file>
         <name>fd_add_t2.asm.obj</name>
      </input_file>
      <input_file id="fl-d2">
         <path>C:\ti\ccs1271\ccs\tools\compiler\ti-cgt-arm_20.2.7.LTS\lib\</path>
         <kind>archive</kind>
         <file>rtsv7M4_T_le_v4SPD16_eabi.lib</file>
         <name>fd_cmp_t2.asm.obj</name>
      </input_file>
      <input_file id="fl-d3">
         <path>C:\ti\ccs1271\ccs\tools\compiler\ti-cgt-arm_20.2.7.LTS\lib\</path>
         <kind>archive</kind>
         <file>rtsv7M4_T_le_v4SPD16_eabi.lib</file>
         <name>fd_div_t2.asm.obj</name>
      </input_file>
      <input_file id="fl-d4">
         <path>C:\ti\ccs1271\ccs\tools\compiler\ti-cgt-arm_20.2.7.LTS\lib\</path>
         <kind>archive</kind>
         <file>rtsv7M4_T_le_v4SPD16_eabi.lib</file>
         <name>fd_mul_t2.asm.obj</name>
      </input_file>
      <input_file id="fl-d5">
         <path>C:\ti\ccs1271\ccs\tools\compiler\ti-cgt-arm_20.2.7.LTS\lib\</path>
         <kind>archive</kind>
         <file>rtsv7M4_T_le_v4SPD16_eabi.lib</file>
         <name>fd_toi_t2.asm.obj</name>
      </input_file>
      <input_file id="fl-d6">
         <path>C:\ti\ccs1271\ccs\tools\compiler\ti-cgt-arm_20.2.7.LTS\lib\</path>
         <kind>archive</kind>
         <file>rtsv7M4_T_le_v4SPD16_eabi.lib</file>
         <name>fd_tos_t2.asm.obj</name>
      </input_file>
      <input_file id="fl-d7">
         <path>C:\ti\ccs1271\ccs\tools\compiler\ti-cgt-arm_20.2.7.LTS\lib\</path>
         <kind>archive</kind>
         <file>rtsv7M4_T_le_v4SPD16_eabi.lib</file>
         <name>fd_tou_t2.asm.obj</name>
      </input_file>
      <input_file id="fl-d8">
         <path>C:\ti\ccs1271\ccs\tools\compiler\ti-cgt-arm_20.2.7.LTS\lib\</path>
         <kind>archive</kind>
         <file>rtsv7M4_T_le_v4SPD16_eabi.lib</file>
         <name>fs_tod_t2.asm.obj</name>
      </input_file>
      <input_file id="fl-d9">
         <path>C:\ti\ccs1271\ccs\tools\compiler\ti-cgt-arm_20.2.7.LTS\lib\</path>
         <kind>archive</kind>
         <file>rtsv7M4_T_le_v4SPD16_eabi.lib</file>
         <name>i_tofd_t2.asm.obj</name>
      </input_file>
      <input_file id="fl-da">
         <path>C:\ti\ccs1271\ccs\tools\compiler\ti-cgt-arm_20.2.7.LTS\lib\</path>
         <kind>archive</kind>
         <file>rtsv7M4_T_le_v4SPD16_eabi.lib</file>
         <name>memcpy_t2.asm.obj</name>
      </input_file>
      <input_file id="fl-db">
         <path>C:\ti\ccs1271\ccs\tools\compiler\ti-cgt-arm_20.2.7.LTS\lib\</path>
         <kind>archive</kind>
         <file>rtsv7M4_T_le_v4SPD16_eabi.lib</file>
         <name>copy_zero_init.c.obj</name>
      </input_file>
      <input_file id="fl-dc">
         <path>C:\ti\ccs1271\ccs\tools\compiler\ti-cgt-arm_20.2.7.LTS\lib\</path>
         <kind>archive</kind>
         <file>rtsv7M4_T_le_v4SPD16_eabi.lib</file>
         <name>copy_decompress_none.c.obj</name>
      </input_file>
      <input_file id="fl-dd">
         <path>C:\ti\ccs1271\ccs\tools\compiler\ti-cgt-arm_20.2.7.LTS\lib\</path>
         <kind>archive</kind>
         <file>rtsv7M4_T_le_v4SPD16_eabi.lib</file>
         <name>copy_decompress_lzss.c.obj</name>
      </input_file>
      <input_file id="fl-de">
         <path>C:\ti\ccs1271\ccs\tools\compiler\ti-cgt-arm_20.2.7.LTS\lib\</path>
         <kind>archive</kind>
         <file>rtsv7M4_T_le_v4SPD16_eabi.lib</file>
         <name>memory.c.obj</name>
      </input_file>
      <input_file id="fl-df">
         <path>C:\ti\ccs1271\ccs\tools\compiler\ti-cgt-arm_20.2.7.LTS\lib\</path>
         <kind>archive</kind>
         <file>rtsv7M4_T_le_v4SPD16_eabi.lib</file>
         <name>strcmp.c.obj</name>
      </input_file>
      <input_file id="fl-e0">
         <path>C:\ti\ccs1271\ccs\tools\compiler\ti-cgt-arm_20.2.7.LTS\lib\</path>
         <kind>archive</kind>
         <file>rtsv7M4_T_le_v4SPD16_eabi.lib</file>
         <name>strcpy.c.obj</name>
      </input_file>
      <input_file id="fl-e1">
         <path>C:\ti\ccs1271\ccs\tools\compiler\ti-cgt-arm_20.2.7.LTS\lib\</path>
         <kind>archive</kind>
         <file>rtsv7M4_T_le_v4SPD16_eabi.lib</file>
         <name>k_rem_pio2.c.obj</name>
      </input_file>
      <input_file id="fl-e2">
         <path>C:\ti\ccs1271\ccs\tools\compiler\ti-cgt-arm_20.2.7.LTS\lib\</path>
         <kind>archive</kind>
         <file>rtsv7M4_T_le_v4SPD16_eabi.lib</file>
         <name>boot_cortex_m.c.obj</name>
      </input_file>
      <input_file id="fl-e3">
         <path>C:\ti\ccs1271\ccs\tools\compiler\ti-cgt-arm_20.2.7.LTS\lib\</path>
         <kind>archive</kind>
         <file>rtsv7M4_T_le_v4SPD16_eabi.lib</file>
         <name>errno.c.obj</name>
      </input_file>
      <input_file id="fl-e4">
         <path>C:\ti\ccs1271\ccs\tools\compiler\ti-cgt-arm_20.2.7.LTS\lib\</path>
         <kind>archive</kind>
         <file>rtsv7M4_T_le_v4SPD16_eabi.lib</file>
         <name>s_copysign.c.obj</name>
      </input_file>
      <input_file id="fl-e5">
         <path>C:\ti\ccs1271\ccs\tools\compiler\ti-cgt-arm_20.2.7.LTS\lib\</path>
         <kind>archive</kind>
         <file>rtsv7M4_T_le_v4SPD16_eabi.lib</file>
         <name>k_cos.c.obj</name>
      </input_file>
      <input_file id="fl-e6">
         <path>C:\ti\ccs1271\ccs\tools\compiler\ti-cgt-arm_20.2.7.LTS\lib\</path>
         <kind>archive</kind>
         <file>rtsv7M4_T_le_v4SPD16_eabi.lib</file>
         <name>k_sin.c.obj</name>
      </input_file>
      <input_file id="fl-e7">
         <path>C:\ti\ccs1271\ccs\tools\compiler\ti-cgt-arm_20.2.7.LTS\lib\</path>
         <kind>archive</kind>
         <file>rtsv7M4_T_le_v4SPD16_eabi.lib</file>
         <name>s_floor.c.obj</name>
      </input_file>
      <input_file id="fl-e8">
         <path>C:\ti\ccs1271\ccs\tools\compiler\ti-cgt-arm_20.2.7.LTS\lib\</path>
         <kind>archive</kind>
         <file>rtsv7M4_T_le_v4SPD16_eabi.lib</file>
         <name>_printfi.c.obj</name>
      </input_file>
      <input_file id="fl-e9">
         <path>C:\ti\ccs1271\ccs\tools\compiler\ti-cgt-arm_20.2.7.LTS\lib\</path>
         <kind>archive</kind>
         <file>rtsv7M4_T_le_v4SPD16_eabi.lib</file>
         <name>memset_t2.asm.obj</name>
      </input_file>
      <input_file id="fl-ea">
         <path>C:\ti\ccs1271\ccs\tools\compiler\ti-cgt-arm_20.2.7.LTS\lib\</path>
         <kind>archive</kind>
         <file>rtsv7M4_T_le_v4SPD16_eabi.lib</file>
         <name>ull_div_t2.asm.obj</name>
      </input_file>
      <input_file id="fl-eb">
         <path>C:\ti\ccs1271\ccs\tools\compiler\ti-cgt-arm_20.2.7.LTS\lib\</path>
         <kind>archive</kind>
         <file>rtsv7M4_T_le_v4SPD16_eabi.lib</file>
         <name>autoinit.c.obj</name>
      </input_file>
      <input_file id="fl-ec">
         <path>C:\ti\ccs1271\ccs\tools\compiler\ti-cgt-arm_20.2.7.LTS\lib\</path>
         <kind>archive</kind>
         <file>rtsv7M4_T_le_v4SPD16_eabi.lib</file>
         <name>pre_init.c.obj</name>
      </input_file>
      <input_file id="fl-ed">
         <path>C:\ti\ccs1271\ccs\tools\compiler\ti-cgt-arm_20.2.7.LTS\lib\</path>
         <kind>archive</kind>
         <file>rtsv7M4_T_le_v4SPD16_eabi.lib</file>
         <name>cpy_tbl.c.obj</name>
      </input_file>
      <input_file id="fl-ee">
         <path>C:\ti\ccs1271\ccs\tools\compiler\ti-cgt-arm_20.2.7.LTS\lib\</path>
         <kind>archive</kind>
         <file>rtsv7M4_T_le_v4SPD16_eabi.lib</file>
         <name>exit.c.obj</name>
      </input_file>
      <input_file id="fl-ef">
         <path>C:\ti\ccs1271\ccs\tools\compiler\ti-cgt-arm_20.2.7.LTS\lib\</path>
         <kind>archive</kind>
         <file>rtsv7M4_T_le_v4SPD16_eabi.lib</file>
         <name>_lock.c.obj</name>
      </input_file>
      <input_file id="fl-f0">
         <path>C:\ti\ccs1271\ccs\tools\compiler\ti-cgt-arm_20.2.7.LTS\lib\</path>
         <kind>archive</kind>
         <file>rtsv7M4_T_le_v4SPD16_eabi.lib</file>
         <name>_ltoa.c.obj</name>
      </input_file>
      <input_file id="fl-f1">
         <path>C:\ti\ccs1271\ccs\tools\compiler\ti-cgt-arm_20.2.7.LTS\lib\</path>
         <kind>archive</kind>
         <file>rtsv7M4_T_le_v4SPD16_eabi.lib</file>
         <name>args_main.c.obj</name>
      </input_file>
      <input_file id="fl-f2">
         <path>C:\ti\ccs1271\ccs\tools\compiler\ti-cgt-arm_20.2.7.LTS\lib\</path>
         <kind>archive</kind>
         <file>rtsv7M4_T_le_v4SPD16_eabi.lib</file>
         <name>atoi.c.obj</name>
      </input_file>
      <input_file id="fl-f3">
         <path>C:\ti\ccs1271\ccs\tools\compiler\ti-cgt-arm_20.2.7.LTS\lib\</path>
         <kind>archive</kind>
         <file>rtsv7M4_T_le_v4SPD16_eabi.lib</file>
         <name>ctype.c.obj</name>
      </input_file>
      <input_file id="fl-f4">
         <path>C:\ti\ccs1271\ccs\tools\compiler\ti-cgt-arm_20.2.7.LTS\lib\</path>
         <kind>archive</kind>
         <file>rtsv7M4_T_le_v4SPD16_eabi.lib</file>
         <name>memccpy.c.obj</name>
      </input_file>
      <input_file id="fl-f5">
         <path>C:\ti\ccs1271\ccs\tools\compiler\ti-cgt-arm_20.2.7.LTS\lib\</path>
         <kind>archive</kind>
         <file>rtsv7M4_T_le_v4SPD16_eabi.lib</file>
         <name>strchr.c.obj</name>
      </input_file>
      <input_file id="fl-f6">
         <path>C:\ti\ccs1271\ccs\tools\compiler\ti-cgt-arm_20.2.7.LTS\lib\</path>
         <kind>archive</kind>
         <file>rtsv7M4_T_le_v4SPD16_eabi.lib</file>
         <name>strlen.c.obj</name>
      </input_file>
      <input_file id="fl-f7">
         <path>C:\ti\ccs1271\ccs\tools\compiler\ti-cgt-arm_20.2.7.LTS\lib\</path>
         <kind>archive</kind>
         <file>rtsv7M4_T_le_v4SPD16_eabi.lib</file>
         <name>wcslen.c.obj</name>
      </input_file>
      <input_file id="fl-f8">
         <path>C:\ti\ccs1271\ccs\tools\compiler\ti-cgt-arm_20.2.7.LTS\lib\</path>
         <kind>archive</kind>
         <file>rtsv7M4_T_le_v4SPD16_eabi.lib</file>
         <name>s_frexp.c.obj</name>
      </input_file>
      <input_file id="fl-f9">
         <path>C:\ti\ccs1271\ccs\tools\compiler\ti-cgt-arm_20.2.7.LTS\lib\</path>
         <kind>archive</kind>
         <file>rtsv7M4_T_le_v4SPD16_eabi.lib</file>
         <name>div0.asm.obj</name>
      </input_file>
      <input_file id="fl-fa">
         <path>C:\ti\TivaWare_C_Series-2.2.0.295\driverlib\ccs\Debug\</path>
         <kind>archive</kind>
         <file>driverlib.lib</file>
         <name>interrupt.obj</name>
      </input_file>
      <input_file id="fl-fb">
         <path>C:\ti\TivaWare_C_Series-2.2.0.295\driverlib\ccs\Debug\</path>
         <kind>archive</kind>
         <file>driverlib.lib</file>
         <name>cpu.obj</name>
      </input_file>
   </input_file_list>
   <object_component_list>
      <object_component id="oc-12">
         <name>.intvecs</name>
         <load_address>0x0</load_address>
         <run_address>0x0</run_address>
         <size>0x26c</size>
         <input_file_ref idref="fl-a"/>
      </object_component>
      <object_component id="oc-a2">
         <name>.text</name>
         <load_address>0x26c</load_address>
         <run_address>0x26c</run_address>
         <size>0x141c</size>
         <input_file_ref idref="fl-6"/>
      </object_component>
      <object_component id="oc-d7">
         <name>.text</name>
         <load_address>0x1688</load_address>
         <run_address>0x1688</run_address>
         <size>0xc20</size>
         <input_file_ref idref="fl-7"/>
      </object_component>
      <object_component id="oc-21f">
         <name>.text:__TI_printfi</name>
         <load_address>0x22a8</load_address>
         <run_address>0x22a8</run_address>
         <size>0xa4e</size>
         <input_file_ref idref="fl-e8"/>
      </object_component>
      <object_component id="oc-34b">
         <name>.text:_nop</name>
         <load_address>0x2cf6</load_address>
         <run_address>0x2cf6</run_address>
         <size>0x2</size>
         <input_file_ref idref="fl-ef"/>
      </object_component>
      <object_component id="oc-10e">
         <name>.text:pow</name>
         <load_address>0x2cf8</load_address>
         <run_address>0x2cf8</run_address>
         <size>0x9d0</size>
         <input_file_ref idref="fl-cb"/>
      </object_component>
      <object_component id="oc-23a">
         <name>.text:__kernel_rem_pio2</name>
         <load_address>0x36c8</load_address>
         <run_address>0x36c8</run_address>
         <size>0x738</size>
         <input_file_ref idref="fl-e1"/>
      </object_component>
      <object_component id="oc-144">
         <name>.text:sin</name>
         <load_address>0x3e00</load_address>
         <run_address>0x3e00</run_address>
         <size>0x5e0</size>
         <input_file_ref idref="fl-ce"/>
      </object_component>
      <object_component id="oc-11a">
         <name>.text</name>
         <load_address>0x43e0</load_address>
         <run_address>0x43e0</run_address>
         <size>0x328</size>
         <input_file_ref idref="fl-5"/>
      </object_component>
      <object_component id="oc-12c">
         <name>.text</name>
         <load_address>0x4708</load_address>
         <run_address>0x4708</run_address>
         <size>0x324</size>
         <input_file_ref idref="fl-8"/>
      </object_component>
      <object_component id="oc-314">
         <name>.text:_pconv_a</name>
         <load_address>0x4a2c</load_address>
         <run_address>0x4a2c</run_address>
         <size>0x270</size>
         <input_file_ref idref="fl-e8"/>
      </object_component>
      <object_component id="oc-114">
         <name>.text</name>
         <load_address>0x4c9c</load_address>
         <run_address>0x4c9c</run_address>
         <size>0x248</size>
         <input_file_ref idref="fl-2"/>
      </object_component>
      <object_component id="oc-126">
         <name>.text</name>
         <load_address>0x4ee4</load_address>
         <run_address>0x4ee4</run_address>
         <size>0x230</size>
         <input_file_ref idref="fl-9"/>
      </object_component>
      <object_component id="oc-302">
         <name>.text:_pconv_g</name>
         <load_address>0x5114</load_address>
         <run_address>0x5114</run_address>
         <size>0x1d0</size>
         <input_file_ref idref="fl-e8"/>
      </object_component>
      <object_component id="oc-dd">
         <name>.text</name>
         <load_address>0x52e4</load_address>
         <run_address>0x52e4</run_address>
         <size>0x1b6</size>
         <input_file_ref idref="fl-d1"/>
      </object_component>
      <object_component id="oc-423">
         <name>.text</name>
         <load_address>0x549a</load_address>
         <run_address>0x549a</run_address>
         <size>0x2</size>
         <input_file_ref idref="fl-f9"/>
      </object_component>
      <object_component id="oc-234">
         <name>.text:__kernel_sin</name>
         <load_address>0x549c</load_address>
         <run_address>0x549c</run_address>
         <size>0x174</size>
         <input_file_ref idref="fl-e6"/>
      </object_component>
      <object_component id="oc-240">
         <name>.text:__kernel_cos</name>
         <load_address>0x5610</load_address>
         <run_address>0x5610</run_address>
         <size>0x170</size>
         <input_file_ref idref="fl-e5"/>
      </object_component>
      <object_component id="oc-f6">
         <name>.text</name>
         <load_address>0x5780</load_address>
         <run_address>0x5780</run_address>
         <size>0x15c</size>
         <input_file_ref idref="fl-b"/>
      </object_component>
      <object_component id="oc-20e">
         <name>.text</name>
         <load_address>0x58dc</load_address>
         <run_address>0x58dc</run_address>
         <size>0x158</size>
         <input_file_ref idref="fl-13"/>
      </object_component>
      <object_component id="oc-1d5">
         <name>.text:sqrt</name>
         <load_address>0x5a34</load_address>
         <run_address>0x5a34</run_address>
         <size>0x158</size>
         <input_file_ref idref="fl-cc"/>
      </object_component>
      <object_component id="oc-30e">
         <name>.text:_pconv_e</name>
         <load_address>0x5b8c</load_address>
         <run_address>0x5b8c</run_address>
         <size>0x13c</size>
         <input_file_ref idref="fl-e8"/>
      </object_component>
      <object_component id="oc-f1">
         <name>.text</name>
         <load_address>0x5cc8</load_address>
         <run_address>0x5cc8</run_address>
         <size>0x136</size>
         <input_file_ref idref="fl-d3"/>
      </object_component>
      <object_component id="oc-3c8">
         <name>.text:fcvt</name>
         <load_address>0x5e00</load_address>
         <run_address>0x5e00</run_address>
         <size>0x124</size>
         <input_file_ref idref="fl-e8"/>
      </object_component>
      <object_component id="oc-1e4">
         <name>.text:scalbn</name>
         <load_address>0x5f24</load_address>
         <run_address>0x5f24</run_address>
         <size>0x110</size>
         <input_file_ref idref="fl-cd"/>
      </object_component>
      <object_component id="oc-36a">
         <name>.text:aligned_alloc</name>
         <load_address>0x6034</load_address>
         <run_address>0x6034</run_address>
         <size>0x100</size>
         <input_file_ref idref="fl-de"/>
      </object_component>
      <object_component id="oc-104">
         <name>.text</name>
         <load_address>0x6134</load_address>
         <run_address>0x6134</run_address>
         <size>0xfc</size>
         <input_file_ref idref="fl-d4"/>
      </object_component>
      <object_component id="oc-338">
         <name>.text:floor</name>
         <load_address>0x6230</load_address>
         <run_address>0x6230</run_address>
         <size>0xf8</size>
         <input_file_ref idref="fl-e7"/>
      </object_component>
      <object_component id="oc-19c">
         <name>.text:free</name>
         <load_address>0x6328</load_address>
         <run_address>0x6328</run_address>
         <size>0xe4</size>
         <input_file_ref idref="fl-de"/>
      </object_component>
      <object_component id="oc-120">
         <name>.text</name>
         <load_address>0x640c</load_address>
         <run_address>0x640c</run_address>
         <size>0xc8</size>
         <input_file_ref idref="fl-3"/>
      </object_component>
      <object_component id="oc-2fc">
         <name>.text:_ltostr</name>
         <load_address>0x64d4</load_address>
         <run_address>0x64d4</run_address>
         <size>0xb1</size>
         <input_file_ref idref="fl-e8"/>
      </object_component>
      <object_component id="oc-3e">
         <name>.text</name>
         <load_address>0x6586</load_address>
         <run_address>0x6586</run_address>
         <size>0x9c</size>
         <input_file_ref idref="fl-da"/>
      </object_component>
      <object_component id="oc-3af">
         <name>.text</name>
         <load_address>0x6622</load_address>
         <run_address>0x6622</run_address>
         <size>0x96</size>
         <input_file_ref idref="fl-ea"/>
      </object_component>
      <object_component id="oc-ec">
         <name>.text:__aeabi_cdcmple</name>
         <load_address>0x66b8</load_address>
         <run_address>0x66b8</run_address>
         <size>0x86</size>
         <input_file_ref idref="fl-d2"/>
      </object_component>
      <object_component id="oc-ff">
         <name>.text:__aeabi_cdrcmple</name>
         <load_address>0x673e</load_address>
         <run_address>0x673e</run_address>
         <size>0x86</size>
         <input_file_ref idref="fl-d2"/>
      </object_component>
      <object_component id="oc-96">
         <name>.text</name>
         <load_address>0x67c4</load_address>
         <run_address>0x67c4</run_address>
         <size>0x7a</size>
         <input_file_ref idref="fl-e9"/>
      </object_component>
      <object_component id="oc-413">
         <name>.text:split</name>
         <load_address>0x6840</load_address>
         <run_address>0x6840</run_address>
         <size>0x70</size>
         <input_file_ref idref="fl-de"/>
      </object_component>
      <object_component id="oc-3c1">
         <name>.text:_mcpy</name>
         <load_address>0x68b0</load_address>
         <run_address>0x68b0</run_address>
         <size>0x6e</size>
         <input_file_ref idref="fl-e8"/>
      </object_component>
      <object_component id="oc-109">
         <name>.text</name>
         <load_address>0x691e</load_address>
         <run_address>0x691e</run_address>
         <size>0x6e</size>
         <input_file_ref idref="fl-d6"/>
      </object_component>
      <object_component id="oc-15">
         <name>.text:decompress:lzss:__TI_decompress_lzss</name>
         <load_address>0x698c</load_address>
         <run_address>0x698c</run_address>
         <size>0x68</size>
         <input_file_ref idref="fl-dd"/>
      </object_component>
      <object_component id="oc-3d6">
         <name>.text:frexp</name>
         <load_address>0x69f4</load_address>
         <run_address>0x69f4</run_address>
         <size>0x64</size>
         <input_file_ref idref="fl-f8"/>
      </object_component>
      <object_component id="oc-308">
         <name>.text:_pconv_f</name>
         <load_address>0x6a58</load_address>
         <run_address>0x6a58</run_address>
         <size>0x56</size>
         <input_file_ref idref="fl-e8"/>
      </object_component>
      <object_component id="oc-3b5">
         <name>.text:__TI_ltoa</name>
         <load_address>0x6aae</load_address>
         <run_address>0x6aae</run_address>
         <size>0x54</size>
         <input_file_ref idref="fl-f0"/>
      </object_component>
      <object_component id="oc-3bb">
         <name>.text:_ecpy</name>
         <load_address>0x6b02</load_address>
         <run_address>0x6b02</run_address>
         <size>0x52</size>
         <input_file_ref idref="fl-e8"/>
      </object_component>
      <object_component id="oc-2f6">
         <name>.text:atoi</name>
         <load_address>0x6b54</load_address>
         <run_address>0x6b54</run_address>
         <size>0x4c</size>
         <input_file_ref idref="fl-f2"/>
      </object_component>
      <object_component id="oc-e2">
         <name>.text</name>
         <load_address>0x6ba0</load_address>
         <run_address>0x6ba0</run_address>
         <size>0x48</size>
         <input_file_ref idref="fl-d5"/>
      </object_component>
      <object_component id="oc-162">
         <name>.text:__TI_auto_init_nobinit_nopinit:__TI_auto_init_nobinit_nopinit</name>
         <load_address>0x6be8</load_address>
         <run_address>0x6be8</run_address>
         <size>0x44</size>
         <input_file_ref idref="fl-eb"/>
      </object_component>
      <object_component id="oc-1c9">
         <name>.text</name>
         <load_address>0x6c2c</load_address>
         <run_address>0x6c2c</run_address>
         <size>0x44</size>
         <input_file_ref idref="fl-d7"/>
      </object_component>
      <object_component id="oc-139">
         <name>.text:sprintf</name>
         <load_address>0x6c70</load_address>
         <run_address>0x6c70</run_address>
         <size>0x40</size>
         <input_file_ref idref="fl-cf"/>
      </object_component>
      <object_component id="oc-1f7">
         <name>.text:vsnprintf</name>
         <load_address>0x6cb0</load_address>
         <run_address>0x6cb0</run_address>
         <size>0x40</size>
         <input_file_ref idref="fl-d0"/>
      </object_component>
      <object_component id="oc-3ce">
         <name>.text:_fcpy</name>
         <load_address>0x6cf0</load_address>
         <run_address>0x6cf0</run_address>
         <size>0x3e</size>
         <input_file_ref idref="fl-e8"/>
      </object_component>
      <object_component id="oc-196">
         <name>.text:calloc</name>
         <load_address>0x6d30</load_address>
         <run_address>0x6d30</run_address>
         <size>0x38</size>
         <input_file_ref idref="fl-de"/>
      </object_component>
      <object_component id="oc-13f">
         <name>.text</name>
         <load_address>0x6d68</load_address>
         <run_address>0x6d68</run_address>
         <size>0x38</size>
         <input_file_ref idref="fl-d8"/>
      </object_component>
      <object_component id="oc-1af">
         <name>.text:IntRegister</name>
         <load_address>0x6da0</load_address>
         <run_address>0x6da0</run_address>
         <size>0x34</size>
         <input_file_ref idref="fl-fa"/>
      </object_component>
      <object_component id="oc-5c">
         <name>.text:_c_int00_noargs:_c_int00_noargs</name>
         <load_address>0x6dd4</load_address>
         <run_address>0x6dd4</run_address>
         <size>0x34</size>
         <input_file_ref idref="fl-e2"/>
      </object_component>
      <object_component id="oc-2c8">
         <name>.text:_outs</name>
         <load_address>0x6e08</load_address>
         <run_address>0x6e08</run_address>
         <size>0x30</size>
         <input_file_ref idref="fl-d0"/>
      </object_component>
      <object_component id="oc-e7">
         <name>.text</name>
         <load_address>0x6e38</load_address>
         <run_address>0x6e38</run_address>
         <size>0x2e</size>
         <input_file_ref idref="fl-d9"/>
      </object_component>
      <object_component id="oc-281">
         <name>.text:free_list_insert</name>
         <load_address>0x6e68</load_address>
         <run_address>0x6e68</run_address>
         <size>0x28</size>
         <input_file_ref idref="fl-de"/>
      </object_component>
      <object_component id="oc-4a">
         <name>.text:decompress:ZI:__TI_zero_init_nomemset:__TI_zero_init_nomemset</name>
         <load_address>0x6e90</load_address>
         <run_address>0x6e90</run_address>
         <size>0x1c</size>
         <input_file_ref idref="fl-db"/>
      </object_component>
      <object_component id="oc-27b">
         <name>.text:free_list_remove</name>
         <load_address>0x6eac</load_address>
         <run_address>0x6eac</run_address>
         <size>0x1c</size>
         <input_file_ref idref="fl-de"/>
      </object_component>
      <object_component id="oc-31a">
         <name>.text:memccpy</name>
         <load_address>0x6ec8</load_address>
         <run_address>0x6ec8</run_address>
         <size>0x1c</size>
         <input_file_ref idref="fl-f4"/>
      </object_component>
      <object_component id="oc-2b2">
         <name>.text:copysign</name>
         <load_address>0x6ee4</load_address>
         <run_address>0x6ee4</run_address>
         <size>0x1a</size>
         <input_file_ref idref="fl-e4"/>
      </object_component>
      <object_component id="oc-2ce">
         <name>.text:_outc</name>
         <load_address>0x6efe</load_address>
         <run_address>0x6efe</run_address>
         <size>0x18</size>
         <input_file_ref idref="fl-d0"/>
      </object_component>
      <object_component id="oc-225">
         <name>.text:_outs</name>
         <load_address>0x6f16</load_address>
         <run_address>0x6f16</run_address>
         <size>0x18</size>
         <input_file_ref idref="fl-cf"/>
      </object_component>
      <object_component id="oc-1a2">
         <name>.text:oi_parseInt</name>
         <load_address>0x6f2e</load_address>
         <run_address>0x6f2e</run_address>
         <size>0x18</size>
         <input_file_ref idref="fl-7"/>
      </object_component>
      <object_component id="oc-1a9">
         <name>.text:strcmp</name>
         <load_address>0x6f46</load_address>
         <run_address>0x6f46</run_address>
         <size>0x18</size>
         <input_file_ref idref="fl-df"/>
      </object_component>
      <object_component id="oc-3dc">
         <name>.text:strchr</name>
         <load_address>0x6f5e</load_address>
         <run_address>0x6f5e</run_address>
         <size>0x16</size>
         <input_file_ref idref="fl-f5"/>
      </object_component>
      <object_component id="oc-1fd">
         <name>.text:strcpy</name>
         <load_address>0x6f74</load_address>
         <run_address>0x6f74</run_address>
         <size>0x14</size>
         <input_file_ref idref="fl-e0"/>
      </object_component>
      <object_component id="oc-2f0">
         <name>.text:strlen</name>
         <load_address>0x6f88</load_address>
         <run_address>0x6f88</run_address>
         <size>0x14</size>
         <input_file_ref idref="fl-f6"/>
      </object_component>
      <object_component id="oc-320">
         <name>.text:wcslen</name>
         <load_address>0x6f9c</load_address>
         <run_address>0x6f9c</run_address>
         <size>0x12</size>
         <input_file_ref idref="fl-f7"/>
      </object_component>
      <object_component id="oc-1b5">
         <name>.text:IntMasterEnable</name>
         <load_address>0x6fae</load_address>
         <run_address>0x6fae</run_address>
         <size>0x10</size>
         <input_file_ref idref="fl-fa"/>
      </object_component>
      <object_component id="oc-132">
         <name>.text:lcd_clear</name>
         <load_address>0x6fbe</load_address>
         <run_address>0x6fbe</run_address>
         <size>0x10</size>
         <input_file_ref idref="fl-5"/>
      </object_component>
      <object_component id="oc-1b">
         <name>.text:decompress:none:__TI_decompress_none</name>
         <load_address>0x6fce</load_address>
         <run_address>0x6fce</run_address>
         <size>0xe</size>
         <input_file_ref idref="fl-dc"/>
      </object_component>
      <object_component id="oc-294">
         <name>.text:CPUcpsie</name>
         <load_address>0x6fdc</load_address>
         <run_address>0x6fdc</run_address>
         <size>0xc</size>
         <input_file_ref idref="fl-fb"/>
      </object_component>
      <object_component id="oc-2a">
         <name>.text</name>
         <load_address>0x6fe8</load_address>
         <run_address>0x6fe8</run_address>
         <size>0xc</size>
         <input_file_ref idref="fl-a"/>
      </object_component>
      <object_component id="oc-22b">
         <name>.text:_outc</name>
         <load_address>0x6ff4</load_address>
         <run_address>0x6ff4</run_address>
         <size>0xa</size>
         <input_file_ref idref="fl-cf"/>
      </object_component>
      <object_component id="oc-1db">
         <name>.text:__aeabi_errno_addr</name>
         <load_address>0x7000</load_address>
         <run_address>0x7000</run_address>
         <size>0x8</size>
         <input_file_ref idref="fl-e3"/>
      </object_component>
      <object_component id="oc-274">
         <name>.text:malloc</name>
         <load_address>0x7008</load_address>
         <run_address>0x7008</run_address>
         <size>0x8</size>
         <input_file_ref idref="fl-de"/>
      </object_component>
      <object_component id="oc-9c">
         <name>.text:_system_pre_init</name>
         <load_address>0x7010</load_address>
         <run_address>0x7010</run_address>
         <size>0x4</size>
         <input_file_ref idref="fl-ec"/>
      </object_component>
      <object_component id="oc-156">
         <name>.text:abort:abort</name>
         <load_address>0x7014</load_address>
         <run_address>0x7014</run_address>
         <size>0x4</size>
         <input_file_ref idref="fl-ee"/>
      </object_component>
      <object_component id="oc-33e">
         <name>.const:$O1$$</name>
         <load_address>0x7018</load_address>
         <run_address>0x7018</run_address>
         <size>0x158</size>
         <input_file_ref idref="fl-e1"/>
      </object_component>
      <object_component id="oc-3aa">
         <name>.const:.string:_ctypes_</name>
         <load_address>0x7170</load_address>
         <run_address>0x7170</run_address>
         <size>0x101</size>
         <input_file_ref idref="fl-f3"/>
      </object_component>
      <object_component id="oc-203">
         <name>.const:.string:lineAddress$1</name>
         <load_address>0x7271</load_address>
         <run_address>0x7271</run_address>
         <size>0x4</size>
         <input_file_ref idref="fl-5"/>
      </object_component>
      <object_component id="oc-1e1">
         <name>.const:$O1$$</name>
         <load_address>0x7278</load_address>
         <run_address>0x7278</run_address>
         <size>0x30</size>
         <input_file_ref idref="fl-cb"/>
      </object_component>
      <object_component id="oc-1be">
         <name>.const:.string:$P$T0$3</name>
         <load_address>0x72a8</load_address>
         <run_address>0x72a8</run_address>
         <size>0xf</size>
         <input_file_ref idref="fl-7"/>
      </object_component>
      <object_component id="oc-204">
         <name>.const:.string:lineAddresses$2</name>
         <load_address>0x72b7</load_address>
         <run_address>0x72b7</run_address>
         <size>0x4</size>
         <input_file_ref idref="fl-5"/>
      </object_component>
      <object_component id="oc-479">
         <name>.cinit..data.load</name>
         <load_address>0x72c0</load_address>
         <run_address>0x72c0</run_address>
         <size>0x1f</size>
      </object_component>
      <object_component id="oc-476">
         <name>__TI_handler_table</name>
         <load_address>0x72e0</load_address>
         <run_address>0x72e0</run_address>
         <size>0xc</size>
      </object_component>
      <object_component id="oc-47a">
         <name>.cinit..bss.load</name>
         <load_address>0x72f0</load_address>
         <run_address>0x72f0</run_address>
         <size>0x8</size>
      </object_component>
      <object_component id="oc-478">
         <name>.cinit..vtable.load</name>
         <load_address>0x72f8</load_address>
         <run_address>0x72f8</run_address>
         <size>0x8</size>
      </object_component>
      <object_component id="oc-477">
         <name>__TI_cinit_table</name>
         <load_address>0x7300</load_address>
         <run_address>0x7300</run_address>
         <size>0x18</size>
      </object_component>
      <object_component id="oc-28a">
         <name>.vtable</name>
         <uninitialized>true</uninitialized>
         <run_address>0x20000000</run_address>
         <size>0x26c</size>
         <input_file_ref idref="fl-fa"/>
      </object_component>
      <object_component id="oc-1f2">
         <name>.data</name>
         <load_address>0x20000f23</load_address>
         <run_address>0x20000f23</run_address>
         <size>0x1</size>
         <input_file_ref idref="fl-2"/>
      </object_component>
      <object_component id="oc-1bb">
         <name>.data</name>
         <load_address>0x20000ef0</load_address>
         <run_address>0x20000ef0</run_address>
         <size>0x20</size>
         <input_file_ref idref="fl-7"/>
      </object_component>
      <object_component id="oc-21b">
         <name>.data</name>
         <load_address>0x20000f10</load_address>
         <run_address>0x20000f10</run_address>
         <size>0x11</size>
         <input_file_ref idref="fl-8"/>
      </object_component>
      <object_component id="oc-214">
         <name>.data</name>
         <load_address>0x20000f38</load_address>
         <run_address>0x20000f38</run_address>
         <size>0x4</size>
         <input_file_ref idref="fl-9"/>
      </object_component>
      <object_component id="oc-fc">
         <name>.data</name>
         <load_address>0x20000f21</load_address>
         <run_address>0x20000f21</run_address>
         <size>0x2</size>
         <input_file_ref idref="fl-b"/>
      </object_component>
      <object_component id="oc-371">
         <name>.data:$O1$$</name>
         <load_address>0x20000f2c</load_address>
         <run_address>0x20000f2c</run_address>
         <size>0x8</size>
         <input_file_ref idref="fl-de"/>
      </object_component>
      <object_component id="oc-2ab">
         <name>.data</name>
         <load_address>0x20000f34</load_address>
         <run_address>0x20000f34</run_address>
         <size>0x4</size>
         <input_file_ref idref="fl-e3"/>
      </object_component>
      <object_component id="oc-258">
         <name>.data:$O1$$</name>
         <load_address>0x20000f24</load_address>
         <run_address>0x20000f24</run_address>
         <size>0x8</size>
         <input_file_ref idref="fl-ef"/>
      </object_component>
      <object_component id="oc-205">
         <name>.bss:lastbuffer$3</name>
         <uninitialized>true</uninitialized>
         <run_address>0x20000e74</run_address>
         <size>0x54</size>
         <input_file_ref idref="fl-5"/>
      </object_component>
      <object_component id="oc-1c1">
         <name>.bss:firmware$2</name>
         <uninitialized>true</uninitialized>
         <run_address>0x20000ec8</run_address>
         <size>0x18</size>
         <input_file_ref idref="fl-7"/>
      </object_component>
      <object_component id="oc-1f5">
         <name>.common:_timeout_ticks</name>
         <uninitialized>true</uninitialized>
         <run_address>0x20000ee0</run_address>
         <size>0x4</size>
      </object_component>
      <object_component id="oc-217">
         <name>.common:clockwise</name>
         <uninitialized>true</uninitialized>
         <run_address>0x20000ee4</run_address>
         <size>0x4</size>
      </object_component>
      <object_component id="oc-2e4">
         <name>.common:right_calibration_value</name>
         <uninitialized>true</uninitialized>
         <run_address>0x20000eec</run_address>
         <size>0x4</size>
      </object_component>
      <object_component id="oc-2e7">
         <name>.common:left_calibration_value</name>
         <uninitialized>true</uninitialized>
         <run_address>0x20000ee8</run_address>
         <size>0x4</size>
      </object_component>
      <object_component id="oc-24">
         <name>.sysmem</name>
         <uninitialized>true</uninitialized>
         <run_address>0x20000a70</run_address>
         <size>0x10</size>
         <input_file_ref idref="fl-de"/>
      </object_component>
      <object_component id="oc-47d">
         <name>.sysmem</name>
         <uninitialized>true</uninitialized>
         <run_address>0x20000a70</run_address>
         <size>0x0</size>
      </object_component>
      <object_component id="oc-27">
         <name>.stack</name>
         <uninitialized>true</uninitialized>
         <run_address>0x20000270</run_address>
         <size>0x4</size>
         <input_file_ref idref="fl-e2"/>
      </object_component>
      <object_component id="oc-47c">
         <name>.stack</name>
         <uninitialized>true</uninitialized>
         <run_address>0x20000270</run_address>
         <size>0x0</size>
      </object_component>
      <object_component id="oc-c5">
         <name>.debug_info</name>
         <load_address>0x0</load_address>
         <run_address>0x0</run_address>
         <size>0x2b3</size>
         <input_file_ref idref="fl-2"/>
      </object_component>
      <object_component id="oc-1f3">
         <name>.debug_info</name>
         <load_address>0x2b3</load_address>
         <run_address>0x2b3</run_address>
         <size>0xc1</size>
         <input_file_ref idref="fl-2"/>
      </object_component>
      <object_component id="oc-118">
         <name>.debug_info</name>
         <load_address>0x374</load_address>
         <run_address>0x374</run_address>
         <size>0x509</size>
         <input_file_ref idref="fl-2"/>
      </object_component>
      <object_component id="oc-77">
         <name>.debug_info</name>
         <load_address>0x87d</load_address>
         <run_address>0x87d</run_address>
         <size>0x26b</size>
         <input_file_ref idref="fl-2"/>
      </object_component>
      <object_component id="oc-39">
         <name>.debug_info</name>
         <load_address>0xae8</load_address>
         <run_address>0xae8</run_address>
         <size>0x84</size>
         <input_file_ref idref="fl-2"/>
      </object_component>
      <object_component id="oc-c0">
         <name>.debug_info</name>
         <load_address>0xb6c</load_address>
         <run_address>0xb6c</run_address>
         <size>0x2a4</size>
         <input_file_ref idref="fl-2"/>
      </object_component>
      <object_component id="oc-7c">
         <name>.debug_info</name>
         <load_address>0xe10</load_address>
         <run_address>0xe10</run_address>
         <size>0xbb</size>
         <input_file_ref idref="fl-2"/>
      </object_component>
      <object_component id="oc-348">
         <name>.debug_info</name>
         <load_address>0xecb</load_address>
         <run_address>0xecb</run_address>
         <size>0x256</size>
         <input_file_ref idref="fl-3"/>
      </object_component>
      <object_component id="oc-122">
         <name>.debug_info</name>
         <load_address>0x1121</load_address>
         <run_address>0x1121</run_address>
         <size>0x12c</size>
         <input_file_ref idref="fl-3"/>
      </object_component>
      <object_component id="oc-2a1">
         <name>.debug_info</name>
         <load_address>0x124d</load_address>
         <run_address>0x124d</run_address>
         <size>0xcc</size>
         <input_file_ref idref="fl-3"/>
      </object_component>
      <object_component id="oc-208">
         <name>.debug_info</name>
         <load_address>0x1319</load_address>
         <run_address>0x1319</run_address>
         <size>0x2c</size>
         <input_file_ref idref="fl-3"/>
      </object_component>
      <object_component id="oc-24f">
         <name>.debug_info</name>
         <load_address>0x1345</load_address>
         <run_address>0x1345</run_address>
         <size>0x35</size>
         <input_file_ref idref="fl-3"/>
      </object_component>
      <object_component id="oc-207">
         <name>.debug_info</name>
         <load_address>0x137a</load_address>
         <run_address>0x137a</run_address>
         <size>0x381</size>
         <input_file_ref idref="fl-5"/>
      </object_component>
      <object_component id="oc-134">
         <name>.debug_info</name>
         <load_address>0x16fb</load_address>
         <run_address>0x16fb</run_address>
         <size>0x116</size>
         <input_file_ref idref="fl-5"/>
      </object_component>
      <object_component id="oc-11b">
         <name>.debug_info</name>
         <load_address>0x1811</load_address>
         <run_address>0x1811</run_address>
         <size>0x8a2</size>
         <input_file_ref idref="fl-5"/>
      </object_component>
      <object_component id="oc-14b">
         <name>.debug_info</name>
         <load_address>0x20b3</load_address>
         <run_address>0x20b3</run_address>
         <size>0x5e9</size>
         <input_file_ref idref="fl-6"/>
      </object_component>
      <object_component id="oc-a3">
         <name>.debug_info</name>
         <load_address>0x269c</load_address>
         <run_address>0x269c</run_address>
         <size>0x2d2f</size>
         <input_file_ref idref="fl-6"/>
      </object_component>
      <object_component id="oc-24a">
         <name>.debug_info</name>
         <load_address>0x53cb</load_address>
         <run_address>0x53cb</run_address>
         <size>0x5aa</size>
         <input_file_ref idref="fl-6"/>
      </object_component>
      <object_component id="oc-151">
         <name>.debug_info</name>
         <load_address>0x5975</load_address>
         <run_address>0x5975</run_address>
         <size>0x108</size>
         <input_file_ref idref="fl-6"/>
      </object_component>
      <object_component id="oc-14c">
         <name>.debug_info</name>
         <load_address>0x5a7d</load_address>
         <run_address>0x5a7d</run_address>
         <size>0x8b</size>
         <input_file_ref idref="fl-6"/>
      </object_component>
      <object_component id="oc-1c3">
         <name>.debug_info</name>
         <load_address>0x5b08</load_address>
         <run_address>0x5b08</run_address>
         <size>0x3fe</size>
         <input_file_ref idref="fl-7"/>
      </object_component>
      <object_component id="oc-1bc">
         <name>.debug_info</name>
         <load_address>0x5f06</load_address>
         <run_address>0x5f06</run_address>
         <size>0x113</size>
         <input_file_ref idref="fl-7"/>
      </object_component>
      <object_component id="oc-1bf">
         <name>.debug_info</name>
         <load_address>0x6019</load_address>
         <run_address>0x6019</run_address>
         <size>0xc8</size>
         <input_file_ref idref="fl-7"/>
      </object_component>
      <object_component id="oc-1a4">
         <name>.debug_info</name>
         <load_address>0x60e1</load_address>
         <run_address>0x60e1</run_address>
         <size>0x140</size>
         <input_file_ref idref="fl-7"/>
      </object_component>
      <object_component id="oc-d9">
         <name>.debug_info</name>
         <load_address>0x6221</load_address>
         <run_address>0x6221</run_address>
         <size>0x198a</size>
         <input_file_ref idref="fl-7"/>
      </object_component>
      <object_component id="oc-2ef">
         <name>.debug_info</name>
         <load_address>0x7bab</load_address>
         <run_address>0x7bab</run_address>
         <size>0x324</size>
         <input_file_ref idref="fl-8"/>
      </object_component>
      <object_component id="oc-21c">
         <name>.debug_info</name>
         <load_address>0x7ecf</load_address>
         <run_address>0x7ecf</run_address>
         <size>0x13a</size>
         <input_file_ref idref="fl-8"/>
      </object_component>
      <object_component id="oc-130">
         <name>.debug_info</name>
         <load_address>0x8009</load_address>
         <run_address>0x8009</run_address>
         <size>0x2e3</size>
         <input_file_ref idref="fl-8"/>
      </object_component>
      <object_component id="oc-3a4">
         <name>.debug_info</name>
         <load_address>0x82ec</load_address>
         <run_address>0x82ec</run_address>
         <size>0x44</size>
         <input_file_ref idref="fl-8"/>
      </object_component>
      <object_component id="oc-218">
         <name>.debug_info</name>
         <load_address>0x8330</load_address>
         <run_address>0x8330</run_address>
         <size>0x2c8</size>
         <input_file_ref idref="fl-9"/>
      </object_component>
      <object_component id="oc-215">
         <name>.debug_info</name>
         <load_address>0x85f8</load_address>
         <run_address>0x85f8</run_address>
         <size>0xbd</size>
         <input_file_ref idref="fl-9"/>
      </object_component>
      <object_component id="oc-127">
         <name>.debug_info</name>
         <load_address>0x86b5</load_address>
         <run_address>0x86b5</run_address>
         <size>0x2a8</size>
         <input_file_ref idref="fl-9"/>
      </object_component>
      <object_component id="oc-32">
         <name>.debug_info</name>
         <load_address>0x895d</load_address>
         <run_address>0x895d</run_address>
         <size>0x29d</size>
         <input_file_ref idref="fl-a"/>
      </object_component>
      <object_component id="oc-13">
         <name>.debug_info</name>
         <load_address>0x8bfa</load_address>
         <run_address>0x8bfa</run_address>
         <size>0xdc</size>
         <input_file_ref idref="fl-a"/>
      </object_component>
      <object_component id="oc-2e">
         <name>.debug_info</name>
         <load_address>0x8cd6</load_address>
         <run_address>0x8cd6</run_address>
         <size>0x258</size>
         <input_file_ref idref="fl-a"/>
      </object_component>
      <object_component id="oc-1cf">
         <name>.debug_info</name>
         <load_address>0x8f2e</load_address>
         <run_address>0x8f2e</run_address>
         <size>0x29b</size>
         <input_file_ref idref="fl-b"/>
      </object_component>
      <object_component id="oc-fd">
         <name>.debug_info</name>
         <load_address>0x91c9</load_address>
         <run_address>0x91c9</run_address>
         <size>0xe6</size>
         <input_file_ref idref="fl-b"/>
      </object_component>
      <object_component id="oc-f8">
         <name>.debug_info</name>
         <load_address>0x92af</load_address>
         <run_address>0x92af</run_address>
         <size>0x3c4</size>
         <input_file_ref idref="fl-b"/>
      </object_component>
      <object_component id="oc-20f">
         <name>.debug_info</name>
         <load_address>0x9673</load_address>
         <run_address>0x9673</run_address>
         <size>0x296</size>
         <input_file_ref idref="fl-13"/>
      </object_component>
      <object_component id="oc-2e5">
         <name>.debug_info</name>
         <load_address>0x9909</load_address>
         <run_address>0x9909</run_address>
         <size>0x485</size>
         <input_file_ref idref="fl-14"/>
      </object_component>
      <object_component id="oc-39d">
         <name>.debug_info</name>
         <load_address>0x9d8e</load_address>
         <run_address>0x9d8e</run_address>
         <size>0x9d</size>
         <input_file_ref idref="fl-14"/>
      </object_component>
      <object_component id="oc-1f0">
         <name>.debug_info</name>
         <load_address>0x9e2b</load_address>
         <run_address>0x9e2b</run_address>
         <size>0x35e</size>
         <input_file_ref idref="fl-cb"/>
      </object_component>
      <object_component id="oc-1e2">
         <name>.debug_info</name>
         <load_address>0xa189</load_address>
         <run_address>0xa189</run_address>
         <size>0x128</size>
         <input_file_ref idref="fl-cb"/>
      </object_component>
      <object_component id="oc-10f">
         <name>.debug_info</name>
         <load_address>0xa2b1</load_address>
         <run_address>0xa2b1</run_address>
         <size>0xbf2</size>
         <input_file_ref idref="fl-cb"/>
      </object_component>
      <object_component id="oc-2bf">
         <name>.debug_info</name>
         <load_address>0xaea3</load_address>
         <run_address>0xaea3</run_address>
         <size>0x46</size>
         <input_file_ref idref="fl-cb"/>
      </object_component>
      <object_component id="oc-1eb">
         <name>.debug_info</name>
         <load_address>0xaee9</load_address>
         <run_address>0xaee9</run_address>
         <size>0x39</size>
         <input_file_ref idref="fl-cb"/>
      </object_component>
      <object_component id="oc-2aa">
         <name>.debug_info</name>
         <load_address>0xaf22</load_address>
         <run_address>0xaf22</run_address>
         <size>0x2c5</size>
         <input_file_ref idref="fl-cc"/>
      </object_component>
      <object_component id="oc-1d7">
         <name>.debug_info</name>
         <load_address>0xb1e7</load_address>
         <run_address>0xb1e7</run_address>
         <size>0x24e</size>
         <input_file_ref idref="fl-cc"/>
      </object_component>
      <object_component id="oc-2b9">
         <name>.debug_info</name>
         <load_address>0xb435</load_address>
         <run_address>0xb435</run_address>
         <size>0x2f8</size>
         <input_file_ref idref="fl-cd"/>
      </object_component>
      <object_component id="oc-1e5">
         <name>.debug_info</name>
         <load_address>0xb72d</load_address>
         <run_address>0xb72d</run_address>
         <size>0x225</size>
         <input_file_ref idref="fl-cd"/>
      </object_component>
      <object_component id="oc-390">
         <name>.debug_info</name>
         <load_address>0xb952</load_address>
         <run_address>0xb952</run_address>
         <size>0x39</size>
         <input_file_ref idref="fl-cd"/>
      </object_component>
      <object_component id="oc-2ba">
         <name>.debug_info</name>
         <load_address>0xb98b</load_address>
         <run_address>0xb98b</run_address>
         <size>0x2c</size>
         <input_file_ref idref="fl-cd"/>
      </object_component>
      <object_component id="oc-247">
         <name>.debug_info</name>
         <load_address>0xb9b7</load_address>
         <run_address>0xb9b7</run_address>
         <size>0x361</size>
         <input_file_ref idref="fl-ce"/>
      </object_component>
      <object_component id="oc-145">
         <name>.debug_info</name>
         <load_address>0xbd18</load_address>
         <run_address>0xbd18</run_address>
         <size>0x7ae</size>
         <input_file_ref idref="fl-ce"/>
      </object_component>
      <object_component id="oc-232">
         <name>.debug_info</name>
         <load_address>0xc4c6</load_address>
         <run_address>0xc4c6</run_address>
         <size>0x333</size>
         <input_file_ref idref="fl-cf"/>
      </object_component>
      <object_component id="oc-13c">
         <name>.debug_info</name>
         <load_address>0xc7f9</load_address>
         <run_address>0xc7f9</run_address>
         <size>0x1d1</size>
         <input_file_ref idref="fl-cf"/>
      </object_component>
      <object_component id="oc-228">
         <name>.debug_info</name>
         <load_address>0xc9ca</load_address>
         <run_address>0xc9ca</run_address>
         <size>0x18d</size>
         <input_file_ref idref="fl-cf"/>
      </object_component>
      <object_component id="oc-22e">
         <name>.debug_info</name>
         <load_address>0xcb57</load_address>
         <run_address>0xcb57</run_address>
         <size>0x16d</size>
         <input_file_ref idref="fl-cf"/>
      </object_component>
      <object_component id="oc-2d6">
         <name>.debug_info</name>
         <load_address>0xccc4</load_address>
         <run_address>0xccc4</run_address>
         <size>0x2c</size>
         <input_file_ref idref="fl-cf"/>
      </object_component>
      <object_component id="oc-2d5">
         <name>.debug_info</name>
         <load_address>0xccf0</load_address>
         <run_address>0xccf0</run_address>
         <size>0x340</size>
         <input_file_ref idref="fl-d0"/>
      </object_component>
      <object_component id="oc-1f9">
         <name>.debug_info</name>
         <load_address>0xd030</load_address>
         <run_address>0xd030</run_address>
         <size>0x208</size>
         <input_file_ref idref="fl-d0"/>
      </object_component>
      <object_component id="oc-2ca">
         <name>.debug_info</name>
         <load_address>0xd238</load_address>
         <run_address>0xd238</run_address>
         <size>0x1c6</size>
         <input_file_ref idref="fl-d0"/>
      </object_component>
      <object_component id="oc-2d0">
         <name>.debug_info</name>
         <load_address>0xd3fe</load_address>
         <run_address>0xd3fe</run_address>
         <size>0x179</size>
         <input_file_ref idref="fl-d0"/>
      </object_component>
      <object_component id="oc-2db">
         <name>.debug_info</name>
         <load_address>0xd577</load_address>
         <run_address>0xd577</run_address>
         <size>0x69</size>
         <input_file_ref idref="fl-d0"/>
      </object_component>
      <object_component id="oc-e0">
         <name>.debug_info</name>
         <load_address>0xd5e0</load_address>
         <run_address>0xd5e0</run_address>
         <size>0x14c</size>
         <input_file_ref idref="fl-d1"/>
      </object_component>
      <object_component id="oc-ed">
         <name>.debug_info</name>
         <load_address>0xd72c</load_address>
         <run_address>0xd72c</run_address>
         <size>0x128</size>
         <input_file_ref idref="fl-d2"/>
      </object_component>
      <object_component id="oc-100">
         <name>.debug_info</name>
         <load_address>0xd854</load_address>
         <run_address>0xd854</run_address>
         <size>0x12a</size>
         <input_file_ref idref="fl-d2"/>
      </object_component>
      <object_component id="oc-f4">
         <name>.debug_info</name>
         <load_address>0xd97e</load_address>
         <run_address>0xd97e</run_address>
         <size>0x13a</size>
         <input_file_ref idref="fl-d3"/>
      </object_component>
      <object_component id="oc-107">
         <name>.debug_info</name>
         <load_address>0xdab8</load_address>
         <run_address>0xdab8</run_address>
         <size>0x13a</size>
         <input_file_ref idref="fl-d4"/>
      </object_component>
      <object_component id="oc-e4">
         <name>.debug_info</name>
         <load_address>0xdbf2</load_address>
         <run_address>0xdbf2</run_address>
         <size>0x12e</size>
         <input_file_ref idref="fl-d5"/>
      </object_component>
      <object_component id="oc-10c">
         <name>.debug_info</name>
         <load_address>0xdd20</load_address>
         <run_address>0xdd20</run_address>
         <size>0x13e</size>
         <input_file_ref idref="fl-d6"/>
      </object_component>
      <object_component id="oc-1cc">
         <name>.debug_info</name>
         <load_address>0xde5e</load_address>
         <run_address>0xde5e</run_address>
         <size>0x139</size>
         <input_file_ref idref="fl-d7"/>
      </object_component>
      <object_component id="oc-142">
         <name>.debug_info</name>
         <load_address>0xdf97</load_address>
         <run_address>0xdf97</run_address>
         <size>0x12c</size>
         <input_file_ref idref="fl-d8"/>
      </object_component>
      <object_component id="oc-e9">
         <name>.debug_info</name>
         <load_address>0xe0c3</load_address>
         <run_address>0xe0c3</run_address>
         <size>0x12c</size>
         <input_file_ref idref="fl-d9"/>
      </object_component>
      <object_component id="oc-3f">
         <name>.debug_info</name>
         <load_address>0xe1ef</load_address>
         <run_address>0xe1ef</run_address>
         <size>0x119</size>
         <input_file_ref idref="fl-da"/>
      </object_component>
      <object_component id="oc-95">
         <name>.debug_info</name>
         <load_address>0xe308</load_address>
         <run_address>0xe308</run_address>
         <size>0x2d4</size>
         <input_file_ref idref="fl-db"/>
      </object_component>
      <object_component id="oc-4b">
         <name>.debug_info</name>
         <load_address>0xe5dc</load_address>
         <run_address>0xe5dc</run_address>
         <size>0x1d2</size>
         <input_file_ref idref="fl-db"/>
      </object_component>
      <object_component id="oc-90">
         <name>.debug_info</name>
         <load_address>0xe7ae</load_address>
         <run_address>0xe7ae</run_address>
         <size>0x46</size>
         <input_file_ref idref="fl-db"/>
      </object_component>
      <object_component id="oc-ce">
         <name>.debug_info</name>
         <load_address>0xe7f4</load_address>
         <run_address>0xe7f4</run_address>
         <size>0x2c</size>
         <input_file_ref idref="fl-db"/>
      </object_component>
      <object_component id="oc-49">
         <name>.debug_info</name>
         <load_address>0xe820</load_address>
         <run_address>0xe820</run_address>
         <size>0x2a8</size>
         <input_file_ref idref="fl-dc"/>
      </object_component>
      <object_component id="oc-1c">
         <name>.debug_info</name>
         <load_address>0xeac8</load_address>
         <run_address>0xeac8</run_address>
         <size>0x1ea</size>
         <input_file_ref idref="fl-dc"/>
      </object_component>
      <object_component id="oc-44">
         <name>.debug_info</name>
         <load_address>0xecb2</load_address>
         <run_address>0xecb2</run_address>
         <size>0x46</size>
         <input_file_ref idref="fl-dc"/>
      </object_component>
      <object_component id="oc-88">
         <name>.debug_info</name>
         <load_address>0xecf8</load_address>
         <run_address>0xecf8</run_address>
         <size>0x2c</size>
         <input_file_ref idref="fl-dc"/>
      </object_component>
      <object_component id="oc-86">
         <name>.debug_info</name>
         <load_address>0xed24</load_address>
         <run_address>0xed24</run_address>
         <size>0x29e</size>
         <input_file_ref idref="fl-dd"/>
      </object_component>
      <object_component id="oc-18">
         <name>.debug_info</name>
         <load_address>0xefc2</load_address>
         <run_address>0xefc2</run_address>
         <size>0x250</size>
         <input_file_ref idref="fl-dd"/>
      </object_component>
      <object_component id="oc-34">
         <name>.debug_info</name>
         <load_address>0xf212</load_address>
         <run_address>0xf212</run_address>
         <size>0x60</size>
         <input_file_ref idref="fl-dd"/>
      </object_component>
      <object_component id="oc-c7">
         <name>.debug_info</name>
         <load_address>0xf272</load_address>
         <run_address>0xf272</run_address>
         <size>0x46</size>
         <input_file_ref idref="fl-dd"/>
      </object_component>
      <object_component id="oc-81">
         <name>.debug_info</name>
         <load_address>0xf2b8</load_address>
         <run_address>0xf2b8</run_address>
         <size>0x39</size>
         <input_file_ref idref="fl-dd"/>
      </object_component>
      <object_component id="oc-70">
         <name>.debug_info</name>
         <load_address>0xf2f1</load_address>
         <run_address>0xf2f1</run_address>
         <size>0x3b2</size>
         <input_file_ref idref="fl-de"/>
      </object_component>
      <object_component id="oc-25">
         <name>.debug_info</name>
         <load_address>0xf6a3</load_address>
         <run_address>0xf6a3</run_address>
         <size>0x10c</size>
         <input_file_ref idref="fl-de"/>
      </object_component>
      <object_component id="oc-372">
         <name>.debug_info</name>
         <load_address>0xf7af</load_address>
         <run_address>0xf7af</run_address>
         <size>0x13f</size>
         <input_file_ref idref="fl-de"/>
      </object_component>
      <object_component id="oc-277">
         <name>.debug_info</name>
         <load_address>0xf8ee</load_address>
         <run_address>0xf8ee</run_address>
         <size>0x168</size>
         <input_file_ref idref="fl-de"/>
      </object_component>
      <object_component id="oc-27e">
         <name>.debug_info</name>
         <load_address>0xfa56</load_address>
         <run_address>0xfa56</run_address>
         <size>0x18e</size>
         <input_file_ref idref="fl-de"/>
      </object_component>
      <object_component id="oc-284">
         <name>.debug_info</name>
         <load_address>0xfbe4</load_address>
         <run_address>0xfbe4</run_address>
         <size>0x19f</size>
         <input_file_ref idref="fl-de"/>
      </object_component>
      <object_component id="oc-19f">
         <name>.debug_info</name>
         <load_address>0xfd83</load_address>
         <run_address>0xfd83</run_address>
         <size>0x203</size>
         <input_file_ref idref="fl-de"/>
      </object_component>
      <object_component id="oc-416">
         <name>.debug_info</name>
         <load_address>0xff86</load_address>
         <run_address>0xff86</run_address>
         <size>0x1db</size>
         <input_file_ref idref="fl-de"/>
      </object_component>
      <object_component id="oc-199">
         <name>.debug_info</name>
         <load_address>0x10161</load_address>
         <run_address>0x10161</run_address>
         <size>0x1a5</size>
         <input_file_ref idref="fl-de"/>
      </object_component>
      <object_component id="oc-36d">
         <name>.debug_info</name>
         <load_address>0x10306</load_address>
         <run_address>0x10306</run_address>
         <size>0x299</size>
         <input_file_ref idref="fl-de"/>
      </object_component>
      <object_component id="oc-bb">
         <name>.debug_info</name>
         <load_address>0x1059f</load_address>
         <run_address>0x1059f</run_address>
         <size>0xb2</size>
         <input_file_ref idref="fl-de"/>
      </object_component>
      <object_component id="oc-b6">
         <name>.debug_info</name>
         <load_address>0x10651</load_address>
         <run_address>0x10651</run_address>
         <size>0x2c</size>
         <input_file_ref idref="fl-de"/>
      </object_component>
      <object_component id="oc-289">
         <name>.debug_info</name>
         <load_address>0x1067d</load_address>
         <run_address>0x1067d</run_address>
         <size>0x28a</size>
         <input_file_ref idref="fl-df"/>
      </object_component>
      <object_component id="oc-1ac">
         <name>.debug_info</name>
         <load_address>0x10907</load_address>
         <run_address>0x10907</run_address>
         <size>0x273</size>
         <input_file_ref idref="fl-df"/>
      </object_component>
      <object_component id="oc-2e1">
         <name>.debug_info</name>
         <load_address>0x10b7a</load_address>
         <run_address>0x10b7a</run_address>
         <size>0x2a4</size>
         <input_file_ref idref="fl-e0"/>
      </object_component>
      <object_component id="oc-1ff">
         <name>.debug_info</name>
         <load_address>0x10e1e</load_address>
         <run_address>0x10e1e</run_address>
         <size>0x24d</size>
         <input_file_ref idref="fl-e0"/>
      </object_component>
      <object_component id="oc-342">
         <name>.debug_info</name>
         <load_address>0x1106b</load_address>
         <run_address>0x1106b</run_address>
         <size>0x3aa</size>
         <input_file_ref idref="fl-e1"/>
      </object_component>
      <object_component id="oc-33f">
         <name>.debug_info</name>
         <load_address>0x11415</load_address>
         <run_address>0x11415</run_address>
         <size>0x13a</size>
         <input_file_ref idref="fl-e1"/>
      </object_component>
      <object_component id="oc-23c">
         <name>.debug_info</name>
         <load_address>0x1154f</load_address>
         <run_address>0x1154f</run_address>
         <size>0x72f</size>
         <input_file_ref idref="fl-e1"/>
      </object_component>
      <object_component id="oc-28">
         <name>.debug_info</name>
         <load_address>0x11c7e</load_address>
         <run_address>0x11c7e</run_address>
         <size>0x10b</size>
         <input_file_ref idref="fl-e2"/>
      </object_component>
      <object_component id="oc-5d">
         <name>.debug_info</name>
         <load_address>0x11d89</load_address>
         <run_address>0x11d89</run_address>
         <size>0x1a9</size>
         <input_file_ref idref="fl-e2"/>
      </object_component>
      <object_component id="oc-2af">
         <name>.debug_info</name>
         <load_address>0x11f32</load_address>
         <run_address>0x11f32</run_address>
         <size>0x289</size>
         <input_file_ref idref="fl-e3"/>
      </object_component>
      <object_component id="oc-2ac">
         <name>.debug_info</name>
         <load_address>0x121bb</load_address>
         <run_address>0x121bb</run_address>
         <size>0x10e</size>
         <input_file_ref idref="fl-e3"/>
      </object_component>
      <object_component id="oc-1dd">
         <name>.debug_info</name>
         <load_address>0x122c9</load_address>
         <run_address>0x122c9</run_address>
         <size>0x14e</size>
         <input_file_ref idref="fl-e3"/>
      </object_component>
      <object_component id="oc-2b6">
         <name>.debug_info</name>
         <load_address>0x12417</load_address>
         <run_address>0x12417</run_address>
         <size>0x161</size>
         <input_file_ref idref="fl-e4"/>
      </object_component>
      <object_component id="oc-345">
         <name>.debug_info</name>
         <load_address>0x12578</load_address>
         <run_address>0x12578</run_address>
         <size>0x288</size>
         <input_file_ref idref="fl-e5"/>
      </object_component>
      <object_component id="oc-241">
         <name>.debug_info</name>
         <load_address>0x12800</load_address>
         <run_address>0x12800</run_address>
         <size>0x327</size>
         <input_file_ref idref="fl-e5"/>
      </object_component>
      <object_component id="oc-337">
         <name>.debug_info</name>
         <load_address>0x12b27</load_address>
         <run_address>0x12b27</run_address>
         <size>0x28d</size>
         <input_file_ref idref="fl-e6"/>
      </object_component>
      <object_component id="oc-235">
         <name>.debug_info</name>
         <load_address>0x12db4</load_address>
         <run_address>0x12db4</run_address>
         <size>0x380</size>
         <input_file_ref idref="fl-e6"/>
      </object_component>
      <object_component id="oc-3fb">
         <name>.debug_info</name>
         <load_address>0x13134</load_address>
         <run_address>0x13134</run_address>
         <size>0x28a</size>
         <input_file_ref idref="fl-e7"/>
      </object_component>
      <object_component id="oc-33a">
         <name>.debug_info</name>
         <load_address>0x133be</load_address>
         <run_address>0x133be</run_address>
         <size>0x22a</size>
         <input_file_ref idref="fl-e7"/>
      </object_component>
      <object_component id="oc-327">
         <name>.debug_info</name>
         <load_address>0x135e8</load_address>
         <run_address>0x135e8</run_address>
         <size>0x590</size>
         <input_file_ref idref="fl-e8"/>
      </object_component>
      <object_component id="oc-2fd">
         <name>.debug_info</name>
         <load_address>0x13b78</load_address>
         <run_address>0x13b78</run_address>
         <size>0x21e</size>
         <input_file_ref idref="fl-e8"/>
      </object_component>
      <object_component id="oc-3bc">
         <name>.debug_info</name>
         <load_address>0x13d96</load_address>
         <run_address>0x13d96</run_address>
         <size>0x1b3</size>
         <input_file_ref idref="fl-e8"/>
      </object_component>
      <object_component id="oc-3c2">
         <name>.debug_info</name>
         <load_address>0x13f49</load_address>
         <run_address>0x13f49</run_address>
         <size>0x21b</size>
         <input_file_ref idref="fl-e8"/>
      </object_component>
      <object_component id="oc-303">
         <name>.debug_info</name>
         <load_address>0x14164</load_address>
         <run_address>0x14164</run_address>
         <size>0x3c0</size>
         <input_file_ref idref="fl-e8"/>
      </object_component>
      <object_component id="oc-3c9">
         <name>.debug_info</name>
         <load_address>0x14524</load_address>
         <run_address>0x14524</run_address>
         <size>0x30a</size>
         <input_file_ref idref="fl-e8"/>
      </object_component>
      <object_component id="oc-3cf">
         <name>.debug_info</name>
         <load_address>0x1482e</load_address>
         <run_address>0x1482e</run_address>
         <size>0x215</size>
         <input_file_ref idref="fl-e8"/>
      </object_component>
      <object_component id="oc-309">
         <name>.debug_info</name>
         <load_address>0x14a43</load_address>
         <run_address>0x14a43</run_address>
         <size>0x215</size>
         <input_file_ref idref="fl-e8"/>
      </object_component>
      <object_component id="oc-30f">
         <name>.debug_info</name>
         <load_address>0x14c58</load_address>
         <run_address>0x14c58</run_address>
         <size>0x304</size>
         <input_file_ref idref="fl-e8"/>
      </object_component>
      <object_component id="oc-315">
         <name>.debug_info</name>
         <load_address>0x14f5c</load_address>
         <run_address>0x14f5c</run_address>
         <size>0x4b5</size>
         <input_file_ref idref="fl-e8"/>
      </object_component>
      <object_component id="oc-220">
         <name>.debug_info</name>
         <load_address>0x15411</load_address>
         <run_address>0x15411</run_address>
         <size>0x5f4</size>
         <input_file_ref idref="fl-e8"/>
      </object_component>
      <object_component id="oc-328">
         <name>.debug_info</name>
         <load_address>0x15a05</load_address>
         <run_address>0x15a05</run_address>
         <size>0x86</size>
         <input_file_ref idref="fl-e8"/>
      </object_component>
      <object_component id="oc-3ee">
         <name>.debug_info</name>
         <load_address>0x15a8b</load_address>
         <run_address>0x15a8b</run_address>
         <size>0x39</size>
         <input_file_ref idref="fl-e8"/>
      </object_component>
      <object_component id="oc-43c">
         <name>.debug_info</name>
         <load_address>0x15ac4</load_address>
         <run_address>0x15ac4</run_address>
         <size>0xb6</size>
         <input_file_ref idref="fl-e8"/>
      </object_component>
      <object_component id="oc-3f3">
         <name>.debug_info</name>
         <load_address>0x15b7a</load_address>
         <run_address>0x15b7a</run_address>
         <size>0x46</size>
         <input_file_ref idref="fl-e8"/>
      </object_component>
      <object_component id="oc-32d">
         <name>.debug_info</name>
         <load_address>0x15bc0</load_address>
         <run_address>0x15bc0</run_address>
         <size>0x46</size>
         <input_file_ref idref="fl-e8"/>
      </object_component>
      <object_component id="oc-97">
         <name>.debug_info</name>
         <load_address>0x15c06</load_address>
         <run_address>0x15c06</run_address>
         <size>0x147</size>
         <input_file_ref idref="fl-e9"/>
      </object_component>
      <object_component id="oc-3b1">
         <name>.debug_info</name>
         <load_address>0x15d4d</load_address>
         <run_address>0x15d4d</run_address>
         <size>0x134</size>
         <input_file_ref idref="fl-ea"/>
      </object_component>
      <object_component id="oc-25f">
         <name>.debug_info</name>
         <load_address>0x15e81</load_address>
         <run_address>0x15e81</run_address>
[...]
         <value>0x1ec5</value>
         <object_component_ref idref="oc-d7"/>
      </symbol>
      <symbol id="sm-286">
         <name>oi_init_noupdate</name>
         <value>0x16a5</value>
         <object_component_ref idref="oc-d7"/>
      </symbol>
      <symbol id="sm-287">
         <name>oi_uartSendChar</name>
         <value>0x1e31</value>
         <object_component_ref idref="oc-d7"/>
      </symbol>
      <symbol id="sm-288">
         <name>oi_alloc</name>
         <value>0x1689</value>
         <object_component_ref idref="oc-d7"/>
      </symbol>
      <symbol id="sm-289">
         <name>oi_getMotorCalibrationLeft</name>
         <value>0x2209</value>
         <object_component_ref idref="oc-d7"/>
      </symbol>
      <symbol id="sm-28a">
         <name>oi_loadSong</name>
         <value>0x1d31</value>
         <object_component_ref idref="oc-d7"/>
      </symbol>
      <symbol id="sm-28b">
         <name>oi_play_song</name>
         <value>0x1d87</value>
         <object_component_ref idref="oc-d7"/>
      </symbol>
      <symbol id="sm-28c">
         <name>oi_parsePacket</name>
         <value>0x1747</value>
         <object_component_ref idref="oc-d7"/>
      </symbol>
      <symbol id="sm-28d">
         <name>oi_setLeds</name>
         <value>0x1c67</value>
         <object_component_ref idref="oc-d7"/>
      </symbol>
      <symbol id="sm-28e">
         <name>oi_init</name>
         <value>0x16cd</value>
         <object_component_ref idref="oc-d7"/>
      </symbol>
      <symbol id="sm-28f">
         <name>oi_update</name>
         <value>0x16f5</value>
         <object_component_ref idref="oc-d7"/>
      </symbol>
      <symbol id="sm-290">
         <name>oi_uartInit</name>
         <value>0x1da9</value>
         <object_component_ref idref="oc-d7"/>
      </symbol>
      <symbol id="sm-2d7">
         <name>intflag</name>
         <value>0x20000f20</value>
         <object_component_ref idref="oc-21b"/>
      </symbol>
      <symbol id="sm-2d8">
         <name>END_TIME</name>
         <value>0x20000f14</value>
         <object_component_ref idref="oc-21b"/>
      </symbol>
      <symbol id="sm-2d9">
         <name>START_TIME</name>
         <value>0x20000f10</value>
         <object_component_ref idref="oc-21b"/>
      </symbol>
      <symbol id="sm-2da">
         <name>STATE</name>
         <value>0x20000f18</value>
         <object_component_ref idref="oc-21b"/>
      </symbol>
      <symbol id="sm-2db">
         <name>TIMER3B_Handler</name>
         <value>0x484b</value>
         <object_component_ref idref="oc-12c"/>
      </symbol>
      <symbol id="sm-2dc">
         <name>ping_init</name>
         <value>0x4709</value>
         <object_component_ref idref="oc-12c"/>
      </symbol>
      <symbol id="sm-2dd">
         <name>count</name>
         <value>0x20000f1c</value>
         <object_component_ref idref="oc-21b"/>
      </symbol>
      <symbol id="sm-2de">
         <name>ping_getDistance</name>
         <value>0x488b</value>
         <object_component_ref idref="oc-12c"/>
      </symbol>
      <symbol id="sm-2df">
         <name>ping_trigger</name>
         <value>0x47bf</value>
         <object_component_ref idref="oc-12c"/>
      </symbol>
      <symbol id="sm-31a">
         <name>clockwise</name>
         <value>0x20000ee4</value>
      </symbol>
      <symbol id="sm-31b">
         <name>degree</name>
         <value>0x20000f38</value>
         <object_component_ref idref="oc-214"/>
      </symbol>
      <symbol id="sm-31c">
         <name>servo_movec</name>
         <value>0x4f91</value>
         <object_component_ref idref="oc-126"/>
      </symbol>
      <symbol id="sm-31d">
         <name>servo_initc</name>
         <value>0x4ee5</value>
         <object_component_ref idref="oc-126"/>
      </symbol>
      <symbol id="sm-31e">
         <name>button_Handler</name>
         <value>0x4fe1</value>
         <object_component_ref idref="oc-126"/>
      </symbol>
      <symbol id="sm-33a">
         <name>ResetISR</name>
         <value>0x6fe9</value>
         <object_component_ref idref="oc-2a"/>
      </symbol>
      <symbol id="sm-33b">
         <name>g_pfnVectors</name>
         <value>0x0</value>
         <object_component_ref idref="oc-12"/>
      </symbol>
      <symbol id="sm-370">
         <name>uart_interrupt_handler</name>
         <value>0x5861</value>
         <object_component_ref idref="oc-f6"/>
      </symbol>
      <symbol id="sm-371">
         <name>uart_data</name>
         <value>0x20000f22</value>
         <object_component_ref idref="oc-fc"/>
      </symbol>
      <symbol id="sm-372">
         <name>uart_sendChar</name>
         <value>0x57f3</value>
         <object_component_ref idref="oc-f6"/>
      </symbol>
      <symbol id="sm-373">
         <name>uart_interrupt_init</name>
         <value>0x5841</value>
         <object_component_ref idref="oc-f6"/>
      </symbol>
      <symbol id="sm-374">
         <name>uart_init</name>
         <value>0x5781</value>
         <object_component_ref idref="oc-f6"/>
      </symbol>
      <symbol id="sm-375">
         <name>uart_receive</name>
         <value>0x582d</value>
         <object_component_ref idref="oc-f6"/>
      </symbol>
      <symbol id="sm-376">
         <name>flag</name>
         <value>0x20000f21</value>
         <object_component_ref idref="oc-fc"/>
      </symbol>
      <symbol id="sm-377">
         <name>uart_sendString</name>
         <value>0x580f</value>
         <object_component_ref idref="oc-f6"/>
      </symbol>
      <symbol id="sm-399">
         <name>servo_move</name>
         <value>0x596d</value>
         <object_component_ref idref="oc-20e"/>
      </symbol>
      <symbol id="sm-39a">
         <name>servo_init</name>
         <value>0x58dd</value>
         <object_component_ref idref="oc-20e"/>
      </symbol>
      <symbol id="sm-39b">
         <name>servo_stop</name>
         <value>0x5961</value>
         <object_component_ref idref="oc-20e"/>
      </symbol>
      <symbol id="sm-39c">
         <name>servo_setPWM</name>
         <value>0x59cd</value>
         <object_component_ref idref="oc-20e"/>
      </symbol>
      <symbol id="sm-3a7">
         <name>right_calibration_value</name>
         <value>0x20000eec</value>
      </symbol>
      <symbol id="sm-3a8">
         <name>left_calibration_value</name>
         <value>0x20000ee8</value>
      </symbol>
      <symbol id="sm-43f">
         <name>pow</name>
         <value>0x2cf9</value>
         <object_component_ref idref="oc-10e"/>
      </symbol>
      <symbol id="sm-440">
         <name>powl</name>
         <value>0x2cf9</value>
         <object_component_ref idref="oc-10e"/>
      </symbol>
      <symbol id="sm-462">
         <name>sqrtl</name>
         <value>0x5a35</value>
         <object_component_ref idref="oc-1d5"/>
      </symbol>
      <symbol id="sm-463">
         <name>sqrt</name>
         <value>0x5a35</value>
         <object_component_ref idref="oc-1d5"/>
      </symbol>
      <symbol id="sm-48a">
         <name>scalbn</name>
         <value>0x5f25</value>
         <object_component_ref idref="oc-1e4"/>
      </symbol>
      <symbol id="sm-48b">
         <name>scalbnl</name>
         <value>0x5f25</value>
         <object_component_ref idref="oc-1e4"/>
      </symbol>
      <symbol id="sm-48c">
         <name>ldexpl</name>
         <value>0x5f25</value>
         <object_component_ref idref="oc-1e4"/>
      </symbol>
      <symbol id="sm-48d">
         <name>ldexp</name>
         <value>0x5f25</value>
         <object_component_ref idref="oc-1e4"/>
      </symbol>
      <symbol id="sm-4dd">
         <name>sin</name>
         <value>0x3e01</value>
         <object_component_ref idref="oc-144"/>
      </symbol>
      <symbol id="sm-4de">
         <name>sinl</name>
         <value>0x3e01</value>
         <object_component_ref idref="oc-144"/>
      </symbol>
      <symbol id="sm-505">
         <name>sprintf</name>
         <value>0x6c71</value>
         <object_component_ref idref="oc-139"/>
      </symbol>
      <symbol id="sm-52f">
         <name>vsnprintf</name>
         <value>0x6cb1</value>
         <object_component_ref idref="oc-1f7"/>
      </symbol>
      <symbol id="sm-546">
         <name>__aeabi_dsub</name>
         <value>0x52e5</value>
         <object_component_ref idref="oc-dd"/>
      </symbol>
      <symbol id="sm-547">
         <name>__aeabi_dadd</name>
         <value>0x52ef</value>
         <object_component_ref idref="oc-dd"/>
      </symbol>
      <symbol id="sm-569">
         <name>__aeabi_cdcmpeq</name>
         <value>0x66b9</value>
         <object_component_ref idref="oc-ec"/>
      </symbol>
      <symbol id="sm-56a">
         <name>__aeabi_cdcmple</name>
         <value>0x66b9</value>
         <object_component_ref idref="oc-ec"/>
      </symbol>
      <symbol id="sm-56b">
         <name>__aeabi_cdrcmple</name>
         <value>0x673f</value>
         <object_component_ref idref="oc-ff"/>
      </symbol>
      <symbol id="sm-57f">
         <name>__aeabi_ddiv</name>
         <value>0x5cc9</value>
         <object_component_ref idref="oc-f1"/>
      </symbol>
      <symbol id="sm-58a">
         <name>__aeabi_dmul</name>
         <value>0x6135</value>
         <object_component_ref idref="oc-104"/>
      </symbol>
      <symbol id="sm-594">
         <name>__aeabi_d2iz</name>
         <value>0x6ba1</value>
         <object_component_ref idref="oc-e2"/>
      </symbol>
      <symbol id="sm-5a0">
         <name>__aeabi_d2f</name>
         <value>0x691f</value>
         <object_component_ref idref="oc-109"/>
      </symbol>
      <symbol id="sm-5aa">
         <name>__aeabi_d2uiz</name>
         <value>0x6c2d</value>
         <object_component_ref idref="oc-1c9"/>
      </symbol>
      <symbol id="sm-5b5">
         <name>__aeabi_f2d</name>
         <value>0x6d69</value>
         <object_component_ref idref="oc-13f"/>
      </symbol>
      <symbol id="sm-5bf">
         <name>__aeabi_i2d</name>
         <value>0x6e39</value>
         <object_component_ref idref="oc-e7"/>
      </symbol>
      <symbol id="sm-5da">
         <name>memcpy</name>
         <value>0x6587</value>
         <object_component_ref idref="oc-3e"/>
      </symbol>
      <symbol id="sm-5db">
         <name>__aeabi_memcpy</name>
         <value>0x6587</value>
         <object_component_ref idref="oc-3e"/>
      </symbol>
      <symbol id="sm-5dc">
         <name>__aeabi_memcpy8</name>
         <value>0x6587</value>
         <object_component_ref idref="oc-3e"/>
      </symbol>
      <symbol id="sm-5dd">
         <name>__aeabi_memcpy4</name>
         <value>0x6587</value>
         <object_component_ref idref="oc-3e"/>
      </symbol>
      <symbol id="sm-5f6">
         <name>__TI_zero_init_nomemset</name>
         <value>0x6e91</value>
         <object_component_ref idref="oc-4a"/>
      </symbol>
      <symbol id="sm-60d">
         <name>__TI_decompress_none</name>
         <value>0x6fcf</value>
         <object_component_ref idref="oc-1b"/>
      </symbol>
      <symbol id="sm-630">
         <name>__TI_decompress_lzss</name>
         <value>0x698d</value>
         <object_component_ref idref="oc-15"/>
      </symbol>
      <symbol id="sm-6c5">
         <name>_sys_memory</name>
         <value>0x20000a70</value>
         <object_component_ref idref="oc-24"/>
      </symbol>
      <symbol id="sm-6c6">
         <name>free</name>
         <value>0x6329</value>
         <object_component_ref idref="oc-19c"/>
      </symbol>
      <symbol id="sm-6c7">
         <name>memalign</name>
         <value>0x6035</value>
         <object_component_ref idref="oc-36a"/>
      </symbol>
      <symbol id="sm-6c8">
         <name>calloc</name>
         <value>0x6d31</value>
         <object_component_ref idref="oc-196"/>
      </symbol>
      <symbol id="sm-6c9">
         <name>malloc</name>
         <value>0x7009</value>
         <object_component_ref idref="oc-274"/>
      </symbol>
      <symbol id="sm-6ca">
         <name>aligned_alloc</name>
         <value>0x6035</value>
         <object_component_ref idref="oc-36a"/>
      </symbol>
      <symbol id="sm-6d9">
         <name>strcmp</name>
         <value>0x6f47</value>
         <object_component_ref idref="oc-1a9"/>
      </symbol>
      <symbol id="sm-6e7">
         <name>strcpy</name>
         <value>0x6f75</value>
         <object_component_ref idref="oc-1fd"/>
      </symbol>
      <symbol id="sm-74d">
         <name>__kernel_rem_pio2</name>
         <value>0x36c9</value>
         <object_component_ref idref="oc-23a"/>
      </symbol>
      <symbol id="sm-760">
         <name>__stack</name>
         <value>0x20000270</value>
         <object_component_ref idref="oc-27"/>
      </symbol>
      <symbol id="sm-761">
         <name>_c_int00_noargs</name>
         <value>0x6dd5</value>
         <object_component_ref idref="oc-5c"/>
      </symbol>
      <symbol id="sm-777">
         <name>__aeabi_errno_addr</name>
         <value>0x7001</value>
         <object_component_ref idref="oc-1db"/>
      </symbol>
      <symbol id="sm-778">
         <name>errno</name>
         <value>0x20000f34</value>
         <object_component_ref idref="oc-2ab"/>
      </symbol>
      <symbol id="sm-782">
         <name>copysign</name>
         <value>0x6ee5</value>
         <object_component_ref idref="oc-2b2"/>
      </symbol>
      <symbol id="sm-783">
         <name>copysignl</name>
         <value>0x6ee5</value>
         <object_component_ref idref="oc-2b2"/>
      </symbol>
      <symbol id="sm-799">
         <name>__kernel_cos</name>
         <value>0x5611</value>
         <object_component_ref idref="oc-240"/>
      </symbol>
      <symbol id="sm-7b0">
         <name>__kernel_sin</name>
         <value>0x549d</value>
         <object_component_ref idref="oc-234"/>
      </symbol>
      <symbol id="sm-7cd">
         <name>floorl</name>
         <value>0x6231</value>
         <object_component_ref idref="oc-338"/>
      </symbol>
      <symbol id="sm-7ce">
         <name>floor</name>
         <value>0x6231</value>
         <object_component_ref idref="oc-338"/>
      </symbol>
      <symbol id="sm-933">
         <name>__TI_printfi</name>
         <value>0x22a9</value>
         <object_component_ref idref="oc-21f"/>
      </symbol>
      <symbol id="sm-942">
         <name>__aeabi_memset</name>
         <value>0x67c7</value>
         <object_component_ref idref="oc-96"/>
      </symbol>
      <symbol id="sm-943">
         <name>memset</name>
         <value>0x67cd</value>
         <object_component_ref idref="oc-96"/>
      </symbol>
      <symbol id="sm-944">
         <name>__aeabi_memset8</name>
         <value>0x67c7</value>
         <object_component_ref idref="oc-96"/>
      </symbol>
      <symbol id="sm-945">
         <name>__aeabi_memset4</name>
         <value>0x67c7</value>
         <object_component_ref idref="oc-96"/>
      </symbol>
      <symbol id="sm-946">
         <name>__aeabi_memclr8</name>
         <value>0x67c5</value>
         <object_component_ref idref="oc-96"/>
      </symbol>
      <symbol id="sm-947">
         <name>__aeabi_memclr4</name>
         <value>0x67c5</value>
         <object_component_ref idref="oc-96"/>
      </symbol>
      <symbol id="sm-948">
         <name>__aeabi_memclr</name>
         <value>0x67c5</value>
         <object_component_ref idref="oc-96"/>
      </symbol>
      <symbol id="sm-955">
         <name>__aeabi_uldivmod</name>
         <value>0x6623</value>
         <object_component_ref idref="oc-3af"/>
      </symbol>
      <symbol id="sm-97d">
         <name>__TI_auto_init_nobinit_nopinit</name>
         <value>0x6be9</value>
         <object_component_ref idref="oc-162"/>
      </symbol>
      <symbol id="sm-987">
         <name>_system_pre_init</name>
         <value>0x7011</value>
         <object_component_ref idref="oc-9c"/>
      </symbol>
      <symbol id="sm-993">
         <name>C$$EXIT</name>
         <value>0x7015</value>
         <object_component_ref idref="oc-156"/>
      </symbol>
      <symbol id="sm-994">
         <name>abort</name>
         <value>0x7015</value>
         <object_component_ref idref="oc-156"/>
      </symbol>
      <symbol id="sm-9a9">
         <name>_nop</name>
         <value>0x2cf7</value>
         <object_component_ref idref="oc-34b"/>
      </symbol>
      <symbol id="sm-9aa">
         <name>_lock</name>
         <value>0x20000f24</value>
         <object_component_ref idref="oc-258"/>
      </symbol>
      <symbol id="sm-9ab">
         <name>_unlock</name>
         <value>0x20000f28</value>
         <object_component_ref idref="oc-258"/>
      </symbol>
      <symbol id="sm-9ba">
         <name>__TI_ltoa</name>
         <value>0x6aaf</value>
         <object_component_ref idref="oc-3b5"/>
      </symbol>
      <symbol id="sm-9d1">
         <name>atoi</name>
         <value>0x6b55</value>
         <object_component_ref idref="oc-2f6"/>
      </symbol>
      <symbol id="sm-9dc">
         <name>_ctypes_</name>
         <value>0x7170</value>
         <object_component_ref idref="oc-3aa"/>
      </symbol>
      <symbol id="sm-9ec">
         <name>memccpy</name>
         <value>0x6ec9</value>
         <object_component_ref idref="oc-31a"/>
      </symbol>
      <symbol id="sm-9fc">
         <name>strchr</name>
         <value>0x6f5f</value>
         <object_component_ref idref="oc-3dc"/>
      </symbol>
      <symbol id="sm-a0a">
         <name>strlen</name>
         <value>0x6f89</value>
         <object_component_ref idref="oc-2f0"/>
      </symbol>
      <symbol id="sm-a23">
         <name>wcslen</name>
         <value>0x6f9d</value>
         <object_component_ref idref="oc-320"/>
      </symbol>
      <symbol id="sm-a39">
         <name>frexpl</name>
         <value>0x69f5</value>
         <object_component_ref idref="oc-3d6"/>
      </symbol>
      <symbol id="sm-a3a">
         <name>frexp</name>
         <value>0x69f5</value>
         <object_component_ref idref="oc-3d6"/>
      </symbol>
      <symbol id="sm-a44">
         <name>__aeabi_idiv0</name>
         <value>0x549b</value>
         <object_component_ref idref="oc-423"/>
      </symbol>
      <symbol id="sm-a45">
         <name>__aeabi_ldiv0</name>
         <value>0x549b</value>
         <object_component_ref idref="oc-423"/>
      </symbol>
      <symbol id="sm-a74">
         <name>IntRegister</name>
         <value>0x6da1</value>
         <object_component_ref idref="oc-1af"/>
      </symbol>
      <symbol id="sm-a75">
         <name>g_pfnRAMVectors</name>
         <value>0x20000000</value>
         <object_component_ref idref="oc-28a"/>
      </symbol>
      <symbol id="sm-a76">
         <name>IntMasterEnable</name>
         <value>0x6faf</value>
         <object_component_ref idref="oc-1b5"/>
      </symbol>
      <symbol id="sm-a80">
         <name>CPUcpsie</name>
         <value>0x6fdd</value>
         <object_component_ref idref="oc-294"/>
      </symbol>
      <symbol id="sm-a81">
         <name>__TI_static_base__</name>
         <value>0x0</value>
      </symbol>
      <symbol id="sm-a84">
         <name>__mpu_init</name>
         <value>0x0</value>
      </symbol>
      <symbol id="sm-a85">
         <name>_system_post_cinit</name>
         <value>0x0</value>
      </symbol>
   </symbol_table>
   <title>Link successful</title>
</link_info>
