******************************************************************************
                  TI ARM Linker PC v20.2.7                     
******************************************************************************
>> Linked Tue Oct 22 18:06:25 2024

OUTPUT FILE NAME:   <L7.out>
ENTRY POINT SYMBOL: "_c_int00_noargs"  address: 00006a61


MEMORY CONFIGURATION

         name            origin    length      used     unused   attr    fill
----------------------  --------  ---------  --------  --------  ----  --------
  FLASH                 00000000   00040000  00006f97  00039069  R  X
  SRAM                  20000000   00008000  00001b2e  000064d2  RW X


SEGMENT ALLOCATION MAP

run origin  load origin   length   init length attrs members
----------  ----------- ---------- ----------- ----- -------
00000000    00000000    00006fa0   00006fa0    r-x
  00000000    00000000    0000026c   0000026c    r-- .intvecs
  0000026c    0000026c    00006a38   00006a38    r-x .text
  00006ca8    00006ca8    000002a3   000002a3    r-- .const
  00006f50    00006f50    00000050   00000050    r-- .cinit
20000000    20000000    00001b35   00000000    rw-
  20000000    20000000    0000026c   00000000    rw- .vtable
  20000270    20000270    00001000   00000000    rw- .stack
  20001270    20001270    00000800   00000000    rw- .sysmem
  20001a70    20001a70    00000089   00000000    rw- .bss
  20001afc    20001afc    00000039   00000000    rw- .data


SECTION ALLOCATION MAP

 output                                  attributes/
section   page    origin      length       input sections
--------  ----  ----------  ----------   ----------------
.intvecs   0    00000000    0000026c     
                  00000000    0000026c     tm4c123gh6pm_startup_ccs.obj (.intvecs)

.text      0    0000026c    00006a38     
                  0000026c    00000e2c     main.obj (.text)
                  00001098    00000c20     open_interface.obj (.text)
                  00001cb8    00000a4e     rtsv7M4_T_le_v4SPD16_eabi.lib : _printfi.c.obj (.text:__TI_printfi)
                  00002706    00000002                                   : _lock.c.obj (.text:_nop)
                  00002708    000009d0                                   : e_pow.c.obj (.text:pow)
                  000030d8    00000738                                   : k_rem_pio2.c.obj (.text:__kernel_rem_pio2)
                  00003810    000005e0                                   : s_sin.c.obj (.text:sin)
                  00003df0    00000350     movement.obj (.text)
                  00004140    00000328     lcd.obj (.text)
                  00004468    00000270     rtsv7M4_T_le_v4SPD16_eabi.lib : _printfi.c.obj (.text:_pconv_a)
                  000046d8    00000260     libcybotScan.lib : cyBot_Scan.obj (.text)
                  00004938    00000248     Timer.obj (.text)
                  00004b80    000001ec     libcybotScan.lib : ping.obj (.text)
                  00004d6c    000001d0     rtsv7M4_T_le_v4SPD16_eabi.lib : _printfi.c.obj (.text:_pconv_g)
                  00004f3c    000001b6                                   : fd_add_t2.asm.obj (.text)
                  000050f2    00000002                                   : div0.asm.obj (.text)
                  000050f4    00000174                                   : k_sin.c.obj (.text:__kernel_sin)
                  00005268    00000170                                   : k_cos.c.obj (.text:__kernel_cos)
                  000053d8    00000158     libcybotScan.lib : servo.obj (.text)
                  00005530    00000158     rtsv7M4_T_le_v4SPD16_eabi.lib : e_sqrt.c.obj (.text:sqrt)
                  00005688    00000140     uart_extra_help.obj (.text)
                  000057c8    0000013c     rtsv7M4_T_le_v4SPD16_eabi.lib : _printfi.c.obj (.text:_pconv_e)
                  00005904    00000136                                   : fd_div_t2.asm.obj (.text)
                  00005a3a    00000002     --HOLE-- [fill = 0]
                  00005a3c    00000124                                   : _printfi.c.obj (.text:fcvt)
                  00005b60    00000118     libcybotScan.lib : ir.obj (.text)
                  00005c78    00000110     rtsv7M4_T_le_v4SPD16_eabi.lib : s_scalbn.c.obj (.text:scalbn)
                  00005d88    00000100                                   : memory.c.obj (.text:aligned_alloc)
                  00005e88    000000fc                                   : fd_mul_t2.asm.obj (.text)
                  00005f84    000000f8                                   : s_floor.c.obj (.text:floor)
                  0000607c    000000e4                                   : memory.c.obj (.text:free)
                  00006160    000000b1                                   : _printfi.c.obj (.text:_ltostr)
                  00006211    00000001     --HOLE-- [fill = 0]
                  00006212    0000009c                                   : memcpy_t2.asm.obj (.text)
                  000062ae    00000096                                   : ull_div_t2.asm.obj (.text)
                  00006344    00000086                                   : fd_cmp_t2.asm.obj (.text:__aeabi_cdcmple)
                  000063ca    00000086                                   : fd_cmp_t2.asm.obj (.text:__aeabi_cdrcmple)
                  00006450    0000007a                                   : memset_t2.asm.obj (.text)
                  000064ca    00000002     --HOLE-- [fill = 0]
                  000064cc    00000070                                   : memory.c.obj (.text:split)
                  0000653c    0000006e                                   : _printfi.c.obj (.text:_mcpy)
                  000065aa    0000006e                                   : fd_tos_t2.asm.obj (.text)
                  00006618    00000068                                   : copy_decompress_lzss.c.obj (.text:decompress:lzss:__TI_decompress_lzss)
                  00006680    00000064                                   : s_frexp.c.obj (.text:frexp)
                  000066e4    00000056                                   : _printfi.c.obj (.text:_pconv_f)
                  0000673a    00000054                                   : _ltoa.c.obj (.text:__TI_ltoa)
                  0000678e    00000052                                   : _printfi.c.obj (.text:_ecpy)
                  000067e0    0000004c                                   : atoi.c.obj (.text:atoi)
                  0000682c    00000048                                   : fd_toi_t2.asm.obj (.text)
                  00006874    00000044                                   : autoinit.c.obj (.text:__TI_auto_init_nobinit_nopinit:__TI_auto_init_nobinit_nopinit)
                  000068b8    00000044                                   : fd_tou_t2.asm.obj (.text)
                  000068fc    00000040                                   : sprintf.c.obj (.text:sprintf)
                  0000693c    00000040                                   : vsnprintf.c.obj (.text:vsnprintf)
                  0000697c    0000003e                                   : _printfi.c.obj (.text:_fcpy)
                  000069ba    00000002     --HOLE-- [fill = 0]
                  000069bc    00000038                                   : memory.c.obj (.text:calloc)
                  000069f4    00000038                                   : fs_tod_t2.asm.obj (.text)
                  00006a2c    00000034     driverlib.lib : interrupt.obj (.text:IntRegister)
                  00006a60    00000034     rtsv7M4_T_le_v4SPD16_eabi.lib : boot_cortex_m.c.obj (.text:_c_int00_noargs:_c_int00_noargs)
                  00006a94    00000030                                   : vsnprintf.c.obj (.text:_outs)
                  00006ac4    0000002e                                   : i_tofd_t2.asm.obj (.text)
                  00006af2    00000002     --HOLE-- [fill = 0]
                  00006af4    00000028                                   : memory.c.obj (.text:free_list_insert)
                  00006b1c    0000001c                                   : copy_zero_init.c.obj (.text:decompress:ZI:__TI_zero_init_nomemset:__TI_zero_init_nomemset)
                  00006b38    0000001c                                   : memory.c.obj (.text:free_list_remove)
                  00006b54    0000001c                                   : memccpy.c.obj (.text:memccpy)
                  00006b70    0000001a                                   : s_copysign.c.obj (.text:copysign)
                  00006b8a    00000018                                   : vsnprintf.c.obj (.text:_outc)
                  00006ba2    00000018                                   : sprintf.c.obj (.text:_outs)
                  00006bba    00000018     open_interface.obj (.text:oi_parseInt)
                  00006bd2    00000018     rtsv7M4_T_le_v4SPD16_eabi.lib : strcmp.c.obj (.text:strcmp)
                  00006bea    00000016                                   : strchr.c.obj (.text:strchr)
                  00006c00    00000014                                   : strcpy.c.obj (.text:strcpy)
                  00006c14    00000014                                   : strlen.c.obj (.text:strlen)
                  00006c28    00000012                                   : wcslen.c.obj (.text:wcslen)
                  00006c3a    00000010     driverlib.lib : interrupt.obj (.text:IntMasterEnable)
                  00006c4a    00000010     lcd.obj (.text:lcd_clear)
                  00006c5a    0000000e     rtsv7M4_T_le_v4SPD16_eabi.lib : copy_decompress_none.c.obj (.text:decompress:none:__TI_decompress_none)
                  00006c68    0000000c     driverlib.lib : cpu.obj (.text:CPUcpsie)
                  00006c74    0000000c     tm4c123gh6pm_startup_ccs.obj (.text)
                  00006c80    0000000a     rtsv7M4_T_le_v4SPD16_eabi.lib : sprintf.c.obj (.text:_outc)
                  00006c8a    00000002     --HOLE-- [fill = 0]
                  00006c8c    00000008                                   : errno.c.obj (.text:__aeabi_errno_addr)
                  00006c94    00000008                                   : memory.c.obj (.text:malloc)
                  00006c9c    00000004                                   : pre_init.c.obj (.text:_system_pre_init)
                  00006ca0    00000004                                   : exit.c.obj (.text:abort:abort)

.const     0    00006ca8    000002a3     
                  00006ca8    00000158     rtsv7M4_T_le_v4SPD16_eabi.lib : k_rem_pio2.c.obj (.const:$O1$$)
                  00006e00    00000101                                   : ctype.c.obj (.const:.string:_ctypes_)
                  00006f01    00000004     lcd.obj (.const:.string:lineAddress$1)
                  00006f05    00000003     --HOLE-- [fill = 0]
                  00006f08    00000030     rtsv7M4_T_le_v4SPD16_eabi.lib : e_pow.c.obj (.const:$O1$$)
                  00006f38    0000000f     open_interface.obj (.const:.string:$P$T0$3)
                  00006f47    00000004     lcd.obj (.const:.string:lineAddresses$2)

.cinit     0    00006f50    00000050     
                  00006f50    00000018     (.cinit..data.load) [load image, compression = lzss]
                  00006f68    0000000c     (__TI_handler_table)
                  00006f74    00000004     --HOLE-- [fill = 0]
                  00006f78    00000008     (.cinit..bss.load) [load image, compression = zero_init]
                  00006f80    00000008     (.cinit..vtable.load) [load image, compression = zero_init]
                  00006f88    00000018     (__TI_cinit_table)

.init_array 
*          0    00000000    00000000     UNINITIALIZED

.vtable    0    20000000    0000026c     UNINITIALIZED
                  20000000    0000026c     driverlib.lib : interrupt.obj (.vtable)

.stack     0    20000270    00001000     UNINITIALIZED
                  20000270    00000004     rtsv7M4_T_le_v4SPD16_eabi.lib : boot_cortex_m.c.obj (.stack)
                  20000274    00000ffc     --HOLE--

.sysmem    0    20001270    00000800     UNINITIALIZED
                  20001270    00000010     rtsv7M4_T_le_v4SPD16_eabi.lib : memory.c.obj (.sysmem)
                  20001280    000007f0     --HOLE--

.bss       0    20001a70    00000089     UNINITIALIZED
                  20001a70    00000054     lcd.obj (.bss:lastbuffer$3)
                  20001ac4    00000018     open_interface.obj (.bss:firmware$2)
                  20001adc    00000004     (.common:_timeout_ticks)
                  20001ae0    00000004     (.common:fallingEdge)
                  20001ae4    00000004     (.common:isr_int_value)
                  20001ae8    00000004     (.common:left_calibration_value)
                  20001aec    00000004     (.common:pulseLength)
                  20001af0    00000004     (.common:right_calibration_value)
                  20001af4    00000004     (.common:risingEdge)
                  20001af8    00000001     (.common:isRisingEdge)

.data      0    20001afc    00000039     UNINITIALIZED
                  20001afc    00000020     open_interface.obj (.data)
                  20001b1c    00000008     rtsv7M4_T_le_v4SPD16_eabi.lib : _lock.c.obj (.data:$O1$$)
                  20001b24    00000008                                   : memory.c.obj (.data:$O1$$)
                  20001b2c    00000004     libcybotScan.lib : cyBot_Scan.obj (.data)
                  20001b30    00000004     rtsv7M4_T_le_v4SPD16_eabi.lib : errno.c.obj (.data)
                  20001b34    00000001     Timer.obj (.data)

__llvm_prf_cnts 
*          0    20000000    00000000     UNINITIALIZED

MODULE SUMMARY

       Module                         code    ro data   rw data
       ------                         ----    -------   -------
    .\
       main.obj                       3628    0         8      
       open_interface.obj             3128    15        56     
       lcd.obj                        824     8         84     
       movement.obj                   848     0         0      
       tm4c123gh6pm_startup_ccs.obj   12      620       0      
       Timer.obj                      584     0         5      
       uart_extra_help.obj            320     0         0      
    +--+------------------------------+-------+---------+---------+
       Total:                         9344    643       153    
                                                               
    ../libcybotScan.lib
       cyBot_Scan.obj                 608     0         4      
       ping.obj                       492     0         13     
       servo.obj                      344     0         0      
       ir.obj                         280     0         4      
    +--+------------------------------+-------+---------+---------+
       Total:                         1724    0         21     
                                                               
    C:/ti/TivaWare_C_Series-2.2.0.295/driverlib/ccs/Debug/driverlib.lib
       interrupt.obj                  68      0         620    
       cpu.obj                        12      0         0      
    +--+------------------------------+-------+---------+---------+
       Total:                         80      0         620    
                                                               
    C:\ti\ccs1271\ccs\tools\compiler\ti-cgt-arm_20.2.7.LTS\lib\rtsv7M4_T_le_v4SPD16_eabi.lib
       _printfi.c.obj                 4851    0         0      
       e_pow.c.obj                    2512    48        0      
       k_rem_pio2.c.obj               1848    344       0      
       s_sin.c.obj                    1504    0         0      
       memory.c.obj                   728     0         8      
       fd_add_t2.asm.obj              438     0         0      
       k_sin.c.obj                    372     0         0      
       k_cos.c.obj                    368     0         0      
       e_sqrt.c.obj                   344     0         0      
       fd_div_t2.asm.obj              310     0         0      
       s_scalbn.c.obj                 272     0         0      
       fd_cmp_t2.asm.obj              268     0         0      
       ctype.c.obj                    0       257       0      
       fd_mul_t2.asm.obj              252     0         0      
       s_floor.c.obj                  248     0         0      
       memcpy_t2.asm.obj              156     0         0      
       ull_div_t2.asm.obj             150     0         0      
       vsnprintf.c.obj                136     0         0      
       memset_t2.asm.obj              122     0         0      
       fd_tos_t2.asm.obj              110     0         0      
       copy_decompress_lzss.c.obj     104     0         0      
       s_frexp.c.obj                  100     0         0      
       sprintf.c.obj                  98      0         0      
       _ltoa.c.obj                    84      0         0      
       atoi.c.obj                     76      0         0      
       fd_toi_t2.asm.obj              72      0         0      
       autoinit.c.obj                 68      0         0      
       fd_tou_t2.asm.obj              68      0         0      
       fs_tod_t2.asm.obj              56      0         0      
       boot_cortex_m.c.obj            52      0         0      
       i_tofd_t2.asm.obj              46      0         0      
       copy_zero_init.c.obj           28      0         0      
       memccpy.c.obj                  28      0         0      
       s_copysign.c.obj               26      0         0      
       strcmp.c.obj                   24      0         0      
       strchr.c.obj                   22      0         0      
       strcpy.c.obj                   20      0         0      
       strlen.c.obj                   20      0         0      
       wcslen.c.obj                   18      0         0      
       copy_decompress_none.c.obj     14      0         0      
       errno.c.obj                    8       0         4      
       _lock.c.obj                    2       0         8      
       exit.c.obj                     4       0         0      
       pre_init.c.obj                 4       0         0      
       div0.asm.obj                   2       0         0      
    +--+------------------------------+-------+---------+---------+
       Total:                         16033   649       20     
                                                               
       Heap:                          0       0         2048   
       Stack:                         0       0         4096   
       Linker Generated:              0       76        0      
    +--+------------------------------+-------+---------+---------+
       Grand Total:                   27181   1368      6958   


LINKER GENERATED COPY TABLES

__TI_cinit_table @ 00006f88 records: 3, size/record: 8, table size: 24
	.data: load addr=00006f50, load size=00000018 bytes, run addr=20001afc, run size=00000039 bytes, compression=lzss
	.bss: load addr=00006f78, load size=00000008 bytes, run addr=20001a70, run size=00000089 bytes, compression=zero_init
	.vtable: load addr=00006f80, load size=00000008 bytes, run addr=20000000, run size=0000026c bytes, compression=zero_init


LINKER GENERATED HANDLER TABLE

__TI_handler_table @ 00006f68 records: 3, size/record: 4, table size: 12
	index: 0, handler: __TI_zero_init
	index: 1, handler: __TI_decompress_lzss
	index: 2, handler: __TI_decompress_none


GLOBAL SYMBOLS: SORTED ALPHABETICALLY BY Name 

address   name                          
-------   ----                          
00005bf9  ADC0SS0_Handler               
00006ca1  C$$EXIT                       
00006c69  CPUcpsie                      
000019ef  GPIOF_Handler                 
00006c3b  IntMasterEnable               
00006a2d  IntRegister                   
00006c75  ResetISR                      
00004c71  TIMER3B_Handler               
20001270  __STACK_END                   
00001000  __STACK_SIZE                  
20000470  __STACK_TOP                   
00000800  __SYSMEM_SIZE                 
00006f88  __TI_CINIT_Base               
00006fa0  __TI_CINIT_Limit              
00006f68  __TI_Handler_Table_Base       
00006f74  __TI_Handler_Table_Limit      
00006875  __TI_auto_init_nobinit_nopinit
00006619  __TI_decompress_lzss          
00006c5b  __TI_decompress_none          
0000673b  __TI_ltoa                     
ffffffff  __TI_pprof_out_hndl           
00001cb9  __TI_printfi                  
ffffffff  __TI_prof_data_size           
ffffffff  __TI_prof_data_start          
00000000  __TI_static_base__            
00006b1d  __TI_zero_init_nomemset       
00006345  __aeabi_cdcmpeq               
00006345  __aeabi_cdcmple               
000063cb  __aeabi_cdrcmple              
000065ab  __aeabi_d2f                   
0000682d  __aeabi_d2iz                  
000068b9  __aeabi_d2uiz                 
00004f47  __aeabi_dadd                  
00005905  __aeabi_ddiv                  
00005e89  __aeabi_dmul                  
00004f3d  __aeabi_dsub                  
00006c8d  __aeabi_errno_addr            
000069f5  __aeabi_f2d                   
00006ac5  __aeabi_i2d                   
000050f3  __aeabi_idiv0                 
000050f3  __aeabi_ldiv0                 
00006451  __aeabi_memclr                
00006451  __aeabi_memclr4               
00006451  __aeabi_memclr8               
00006213  __aeabi_memcpy                
00006213  __aeabi_memcpy4               
00006213  __aeabi_memcpy8               
00006453  __aeabi_memset                
00006453  __aeabi_memset4               
00006453  __aeabi_memset8               
000062af  __aeabi_uldivmod              
ffffffff  __binit__                     
ffffffff  __c_args__                    
00005269  __kernel_cos                  
000030d9  __kernel_rem_pio2             
000050f5  __kernel_sin                  
UNDEFED   __mpu_init                    
20000270  __stack                       
20000000  __start___llvm_prf_cnts       
20000000  __stop___llvm_prf_cnts        
00006a61  _c_int00_noargs               
00006e00  _ctypes_                      
20001b1c  _lock                         
00002707  _nop                          
20001b34  _running                      
20001270  _sys_memory                   
UNDEFED   _system_post_cinit            
00006c9d  _system_pre_init              
20001adc  _timeout_ticks                
20001b20  _unlock                       
00006ca1  abort                         
00005d89  aligned_alloc                 
000067e1  atoi                          
ffffffff  binit                         
000069bd  calloc                        
00006b71  copysign                      
00006b71  copysignl                     
000047b1  cyBOT_SERVO_cal               
0000473f  cyBOT_Scan                    
000046e7  cyBOT_init_Scan               
20001b2c  cyBOT_scan_features           
000046d9  cyBOT_scan_version            
20001b30  errno                         
20001ae0  fallingEdge                   
00005f85  floor                         
00005f85  floorl                        
0000607d  free                          
00006681  frexp                         
00006681  frexpl                        
20000000  g_pfnRAMVectors               
00000000  g_pfnVectors                  
000017ab  go_charge                     
00005c0f  ir_enableInterrupt            
00005bf1  ir_getDistance                
00005bc9  ir_getValue                   
00005b61  ir_init                       
20001af8  isRisingEdge                  
20001ae4  isr_int_value                 
00006c4b  lcd_clear                     
00004315  lcd_gotoLine                  
0000417d  lcd_init                      
0000437b  lcd_printf                    
0000423d  lcd_putc                      
00004275  lcd_puts                      
00004141  lcd_reverseNibble             
00004293  lcd_sendCommand               
000042d1  lcd_sendNibble                
0000433d  lcd_setCursorPos              
00005c79  ldexp                         
00005c79  ldexpl                        
20001ae8  left_calibration_value        
0000026d  main                          
00006c95  malloc                        
00005d89  memalign                      
00006b55  memccpy                       
00006213  memcpy                        
00006459  memset                        
20001afc  motor_cal_factor_L            
20001b00  motor_cal_factor_R            
00003fef  move_backwards                
00003df1  move_forward                  
00003edd  move_forward_go_around        
00001099  oi_alloc                      
000018d5  oi_checkFirmware              
000010f3  oi_close                      
000010a5  oi_free                       
00001c19  oi_getMotorCalibrationLeft    
00001c2d  oi_getMotorCalibrationRight   
000010dd  oi_init                       
000010b5  oi_init_noupdate              
00001741  oi_loadSong                   
00006bbb  oi_parseInt                   
00001157  oi_parsePacket                
00001797  oi_play_song                  
00001677  oi_setLeds                    
00001bdd  oi_setMotorCalibration        
000016bb  oi_setWheels                  
0000197d  oi_shutoff_init               
000017b9  oi_uartInit                   
0000185d  oi_uartReceive                
000018a3  oi_uartSendBuff               
00001841  oi_uartSendChar               
00001885  oi_uartSendStr                
00001105  oi_update                     
00004cc3  ping_getDistance              
00004b81  ping_init                     
00004c07  ping_trigger                  
00002709  pow                           
00002709  powl                          
20001aec  pulseLength                   
20001af0  right_calibration_value       
20001af4  risingEdge                    
00005c79  scalbn                        
00005c79  scalbnl                       
000053d9  servo_init                    
00005469  servo_move                    
000054c9  servo_setPWM                  
0000545d  servo_stop                    
00003811  sin                           
00003811  sinl                          
000068fd  sprintf                       
00005531  sqrt                          
00005531  sqrtl                         
00006beb  strchr                        
00006bd3  strcmp                        
00006c01  strcpy                        
00006c15  strlen                        
00004a57  timer_getMicros               
000049ff  timer_getMillis               
00004939  timer_init                    
000049db  timer_pause                   
000049ed  timer_resume                  
000049b1  timer_stop                    
00004ab1  timer_waitMicros              
00004ae3  timer_waitMillis              
000040ad  turn_cclockwise               
00004049  turn_clockwise                
00005689  uart_init                     
0000574b  uart_interrupt_handler        
0000572b  uart_interrupt_init           
00005717  uart_receive                  
000056fb  uart_sendChar                 
0000693d  vsnprintf                     
00006c29  wcslen                        


GLOBAL SYMBOLS: SORTED BY Symbol Address 

address   name                          
-------   ----                          
00000000  __TI_static_base__            
00000000  g_pfnVectors                  
0000026d  main                          
00000800  __SYSMEM_SIZE                 
00001000  __STACK_SIZE                  
00001099  oi_alloc                      
000010a5  oi_free                       
000010b5  oi_init_noupdate              
000010dd  oi_init                       
000010f3  oi_close                      
00001105  oi_update                     
00001157  oi_parsePacket                
00001677  oi_setLeds                    
000016bb  oi_setWheels                  
00001741  oi_loadSong                   
00001797  oi_play_song                  
000017ab  go_charge                     
000017b9  oi_uartInit                   
00001841  oi_uartSendChar               
0000185d  oi_uartReceive                
00001885  oi_uartSendStr                
000018a3  oi_uartSendBuff               
000018d5  oi_checkFirmware              
0000197d  oi_shutoff_init               
000019ef  GPIOF_Handler                 
00001bdd  oi_setMotorCalibration        
00001c19  oi_getMotorCalibrationLeft    
00001c2d  oi_getMotorCalibrationRight   
00001cb9  __TI_printfi                  
00002707  _nop                          
00002709  pow                           
00002709  powl                          
000030d9  __kernel_rem_pio2             
00003811  sin                           
00003811  sinl                          
00003df1  move_forward                  
00003edd  move_forward_go_around        
00003fef  move_backwards                
00004049  turn_clockwise                
000040ad  turn_cclockwise               
00004141  lcd_reverseNibble             
0000417d  lcd_init                      
0000423d  lcd_putc                      
00004275  lcd_puts                      
00004293  lcd_sendCommand               
000042d1  lcd_sendNibble                
00004315  lcd_gotoLine                  
0000433d  lcd_setCursorPos              
0000437b  lcd_printf                    
000046d9  cyBOT_scan_version            
000046e7  cyBOT_init_Scan               
0000473f  cyBOT_Scan                    
000047b1  cyBOT_SERVO_cal               
00004939  timer_init                    
000049b1  timer_stop                    
000049db  timer_pause                   
000049ed  timer_resume                  
000049ff  timer_getMillis               
00004a57  timer_getMicros               
00004ab1  timer_waitMicros              
00004ae3  timer_waitMillis              
00004b81  ping_init                     
00004c07  ping_trigger                  
00004c71  TIMER3B_Handler               
00004cc3  ping_getDistance              
00004f3d  __aeabi_dsub                  
00004f47  __aeabi_dadd                  
000050f3  __aeabi_idiv0                 
000050f3  __aeabi_ldiv0                 
000050f5  __kernel_sin                  
00005269  __kernel_cos                  
000053d9  servo_init                    
0000545d  servo_stop                    
00005469  servo_move                    
000054c9  servo_setPWM                  
00005531  sqrt                          
00005531  sqrtl                         
00005689  uart_init                     
000056fb  uart_sendChar                 
00005717  uart_receive                  
0000572b  uart_interrupt_init           
0000574b  uart_interrupt_handler        
00005905  __aeabi_ddiv                  
00005b61  ir_init                       
00005bc9  ir_getValue                   
00005bf1  ir_getDistance                
00005bf9  ADC0SS0_Handler               
00005c0f  ir_enableInterrupt            
00005c79  ldexp                         
00005c79  ldexpl                        
00005c79  scalbn                        
00005c79  scalbnl                       
00005d89  aligned_alloc                 
00005d89  memalign                      
00005e89  __aeabi_dmul                  
00005f85  floor                         
00005f85  floorl                        
0000607d  free                          
00006213  __aeabi_memcpy                
00006213  __aeabi_memcpy4               
00006213  __aeabi_memcpy8               
00006213  memcpy                        
000062af  __aeabi_uldivmod              
00006345  __aeabi_cdcmpeq               
00006345  __aeabi_cdcmple               
000063cb  __aeabi_cdrcmple              
00006451  __aeabi_memclr                
00006451  __aeabi_memclr4               
00006451  __aeabi_memclr8               
00006453  __aeabi_memset                
00006453  __aeabi_memset4               
00006453  __aeabi_memset8               
00006459  memset                        
000065ab  __aeabi_d2f                   
00006619  __TI_decompress_lzss          
00006681  frexp                         
00006681  frexpl                        
0000673b  __TI_ltoa                     
000067e1  atoi                          
0000682d  __aeabi_d2iz                  
00006875  __TI_auto_init_nobinit_nopinit
000068b9  __aeabi_d2uiz                 
000068fd  sprintf                       
0000693d  vsnprintf                     
000069bd  calloc                        
000069f5  __aeabi_f2d                   
00006a2d  IntRegister                   
00006a61  _c_int00_noargs               
00006ac5  __aeabi_i2d                   
00006b1d  __TI_zero_init_nomemset       
00006b55  memccpy                       
00006b71  copysign                      
00006b71  copysignl                     
00006bbb  oi_parseInt                   
00006bd3  strcmp                        
00006beb  strchr                        
00006c01  strcpy                        
00006c15  strlen                        
00006c29  wcslen                        
00006c3b  IntMasterEnable               
00006c4b  lcd_clear                     
00006c5b  __TI_decompress_none          
00006c69  CPUcpsie                      
00006c75  ResetISR                      
00006c8d  __aeabi_errno_addr            
00006c95  malloc                        
00006c9d  _system_pre_init              
00006ca1  C$$EXIT                       
00006ca1  abort                         
00006e00  _ctypes_                      
00006f68  __TI_Handler_Table_Base       
00006f74  __TI_Handler_Table_Limit      
00006f88  __TI_CINIT_Base               
00006fa0  __TI_CINIT_Limit              
20000000  __start___llvm_prf_cnts       
20000000  __stop___llvm_prf_cnts        
20000000  g_pfnRAMVectors               
20000270  __stack                       
20000470  __STACK_TOP                   
20001270  __STACK_END                   
20001270  _sys_memory                   
20001adc  _timeout_ticks                
20001ae0  fallingEdge                   
20001ae4  isr_int_value                 
20001ae8  left_calibration_value        
20001aec  pulseLength                   
20001af0  right_calibration_value       
20001af4  risingEdge                    
20001af8  isRisingEdge                  
20001afc  motor_cal_factor_L            
20001b00  motor_cal_factor_R            
20001b1c  _lock                         
20001b20  _unlock                       
20001b2c  cyBOT_scan_features           
20001b30  errno                         
20001b34  _running                      
ffffffff  __TI_pprof_out_hndl           
ffffffff  __TI_prof_data_size           
ffffffff  __TI_prof_data_start          
ffffffff  __binit__                     
ffffffff  __c_args__                    
ffffffff  binit                         
UNDEFED   __mpu_init                    
UNDEFED   _system_post_cinit            

[184 symbols]
