<?xml version="1.0" encoding="ISO-8859-1" ?>
<link_info>
   <banner>TI ARM Linker PC v20.2.7.LTS</banner>
   <copyright>Copyright (c) 1996-2018 Texas Instruments Incorporated</copyright>
   <link_time>0x67182ff1</link_time>
   <link_errors>0x0</link_errors>
   <output_file>L7.out</output_file>
   <entry_point>
      <name>_c_int00_noargs</name>
      <address>0x6a61</address>
   </entry_point>
   <input_file_list>
      <input_file id="fl-2">
         <path>.\</path>
         <kind>object</kind>
         <file>Timer.obj</file>
         <name>Timer.obj</name>
      </input_file>
      <input_file id="fl-3">
         <path>.\</path>
         <kind>object</kind>
         <file>lcd.obj</file>
         <name>lcd.obj</name>
      </input_file>
      <input_file id="fl-4">
         <path>.\</path>
         <kind>object</kind>
         <file>main.obj</file>
         <name>main.obj</name>
      </input_file>
      <input_file id="fl-5">
         <path>.\</path>
         <kind>object</kind>
         <file>movement.obj</file>
         <name>movement.obj</name>
      </input_file>
      <input_file id="fl-6">
         <path>.\</path>
         <kind>object</kind>
         <file>open_interface.obj</file>
         <name>open_interface.obj</name>
      </input_file>
      <input_file id="fl-7">
         <path>.\</path>
         <kind>object</kind>
         <file>tm4c123gh6pm_startup_ccs.obj</file>
         <name>tm4c123gh6pm_startup_ccs.obj</name>
      </input_file>
      <input_file id="fl-8">
         <path>.\</path>
         <kind>object</kind>
         <file>uart_extra_help.obj</file>
         <name>uart_extra_help.obj</name>
      </input_file>
      <input_file id="fl-e">
         <kind>object</kind>
         <file>&lt;internal&gt;</file>
         <name>&lt;internal&gt;</name>
      </input_file>
      <input_file id="fl-f">
         <path>..\</path>
         <kind>archive</kind>
         <file>libcybotScan.lib</file>
         <name>cyBot_Scan.obj</name>
      </input_file>
      <input_file id="fl-10">
         <path>..\</path>
         <kind>archive</kind>
         <file>libcybotScan.lib</file>
         <name>ir.obj</name>
      </input_file>
      <input_file id="fl-11">
         <path>..\</path>
         <kind>archive</kind>
         <file>libcybotScan.lib</file>
         <name>ping.obj</name>
      </input_file>
      <input_file id="fl-12">
         <path>..\</path>
         <kind>archive</kind>
         <file>libcybotScan.lib</file>
         <name>servo.obj</name>
      </input_file>
      <input_file id="fl-c8">
         <path>C:\ti\ccs1271\ccs\tools\compiler\ti-cgt-arm_20.2.7.LTS\lib\</path>
         <kind>archive</kind>
         <file>rtsv7M4_T_le_v4SPD16_eabi.lib</file>
         <name>e_pow.c.obj</name>
      </input_file>
      <input_file id="fl-c9">
         <path>C:\ti\ccs1271\ccs\tools\compiler\ti-cgt-arm_20.2.7.LTS\lib\</path>
         <kind>archive</kind>
         <file>rtsv7M4_T_le_v4SPD16_eabi.lib</file>
         <name>e_sqrt.c.obj</name>
      </input_file>
      <input_file id="fl-ca">
         <path>C:\ti\ccs1271\ccs\tools\compiler\ti-cgt-arm_20.2.7.LTS\lib\</path>
         <kind>archive</kind>
         <file>rtsv7M4_T_le_v4SPD16_eabi.lib</file>
         <name>s_scalbn.c.obj</name>
      </input_file>
      <input_file id="fl-cb">
         <path>C:\ti\ccs1271\ccs\tools\compiler\ti-cgt-arm_20.2.7.LTS\lib\</path>
         <kind>archive</kind>
         <file>rtsv7M4_T_le_v4SPD16_eabi.lib</file>
         <name>s_sin.c.obj</name>
      </input_file>
      <input_file id="fl-cc">
         <path>C:\ti\ccs1271\ccs\tools\compiler\ti-cgt-arm_20.2.7.LTS\lib\</path>
         <kind>archive</kind>
         <file>rtsv7M4_T_le_v4SPD16_eabi.lib</file>
         <name>sprintf.c.obj</name>
      </input_file>
      <input_file id="fl-cd">
         <path>C:\ti\ccs1271\ccs\tools\compiler\ti-cgt-arm_20.2.7.LTS\lib\</path>
         <kind>archive</kind>
         <file>rtsv7M4_T_le_v4SPD16_eabi.lib</file>
         <name>vsnprintf.c.obj</name>
      </input_file>
      <input_file id="fl-ce">
         <path>C:\ti\ccs1271\ccs\tools\compiler\ti-cgt-arm_20.2.7.LTS\lib\</path>
         <kind>archive</kind>
         <file>rtsv7M4_T_le_v4SPD16_eabi.lib</file>
         <name>fd_add_t2.asm.obj</name>
      </input_file>
      <input_file id="fl-cf">
         <path>C:\ti\ccs1271\ccs\tools\compiler\ti-cgt-arm_20.2.7.LTS\lib\</path>
         <kind>archive</kind>
         <file>rtsv7M4_T_le_v4SPD16_eabi.lib</file>
         <name>fd_cmp_t2.asm.obj</name>
      </input_file>
      <input_file id="fl-d0">
         <path>C:\ti\ccs1271\ccs\tools\compiler\ti-cgt-arm_20.2.7.LTS\lib\</path>
         <kind>archive</kind>
         <file>rtsv7M4_T_le_v4SPD16_eabi.lib</file>
         <name>fd_div_t2.asm.obj</name>
      </input_file>
      <input_file id="fl-d1">
         <path>C:\ti\ccs1271\ccs\tools\compiler\ti-cgt-arm_20.2.7.LTS\lib\</path>
         <kind>archive</kind>
         <file>rtsv7M4_T_le_v4SPD16_eabi.lib</file>
         <name>fd_mul_t2.asm.obj</name>
      </input_file>
      <input_file id="fl-d2">
         <path>C:\ti\ccs1271\ccs\tools\compiler\ti-cgt-arm_20.2.7.LTS\lib\</path>
         <kind>archive</kind>
         <file>rtsv7M4_T_le_v4SPD16_eabi.lib</file>
         <name>fd_toi_t2.asm.obj</name>
      </input_file>
      <input_file id="fl-d3">
         <path>C:\ti\ccs1271\ccs\tools\compiler\ti-cgt-arm_20.2.7.LTS\lib\</path>
         <kind>archive</kind>
         <file>rtsv7M4_T_le_v4SPD16_eabi.lib</file>
         <name>fd_tos_t2.asm.obj</name>
      </input_file>
      <input_file id="fl-d4">
         <path>C:\ti\ccs1271\ccs\tools\compiler\ti-cgt-arm_20.2.7.LTS\lib\</path>
         <kind>archive</kind>
         <file>rtsv7M4_T_le_v4SPD16_eabi.lib</file>
         <name>fd_tou_t2.asm.obj</name>
      </input_file>
      <input_file id="fl-d5">
         <path>C:\ti\ccs1271\ccs\tools\compiler\ti-cgt-arm_20.2.7.LTS\lib\</path>
         <kind>archive</kind>
         <file>rtsv7M4_T_le_v4SPD16_eabi.lib</file>
         <name>fs_tod_t2.asm.obj</name>
      </input_file>
      <input_file id="fl-d6">
         <path>C:\ti\ccs1271\ccs\tools\compiler\ti-cgt-arm_20.2.7.LTS\lib\</path>
         <kind>archive</kind>
         <file>rtsv7M4_T_le_v4SPD16_eabi.lib</file>
         <name>i_tofd_t2.asm.obj</name>
      </input_file>
      <input_file id="fl-d7">
         <path>C:\ti\ccs1271\ccs\tools\compiler\ti-cgt-arm_20.2.7.LTS\lib\</path>
         <kind>archive</kind>
         <file>rtsv7M4_T_le_v4SPD16_eabi.lib</file>
         <name>memcpy_t2.asm.obj</name>
      </input_file>
      <input_file id="fl-d8">
         <path>C:\ti\ccs1271\ccs\tools\compiler\ti-cgt-arm_20.2.7.LTS\lib\</path>
         <kind>archive</kind>
         <file>rtsv7M4_T_le_v4SPD16_eabi.lib</file>
         <name>copy_zero_init.c.obj</name>
      </input_file>
      <input_file id="fl-d9">
         <path>C:\ti\ccs1271\ccs\tools\compiler\ti-cgt-arm_20.2.7.LTS\lib\</path>
         <kind>archive</kind>
         <file>rtsv7M4_T_le_v4SPD16_eabi.lib</file>
         <name>copy_decompress_none.c.obj</name>
      </input_file>
      <input_file id="fl-da">
         <path>C:\ti\ccs1271\ccs\tools\compiler\ti-cgt-arm_20.2.7.LTS\lib\</path>
         <kind>archive</kind>
         <file>rtsv7M4_T_le_v4SPD16_eabi.lib</file>
         <name>copy_decompress_lzss.c.obj</name>
      </input_file>
      <input_file id="fl-db">
         <path>C:\ti\ccs1271\ccs\tools\compiler\ti-cgt-arm_20.2.7.LTS\lib\</path>
         <kind>archive</kind>
         <file>rtsv7M4_T_le_v4SPD16_eabi.lib</file>
         <name>memory.c.obj</name>
      </input_file>
      <input_file id="fl-dc">
         <path>C:\ti\ccs1271\ccs\tools\compiler\ti-cgt-arm_20.2.7.LTS\lib\</path>
         <kind>archive</kind>
         <file>rtsv7M4_T_le_v4SPD16_eabi.lib</file>
         <name>strcmp.c.obj</name>
      </input_file>
      <input_file id="fl-dd">
         <path>C:\ti\ccs1271\ccs\tools\compiler\ti-cgt-arm_20.2.7.LTS\lib\</path>
         <kind>archive</kind>
         <file>rtsv7M4_T_le_v4SPD16_eabi.lib</file>
         <name>strcpy.c.obj</name>
      </input_file>
      <input_file id="fl-de">
         <path>C:\ti\ccs1271\ccs\tools\compiler\ti-cgt-arm_20.2.7.LTS\lib\</path>
         <kind>archive</kind>
         <file>rtsv7M4_T_le_v4SPD16_eabi.lib</file>
         <name>k_rem_pio2.c.obj</name>
      </input_file>
      <input_file id="fl-df">
         <path>C:\ti\ccs1271\ccs\tools\compiler\ti-cgt-arm_20.2.7.LTS\lib\</path>
         <kind>archive</kind>
         <file>rtsv7M4_T_le_v4SPD16_eabi.lib</file>
         <name>boot_cortex_m.c.obj</name>
      </input_file>
      <input_file id="fl-e0">
         <path>C:\ti\ccs1271\ccs\tools\compiler\ti-cgt-arm_20.2.7.LTS\lib\</path>
         <kind>archive</kind>
         <file>rtsv7M4_T_le_v4SPD16_eabi.lib</file>
         <name>errno.c.obj</name>
      </input_file>
      <input_file id="fl-e1">
         <path>C:\ti\ccs1271\ccs\tools\compiler\ti-cgt-arm_20.2.7.LTS\lib\</path>
         <kind>archive</kind>
         <file>rtsv7M4_T_le_v4SPD16_eabi.lib</file>
         <name>s_copysign.c.obj</name>
      </input_file>
      <input_file id="fl-e2">
         <path>C:\ti\ccs1271\ccs\tools\compiler\ti-cgt-arm_20.2.7.LTS\lib\</path>
         <kind>archive</kind>
         <file>rtsv7M4_T_le_v4SPD16_eabi.lib</file>
         <name>k_cos.c.obj</name>
      </input_file>
      <input_file id="fl-e3">
         <path>C:\ti\ccs1271\ccs\tools\compiler\ti-cgt-arm_20.2.7.LTS\lib\</path>
         <kind>archive</kind>
         <file>rtsv7M4_T_le_v4SPD16_eabi.lib</file>
         <name>k_sin.c.obj</name>
      </input_file>
      <input_file id="fl-e4">
         <path>C:\ti\ccs1271\ccs\tools\compiler\ti-cgt-arm_20.2.7.LTS\lib\</path>
         <kind>archive</kind>
         <file>rtsv7M4_T_le_v4SPD16_eabi.lib</file>
         <name>s_floor.c.obj</name>
      </input_file>
      <input_file id="fl-e5">
         <path>C:\ti\ccs1271\ccs\tools\compiler\ti-cgt-arm_20.2.7.LTS\lib\</path>
         <kind>archive</kind>
         <file>rtsv7M4_T_le_v4SPD16_eabi.lib</file>
         <name>_printfi.c.obj</name>
      </input_file>
      <input_file id="fl-e6">
         <path>C:\ti\ccs1271\ccs\tools\compiler\ti-cgt-arm_20.2.7.LTS\lib\</path>
         <kind>archive</kind>
         <file>rtsv7M4_T_le_v4SPD16_eabi.lib</file>
         <name>memset_t2.asm.obj</name>
      </input_file>
      <input_file id="fl-e7">
         <path>C:\ti\ccs1271\ccs\tools\compiler\ti-cgt-arm_20.2.7.LTS\lib\</path>
         <kind>archive</kind>
         <file>rtsv7M4_T_le_v4SPD16_eabi.lib</file>
         <name>ull_div_t2.asm.obj</name>
      </input_file>
      <input_file id="fl-e8">
         <path>C:\ti\ccs1271\ccs\tools\compiler\ti-cgt-arm_20.2.7.LTS\lib\</path>
         <kind>archive</kind>
         <file>rtsv7M4_T_le_v4SPD16_eabi.lib</file>
         <name>autoinit.c.obj</name>
      </input_file>
      <input_file id="fl-e9">
         <path>C:\ti\ccs1271\ccs\tools\compiler\ti-cgt-arm_20.2.7.LTS\lib\</path>
         <kind>archive</kind>
         <file>rtsv7M4_T_le_v4SPD16_eabi.lib</file>
         <name>pre_init.c.obj</name>
      </input_file>
      <input_file id="fl-ea">
         <path>C:\ti\ccs1271\ccs\tools\compiler\ti-cgt-arm_20.2.7.LTS\lib\</path>
         <kind>archive</kind>
         <file>rtsv7M4_T_le_v4SPD16_eabi.lib</file>
         <name>cpy_tbl.c.obj</name>
      </input_file>
      <input_file id="fl-eb">
         <path>C:\ti\ccs1271\ccs\tools\compiler\ti-cgt-arm_20.2.7.LTS\lib\</path>
         <kind>archive</kind>
         <file>rtsv7M4_T_le_v4SPD16_eabi.lib</file>
         <name>exit.c.obj</name>
      </input_file>
      <input_file id="fl-ec">
         <path>C:\ti\ccs1271\ccs\tools\compiler\ti-cgt-arm_20.2.7.LTS\lib\</path>
         <kind>archive</kind>
         <file>rtsv7M4_T_le_v4SPD16_eabi.lib</file>
         <name>_lock.c.obj</name>
      </input_file>
      <input_file id="fl-ed">
         <path>C:\ti\ccs1271\ccs\tools\compiler\ti-cgt-arm_20.2.7.LTS\lib\</path>
         <kind>archive</kind>
         <file>rtsv7M4_T_le_v4SPD16_eabi.lib</file>
         <name>_ltoa.c.obj</name>
      </input_file>
      <input_file id="fl-ee">
         <path>C:\ti\ccs1271\ccs\tools\compiler\ti-cgt-arm_20.2.7.LTS\lib\</path>
         <kind>archive</kind>
         <file>rtsv7M4_T_le_v4SPD16_eabi.lib</file>
         <name>args_main.c.obj</name>
      </input_file>
      <input_file id="fl-ef">
         <path>C:\ti\ccs1271\ccs\tools\compiler\ti-cgt-arm_20.2.7.LTS\lib\</path>
         <kind>archive</kind>
         <file>rtsv7M4_T_le_v4SPD16_eabi.lib</file>
         <name>atoi.c.obj</name>
      </input_file>
      <input_file id="fl-f0">
         <path>C:\ti\ccs1271\ccs\tools\compiler\ti-cgt-arm_20.2.7.LTS\lib\</path>
         <kind>archive</kind>
         <file>rtsv7M4_T_le_v4SPD16_eabi.lib</file>
         <name>ctype.c.obj</name>
      </input_file>
      <input_file id="fl-f1">
         <path>C:\ti\ccs1271\ccs\tools\compiler\ti-cgt-arm_20.2.7.LTS\lib\</path>
         <kind>archive</kind>
         <file>rtsv7M4_T_le_v4SPD16_eabi.lib</file>
         <name>memccpy.c.obj</name>
      </input_file>
      <input_file id="fl-f2">
         <path>C:\ti\ccs1271\ccs\tools\compiler\ti-cgt-arm_20.2.7.LTS\lib\</path>
         <kind>archive</kind>
         <file>rtsv7M4_T_le_v4SPD16_eabi.lib</file>
         <name>strchr.c.obj</name>
      </input_file>
      <input_file id="fl-f3">
         <path>C:\ti\ccs1271\ccs\tools\compiler\ti-cgt-arm_20.2.7.LTS\lib\</path>
         <kind>archive</kind>
         <file>rtsv7M4_T_le_v4SPD16_eabi.lib</file>
         <name>strlen.c.obj</name>
      </input_file>
      <input_file id="fl-f4">
         <path>C:\ti\ccs1271\ccs\tools\compiler\ti-cgt-arm_20.2.7.LTS\lib\</path>
         <kind>archive</kind>
         <file>rtsv7M4_T_le_v4SPD16_eabi.lib</file>
         <name>wcslen.c.obj</name>
      </input_file>
      <input_file id="fl-f5">
         <path>C:\ti\ccs1271\ccs\tools\compiler\ti-cgt-arm_20.2.7.LTS\lib\</path>
         <kind>archive</kind>
         <file>rtsv7M4_T_le_v4SPD16_eabi.lib</file>
         <name>s_frexp.c.obj</name>
      </input_file>
      <input_file id="fl-f6">
         <path>C:\ti\ccs1271\ccs\tools\compiler\ti-cgt-arm_20.2.7.LTS\lib\</path>
         <kind>archive</kind>
         <file>rtsv7M4_T_le_v4SPD16_eabi.lib</file>
         <name>div0.asm.obj</name>
      </input_file>
      <input_file id="fl-f7">
         <path>C:\ti\TivaWare_C_Series-2.2.0.295\driverlib\ccs\Debug\</path>
         <kind>archive</kind>
         <file>driverlib.lib</file>
         <name>interrupt.obj</name>
      </input_file>
      <input_file id="fl-f8">
         <path>C:\ti\TivaWare_C_Series-2.2.0.295\driverlib\ccs\Debug\</path>
         <kind>archive</kind>
         <file>driverlib.lib</file>
         <name>cpu.obj</name>
      </input_file>
   </input_file_list>
   <object_component_list>
      <object_component id="oc-12">
         <name>.intvecs</name>
         <load_address>0x0</load_address>
         <run_address>0x0</run_address>
         <size>0x26c</size>
         <input_file_ref idref="fl-7"/>
      </object_component>
      <object_component id="oc-a2">
         <name>.text</name>
         <load_address>0x26c</load_address>
         <run_address>0x26c</run_address>
         <size>0xe2c</size>
         <input_file_ref idref="fl-4"/>
      </object_component>
      <object_component id="oc-e3">
         <name>.text</name>
         <load_address>0x1098</load_address>
         <run_address>0x1098</run_address>
         <size>0xc20</size>
         <input_file_ref idref="fl-6"/>
      </object_component>
      <object_component id="oc-20a">
         <name>.text:__TI_printfi</name>
         <load_address>0x1cb8</load_address>
         <run_address>0x1cb8</run_address>
         <size>0xa4e</size>
         <input_file_ref idref="fl-e5"/>
      </object_component>
      <object_component id="oc-357">
         <name>.text:_nop</name>
         <load_address>0x2706</load_address>
         <run_address>0x2706</run_address>
         <size>0x2</size>
         <input_file_ref idref="fl-ec"/>
      </object_component>
      <object_component id="oc-117">
         <name>.text:pow</name>
         <load_address>0x2708</load_address>
         <run_address>0x2708</run_address>
         <size>0x9d0</size>
         <input_file_ref idref="fl-c8"/>
      </object_component>
      <object_component id="oc-24c">
         <name>.text:__kernel_rem_pio2</name>
         <load_address>0x30d8</load_address>
         <run_address>0x30d8</run_address>
         <size>0x738</size>
         <input_file_ref idref="fl-de"/>
      </object_component>
      <object_component id="oc-12c">
         <name>.text:sin</name>
         <load_address>0x3810</load_address>
         <run_address>0x3810</run_address>
         <size>0x5e0</size>
         <input_file_ref idref="fl-cb"/>
      </object_component>
      <object_component id="oc-137">
         <name>.text</name>
         <load_address>0x3df0</load_address>
         <run_address>0x3df0</run_address>
         <size>0x350</size>
         <input_file_ref idref="fl-5"/>
      </object_component>
      <object_component id="oc-dd">
         <name>.text</name>
         <load_address>0x4140</load_address>
         <run_address>0x4140</run_address>
         <size>0x328</size>
         <input_file_ref idref="fl-3"/>
      </object_component>
      <object_component id="oc-301">
         <name>.text:_pconv_a</name>
         <load_address>0x4468</load_address>
         <run_address>0x4468</run_address>
         <size>0x270</size>
         <input_file_ref idref="fl-e5"/>
      </object_component>
      <object_component id="oc-ef">
         <name>.text</name>
         <load_address>0x46d8</load_address>
         <run_address>0x46d8</run_address>
         <size>0x260</size>
         <input_file_ref idref="fl-f"/>
      </object_component>
      <object_component id="oc-d7">
         <name>.text</name>
         <load_address>0x4938</load_address>
         <run_address>0x4938</run_address>
         <size>0x248</size>
         <input_file_ref idref="fl-2"/>
      </object_component>
      <object_component id="oc-1e2">
         <name>.text</name>
         <load_address>0x4b80</load_address>
         <run_address>0x4b80</run_address>
         <size>0x1ec</size>
         <input_file_ref idref="fl-11"/>
      </object_component>
      <object_component id="oc-2ef">
         <name>.text:_pconv_g</name>
         <load_address>0x4d6c</load_address>
         <run_address>0x4d6c</run_address>
         <size>0x1d0</size>
         <input_file_ref idref="fl-e5"/>
      </object_component>
      <object_component id="oc-1c6">
         <name>.text</name>
         <load_address>0x4f3c</load_address>
         <run_address>0x4f3c</run_address>
         <size>0x1b6</size>
         <input_file_ref idref="fl-ce"/>
      </object_component>
      <object_component id="oc-424">
         <name>.text</name>
         <load_address>0x50f2</load_address>
         <run_address>0x50f2</run_address>
         <size>0x2</size>
         <input_file_ref idref="fl-f6"/>
      </object_component>
      <object_component id="oc-246">
         <name>.text:__kernel_sin</name>
         <load_address>0x50f4</load_address>
         <run_address>0x50f4</run_address>
         <size>0x174</size>
         <input_file_ref idref="fl-e3"/>
      </object_component>
      <object_component id="oc-252">
         <name>.text:__kernel_cos</name>
         <load_address>0x5268</load_address>
         <run_address>0x5268</run_address>
         <size>0x170</size>
         <input_file_ref idref="fl-e2"/>
      </object_component>
      <object_component id="oc-1dc">
         <name>.text</name>
         <load_address>0x53d8</load_address>
         <run_address>0x53d8</run_address>
         <size>0x158</size>
         <input_file_ref idref="fl-12"/>
      </object_component>
      <object_component id="oc-221">
         <name>.text:sqrt</name>
         <load_address>0x5530</load_address>
         <run_address>0x5530</run_address>
         <size>0x158</size>
         <input_file_ref idref="fl-c9"/>
      </object_component>
      <object_component id="oc-e9">
         <name>.text</name>
         <load_address>0x5688</load_address>
         <run_address>0x5688</run_address>
         <size>0x140</size>
         <input_file_ref idref="fl-8"/>
      </object_component>
      <object_component id="oc-2fb">
         <name>.text:_pconv_e</name>
         <load_address>0x57c8</load_address>
         <run_address>0x57c8</run_address>
         <size>0x13c</size>
         <input_file_ref idref="fl-e5"/>
      </object_component>
      <object_component id="oc-112">
         <name>.text</name>
         <load_address>0x5904</load_address>
         <run_address>0x5904</run_address>
         <size>0x136</size>
         <input_file_ref idref="fl-d0"/>
      </object_component>
      <object_component id="oc-3bd">
         <name>.text:fcvt</name>
         <load_address>0x5a3c</load_address>
         <run_address>0x5a3c</run_address>
         <size>0x124</size>
         <input_file_ref idref="fl-e5"/>
      </object_component>
      <object_component id="oc-1e8">
         <name>.text</name>
         <load_address>0x5b60</load_address>
         <run_address>0x5b60</run_address>
         <size>0x118</size>
         <input_file_ref idref="fl-10"/>
      </object_component>
      <object_component id="oc-235">
         <name>.text:scalbn</name>
         <load_address>0x5c78</load_address>
         <run_address>0x5c78</run_address>
         <size>0x110</size>
         <input_file_ref idref="fl-ca"/>
      </object_component>
      <object_component id="oc-38c">
         <name>.text:aligned_alloc</name>
         <load_address>0x5d88</load_address>
         <run_address>0x5d88</run_address>
         <size>0x100</size>
         <input_file_ref idref="fl-db"/>
      </object_component>
      <object_component id="oc-122">
         <name>.text</name>
         <load_address>0x5e88</load_address>
         <run_address>0x5e88</run_address>
         <size>0xfc</size>
         <input_file_ref idref="fl-d1"/>
      </object_component>
      <object_component id="oc-343">
         <name>.text:floor</name>
         <load_address>0x5f84</load_address>
         <run_address>0x5f84</run_address>
         <size>0xf8</size>
         <input_file_ref idref="fl-e4"/>
      </object_component>
      <object_component id="oc-1b0">
         <name>.text:free</name>
         <load_address>0x607c</load_address>
         <run_address>0x607c</run_address>
         <size>0xe4</size>
         <input_file_ref idref="fl-db"/>
      </object_component>
      <object_component id="oc-2e9">
         <name>.text:_ltostr</name>
         <load_address>0x6160</load_address>
         <run_address>0x6160</run_address>
         <size>0xb1</size>
         <input_file_ref idref="fl-e5"/>
      </object_component>
      <object_component id="oc-3e">
         <name>.text</name>
         <load_address>0x6212</load_address>
         <run_address>0x6212</run_address>
         <size>0x9c</size>
         <input_file_ref idref="fl-d7"/>
      </object_component>
      <object_component id="oc-3a4">
         <name>.text</name>
         <load_address>0x62ae</load_address>
         <run_address>0x62ae</run_address>
         <size>0x96</size>
         <input_file_ref idref="fl-e7"/>
      </object_component>
      <object_component id="oc-127">
         <name>.text:__aeabi_cdcmple</name>
         <load_address>0x6344</load_address>
         <run_address>0x6344</run_address>
         <size>0x86</size>
         <input_file_ref idref="fl-cf"/>
      </object_component>
      <object_component id="oc-230">
         <name>.text:__aeabi_cdrcmple</name>
         <load_address>0x63ca</load_address>
         <run_address>0x63ca</run_address>
         <size>0x86</size>
         <input_file_ref idref="fl-cf"/>
      </object_component>
      <object_component id="oc-96">
         <name>.text</name>
         <load_address>0x6450</load_address>
         <run_address>0x6450</run_address>
         <size>0x7a</size>
         <input_file_ref idref="fl-e6"/>
      </object_component>
      <object_component id="oc-414">
         <name>.text:split</name>
         <load_address>0x64cc</load_address>
         <run_address>0x64cc</run_address>
         <size>0x70</size>
         <input_file_ref idref="fl-db"/>
      </object_component>
      <object_component id="oc-3b6">
         <name>.text:_mcpy</name>
         <load_address>0x653c</load_address>
         <run_address>0x653c</run_address>
         <size>0x6e</size>
         <input_file_ref idref="fl-e5"/>
      </object_component>
      <object_component id="oc-11d">
         <name>.text</name>
         <load_address>0x65aa</load_address>
         <run_address>0x65aa</run_address>
         <size>0x6e</size>
         <input_file_ref idref="fl-d3"/>
      </object_component>
      <object_component id="oc-15">
         <name>.text:decompress:lzss:__TI_decompress_lzss</name>
         <load_address>0x6618</load_address>
         <run_address>0x6618</run_address>
         <size>0x68</size>
         <input_file_ref idref="fl-da"/>
      </object_component>
      <object_component id="oc-3cb">
         <name>.text:frexp</name>
         <load_address>0x6680</load_address>
         <run_address>0x6680</run_address>
         <size>0x64</size>
         <input_file_ref idref="fl-f5"/>
      </object_component>
      <object_component id="oc-2f5">
         <name>.text:_pconv_f</name>
         <load_address>0x66e4</load_address>
         <run_address>0x66e4</run_address>
         <size>0x56</size>
         <input_file_ref idref="fl-e5"/>
      </object_component>
      <object_component id="oc-3aa">
         <name>.text:__TI_ltoa</name>
         <load_address>0x673a</load_address>
         <run_address>0x673a</run_address>
         <size>0x54</size>
         <input_file_ref idref="fl-ed"/>
      </object_component>
      <object_component id="oc-3b0">
         <name>.text:_ecpy</name>
         <load_address>0x678e</load_address>
         <run_address>0x678e</run_address>
         <size>0x52</size>
         <input_file_ref idref="fl-e5"/>
      </object_component>
      <object_component id="oc-2e3">
         <name>.text:atoi</name>
         <load_address>0x67e0</load_address>
         <run_address>0x67e0</run_address>
         <size>0x4c</size>
         <input_file_ref idref="fl-ef"/>
      </object_component>
      <object_component id="oc-132">
         <name>.text</name>
         <load_address>0x682c</load_address>
         <run_address>0x682c</run_address>
         <size>0x48</size>
         <input_file_ref idref="fl-d2"/>
      </object_component>
      <object_component id="oc-14f">
         <name>.text:__TI_auto_init_nobinit_nopinit:__TI_auto_init_nobinit_nopinit</name>
         <load_address>0x6874</load_address>
         <run_address>0x6874</run_address>
         <size>0x44</size>
         <input_file_ref idref="fl-e8"/>
      </object_component>
      <object_component id="oc-1d6">
         <name>.text</name>
         <load_address>0x68b8</load_address>
         <run_address>0x68b8</run_address>
         <size>0x44</size>
         <input_file_ref idref="fl-d4"/>
      </object_component>
      <object_component id="oc-102">
         <name>.text:sprintf</name>
         <load_address>0x68fc</load_address>
         <run_address>0x68fc</run_address>
         <size>0x40</size>
         <input_file_ref idref="fl-cc"/>
      </object_component>
      <object_component id="oc-18e">
         <name>.text:vsnprintf</name>
         <load_address>0x693c</load_address>
         <run_address>0x693c</run_address>
         <size>0x40</size>
         <input_file_ref idref="fl-cd"/>
      </object_component>
      <object_component id="oc-3c3">
         <name>.text:_fcpy</name>
         <load_address>0x697c</load_address>
         <run_address>0x697c</run_address>
         <size>0x3e</size>
         <input_file_ref idref="fl-e5"/>
      </object_component>
      <object_component id="oc-1aa">
         <name>.text:calloc</name>
         <load_address>0x69bc</load_address>
         <run_address>0x69bc</run_address>
         <size>0x38</size>
         <input_file_ref idref="fl-db"/>
      </object_component>
      <object_component id="oc-108">
         <name>.text</name>
         <load_address>0x69f4</load_address>
         <run_address>0x69f4</run_address>
         <size>0x38</size>
         <input_file_ref idref="fl-d5"/>
      </object_component>
      <object_component id="oc-183">
         <name>.text:IntRegister</name>
         <load_address>0x6a2c</load_address>
         <run_address>0x6a2c</run_address>
         <size>0x34</size>
         <input_file_ref idref="fl-f7"/>
      </object_component>
      <object_component id="oc-5c">
         <name>.text:_c_int00_noargs:_c_int00_noargs</name>
         <load_address>0x6a60</load_address>
         <run_address>0x6a60</run_address>
         <size>0x34</size>
         <input_file_ref idref="fl-df"/>
      </object_component>
      <object_component id="oc-289">
         <name>.text:_outs</name>
         <load_address>0x6a94</load_address>
         <run_address>0x6a94</run_address>
         <size>0x30</size>
         <input_file_ref idref="fl-cd"/>
      </object_component>
      <object_component id="oc-10d">
         <name>.text</name>
         <load_address>0x6ac4</load_address>
         <run_address>0x6ac4</run_address>
         <size>0x2e</size>
         <input_file_ref idref="fl-d6"/>
      </object_component>
      <object_component id="oc-2b9">
         <name>.text:free_list_insert</name>
         <load_address>0x6af4</load_address>
         <run_address>0x6af4</run_address>
         <size>0x28</size>
         <input_file_ref idref="fl-db"/>
      </object_component>
      <object_component id="oc-4a">
         <name>.text:decompress:ZI:__TI_zero_init_nomemset:__TI_zero_init_nomemset</name>
         <load_address>0x6b1c</load_address>
         <run_address>0x6b1c</run_address>
         <size>0x1c</size>
         <input_file_ref idref="fl-d8"/>
      </object_component>
      <object_component id="oc-2b3">
         <name>.text:free_list_remove</name>
         <load_address>0x6b38</load_address>
         <run_address>0x6b38</run_address>
         <size>0x1c</size>
         <input_file_ref idref="fl-db"/>
      </object_component>
      <object_component id="oc-307">
         <name>.text:memccpy</name>
         <load_address>0x6b54</load_address>
         <run_address>0x6b54</run_address>
         <size>0x1c</size>
         <input_file_ref idref="fl-f1"/>
      </object_component>
      <object_component id="oc-32d">
         <name>.text:copysign</name>
         <load_address>0x6b70</load_address>
         <run_address>0x6b70</run_address>
         <size>0x1a</size>
         <input_file_ref idref="fl-e1"/>
      </object_component>
      <object_component id="oc-28f">
         <name>.text:_outc</name>
         <load_address>0x6b8a</load_address>
         <run_address>0x6b8a</run_address>
         <size>0x18</size>
         <input_file_ref idref="fl-cd"/>
      </object_component>
      <object_component id="oc-210">
         <name>.text:_outs</name>
         <load_address>0x6ba2</load_address>
         <run_address>0x6ba2</run_address>
         <size>0x18</size>
         <input_file_ref idref="fl-cc"/>
      </object_component>
      <object_component id="oc-1b6">
         <name>.text:oi_parseInt</name>
         <load_address>0x6bba</load_address>
         <run_address>0x6bba</run_address>
         <size>0x18</size>
         <input_file_ref idref="fl-6"/>
      </object_component>
      <object_component id="oc-194">
         <name>.text:strcmp</name>
         <load_address>0x6bd2</load_address>
         <run_address>0x6bd2</run_address>
         <size>0x18</size>
         <input_file_ref idref="fl-dc"/>
      </object_component>
      <object_component id="oc-3d1">
         <name>.text:strchr</name>
         <load_address>0x6bea</load_address>
         <run_address>0x6bea</run_address>
         <size>0x16</size>
         <input_file_ref idref="fl-f2"/>
      </object_component>
      <object_component id="oc-19a">
         <name>.text:strcpy</name>
         <load_address>0x6c00</load_address>
         <run_address>0x6c00</run_address>
         <size>0x14</size>
         <input_file_ref idref="fl-dd"/>
      </object_component>
      <object_component id="oc-2dd">
         <name>.text:strlen</name>
         <load_address>0x6c14</load_address>
         <run_address>0x6c14</run_address>
         <size>0x14</size>
         <input_file_ref idref="fl-f3"/>
      </object_component>
      <object_component id="oc-30d">
         <name>.text:wcslen</name>
         <load_address>0x6c28</load_address>
         <run_address>0x6c28</run_address>
         <size>0x12</size>
         <input_file_ref idref="fl-f4"/>
      </object_component>
      <object_component id="oc-1bd">
         <name>.text:IntMasterEnable</name>
         <load_address>0x6c3a</load_address>
         <run_address>0x6c3a</run_address>
         <size>0x10</size>
         <input_file_ref idref="fl-f7"/>
      </object_component>
      <object_component id="oc-fb">
         <name>.text:lcd_clear</name>
         <load_address>0x6c4a</load_address>
         <run_address>0x6c4a</run_address>
         <size>0x10</size>
         <input_file_ref idref="fl-3"/>
      </object_component>
      <object_component id="oc-1b">
         <name>.text:decompress:none:__TI_decompress_none</name>
         <load_address>0x6c5a</load_address>
         <run_address>0x6c5a</run_address>
         <size>0xe</size>
         <input_file_ref idref="fl-d9"/>
      </object_component>
      <object_component id="oc-2c0">
         <name>.text:CPUcpsie</name>
         <load_address>0x6c68</load_address>
         <run_address>0x6c68</run_address>
         <size>0xc</size>
         <input_file_ref idref="fl-f8"/>
      </object_component>
      <object_component id="oc-2a">
         <name>.text</name>
         <load_address>0x6c74</load_address>
         <run_address>0x6c74</run_address>
         <size>0xc</size>
         <input_file_ref idref="fl-7"/>
      </object_component>
      <object_component id="oc-216">
         <name>.text:_outc</name>
         <load_address>0x6c80</load_address>
         <run_address>0x6c80</run_address>
         <size>0xa</size>
         <input_file_ref idref="fl-cc"/>
      </object_component>
      <object_component id="oc-227">
         <name>.text:__aeabi_errno_addr</name>
         <load_address>0x6c8c</load_address>
         <run_address>0x6c8c</run_address>
         <size>0x8</size>
         <input_file_ref idref="fl-e0"/>
      </object_component>
      <object_component id="oc-2ac">
         <name>.text:malloc</name>
         <load_address>0x6c94</load_address>
         <run_address>0x6c94</run_address>
         <size>0x8</size>
         <input_file_ref idref="fl-db"/>
      </object_component>
      <object_component id="oc-9c">
         <name>.text:_system_pre_init</name>
         <load_address>0x6c9c</load_address>
         <run_address>0x6c9c</run_address>
         <size>0x4</size>
         <input_file_ref idref="fl-e9"/>
      </object_component>
      <object_component id="oc-143">
         <name>.text:abort:abort</name>
         <load_address>0x6ca0</load_address>
         <run_address>0x6ca0</run_address>
         <size>0x4</size>
         <input_file_ref idref="fl-eb"/>
      </object_component>
      <object_component id="oc-349">
         <name>.const:$O1$$</name>
         <load_address>0x6ca8</load_address>
         <run_address>0x6ca8</run_address>
         <size>0x158</size>
         <input_file_ref idref="fl-de"/>
      </object_component>
      <object_component id="oc-39f">
         <name>.const:.string:_ctypes_</name>
         <load_address>0x6e00</load_address>
         <run_address>0x6e00</run_address>
         <size>0x101</size>
         <input_file_ref idref="fl-f0"/>
      </object_component>
      <object_component id="oc-1a0">
         <name>.const:.string:lineAddress$1</name>
         <load_address>0x6f01</load_address>
         <run_address>0x6f01</run_address>
         <size>0x4</size>
         <input_file_ref idref="fl-3"/>
      </object_component>
      <object_component id="oc-22d">
         <name>.const:$O1$$</name>
         <load_address>0x6f08</load_address>
         <run_address>0x6f08</run_address>
         <size>0x30</size>
         <input_file_ref idref="fl-c8"/>
      </object_component>
      <object_component id="oc-1cb">
         <name>.const:.string:$P$T0$3</name>
         <load_address>0x6f38</load_address>
         <run_address>0x6f38</run_address>
         <size>0xf</size>
         <input_file_ref idref="fl-6"/>
      </object_component>
      <object_component id="oc-1a1">
         <name>.const:.string:lineAddresses$2</name>
         <load_address>0x6f47</load_address>
         <run_address>0x6f47</run_address>
         <size>0x4</size>
         <input_file_ref idref="fl-3"/>
      </object_component>
      <object_component id="oc-47a">
         <name>.cinit..data.load</name>
         <load_address>0x6f50</load_address>
         <run_address>0x6f50</run_address>
         <size>0x18</size>
      </object_component>
      <object_component id="oc-477">
         <name>__TI_handler_table</name>
         <load_address>0x6f68</load_address>
         <run_address>0x6f68</run_address>
         <size>0xc</size>
      </object_component>
      <object_component id="oc-47b">
         <name>.cinit..bss.load</name>
         <load_address>0x6f78</load_address>
         <run_address>0x6f78</run_address>
         <size>0x8</size>
      </object_component>
      <object_component id="oc-479">
         <name>.cinit..vtable.load</name>
         <load_address>0x6f80</load_address>
         <run_address>0x6f80</run_address>
         <size>0x8</size>
      </object_component>
      <object_component id="oc-478">
         <name>__TI_cinit_table</name>
         <load_address>0x6f88</load_address>
         <run_address>0x6f88</run_address>
         <size>0x18</size>
      </object_component>
      <object_component id="oc-27d">
         <name>.vtable</name>
         <uninitialized>true</uninitialized>
         <run_address>0x20000000</run_address>
         <size>0x26c</size>
         <input_file_ref idref="fl-f7"/>
      </object_component>
      <object_component id="oc-189">
         <name>.data</name>
         <load_address>0x20001b34</load_address>
         <run_address>0x20001b34</run_address>
         <size>0x1</size>
         <input_file_ref idref="fl-2"/>
      </object_component>
      <object_component id="oc-1c3">
         <name>.data</name>
         <load_address>0x20001afc</load_address>
         <run_address>0x20001afc</run_address>
         <size>0x20</size>
         <input_file_ref idref="fl-6"/>
      </object_component>
      <object_component id="oc-1ee">
         <name>.data</name>
         <load_address>0x20001b2c</load_address>
         <run_address>0x20001b2c</run_address>
         <size>0x4</size>
         <input_file_ref idref="fl-f"/>
      </object_component>
      <object_component id="oc-393">
         <name>.data:$O1$$</name>
         <load_address>0x20001b24</load_address>
         <run_address>0x20001b24</run_address>
         <size>0x8</size>
         <input_file_ref idref="fl-db"/>
      </object_component>
      <object_component id="oc-325">
         <name>.data</name>
         <load_address>0x20001b30</load_address>
         <run_address>0x20001b30</run_address>
         <size>0x4</size>
         <input_file_ref idref="fl-e0"/>
      </object_component>
      <object_component id="oc-261">
         <name>.data:$O1$$</name>
         <load_address>0x20001b1c</load_address>
         <run_address>0x20001b1c</run_address>
         <size>0x8</size>
         <input_file_ref idref="fl-ec"/>
      </object_component>
      <object_component id="oc-1a2">
         <name>.bss:lastbuffer$3</name>
         <uninitialized>true</uninitialized>
         <run_address>0x20001a70</run_address>
         <size>0x54</size>
         <input_file_ref idref="fl-3"/>
      </object_component>
      <object_component id="oc-1ce">
         <name>.bss:firmware$2</name>
         <uninitialized>true</uninitialized>
         <run_address>0x20001ac4</run_address>
         <size>0x18</size>
         <input_file_ref idref="fl-6"/>
      </object_component>
      <object_component id="oc-18c">
         <name>.common:_timeout_ticks</name>
         <uninitialized>true</uninitialized>
         <run_address>0x20001adc</run_address>
         <size>0x4</size>
      </object_component>
      <object_component id="oc-f5">
         <name>.common:right_calibration_value</name>
         <uninitialized>true</uninitialized>
         <run_address>0x20001af0</run_address>
         <size>0x4</size>
      </object_component>
      <object_component id="oc-fa">
         <name>.common:left_calibration_value</name>
         <uninitialized>true</uninitialized>
         <run_address>0x20001ae8</run_address>
         <size>0x4</size>
      </object_component>
      <object_component id="oc-2d7">
         <name>.common:isr_int_value</name>
         <uninitialized>true</uninitialized>
         <run_address>0x20001ae4</run_address>
         <size>0x4</size>
      </object_component>
      <object_component id="oc-2d3">
         <name>.common:risingEdge</name>
         <uninitialized>true</uninitialized>
         <run_address>0x20001af4</run_address>
         <size>0x4</size>
      </object_component>
      <object_component id="oc-2d4">
         <name>.common:fallingEdge</name>
         <uninitialized>true</uninitialized>
         <run_address>0x20001ae0</run_address>
         <size>0x4</size>
      </object_component>
      <object_component id="oc-2d5">
         <name>.common:pulseLength</name>
         <uninitialized>true</uninitialized>
         <run_address>0x20001aec</run_address>
         <size>0x4</size>
      </object_component>
      <object_component id="oc-2d0">
         <name>.common:isRisingEdge</name>
         <uninitialized>true</uninitialized>
         <run_address>0x20001af8</run_address>
         <size>0x1</size>
      </object_component>
      <object_component id="oc-24">
         <name>.sysmem</name>
         <uninitialized>true</uninitialized>
         <run_address>0x20001270</run_address>
         <size>0x10</size>
         <input_file_ref idref="fl-db"/>
      </object_component>
      <object_component id="oc-47e">
         <name>.sysmem</name>
         <uninitialized>true</uninitialized>
         <run_address>0x20001270</run_address>
         <size>0x0</size>
      </object_component>
      <object_component id="oc-27">
         <name>.stack</name>
         <uninitialized>true</uninitialized>
         <run_address>0x20000270</run_address>
         <size>0x4</size>
         <input_file_ref idref="fl-df"/>
      </object_component>
      <object_component id="oc-47d">
         <name>.stack</name>
         <uninitialized>true</uninitialized>
         <run_address>0x20000270</run_address>
         <size>0x0</size>
      </object_component>
      <object_component id="oc-c5">
         <name>.debug_info</name>
         <load_address>0x0</load_address>
         <run_address>0x0</run_address>
         <size>0x2ac</size>
         <input_file_ref idref="fl-2"/>
      </object_component>
      <object_component id="oc-18a">
         <name>.debug_info</name>
         <load_address>0x2ac</load_address>
         <run_address>0x2ac</run_address>
         <size>0xba</size>
         <input_file_ref idref="fl-2"/>
      </object_component>
      <object_component id="oc-d9">
         <name>.debug_info</name>
         <load_address>0x366</load_address>
         <run_address>0x366</run_address>
         <size>0x502</size>
         <input_file_ref idref="fl-2"/>
      </object_component>
      <object_component id="oc-77">
         <name>.debug_info</name>
         <load_address>0x868</load_address>
         <run_address>0x868</run_address>
         <size>0x26b</size>
         <input_file_ref idref="fl-2"/>
      </object_component>
      <object_component id="oc-39">
         <name>.debug_info</name>
         <load_address>0xad3</load_address>
         <run_address>0xad3</run_address>
         <size>0x84</size>
         <input_file_ref idref="fl-2"/>
      </object_component>
      <object_component id="oc-c0">
         <name>.debug_info</name>
         <load_address>0xb57</load_address>
         <run_address>0xb57</run_address>
         <size>0x2a4</size>
         <input_file_ref idref="fl-2"/>
      </object_component>
      <object_component id="oc-7c">
         <name>.debug_info</name>
         <load_address>0xdfb</load_address>
         <run_address>0xdfb</run_address>
         <size>0xbb</size>
         <input_file_ref idref="fl-2"/>
      </object_component>
      <object_component id="oc-1a4">
         <name>.debug_info</name>
         <load_address>0xeb6</load_address>
         <run_address>0xeb6</run_address>
         <size>0x37a</size>
         <input_file_ref idref="fl-3"/>
      </object_component>
      <object_component id="oc-fd">
         <name>.debug_info</name>
         <load_address>0x1230</load_address>
         <run_address>0x1230</run_address>
         <size>0x10f</size>
         <input_file_ref idref="fl-3"/>
      </object_component>
      <object_component id="oc-de">
         <name>.debug_info</name>
         <load_address>0x133f</load_address>
         <run_address>0x133f</run_address>
         <size>0x89b</size>
         <input_file_ref idref="fl-3"/>
      </object_component>
      <object_component id="oc-2a7">
         <name>.debug_info</name>
         <load_address>0x1bda</load_address>
         <run_address>0x1bda</run_address>
         <size>0xcc</size>
         <input_file_ref idref="fl-3"/>
      </object_component>
      <object_component id="oc-1a5">
         <name>.debug_info</name>
         <load_address>0x1ca6</load_address>
         <run_address>0x1ca6</run_address>
         <size>0x2c</size>
         <input_file_ref idref="fl-3"/>
      </object_component>
      <object_component id="oc-203">
         <name>.debug_info</name>
         <load_address>0x1cd2</load_address>
         <run_address>0x1cd2</run_address>
         <size>0x35</size>
         <input_file_ref idref="fl-3"/>
      </object_component>
      <object_component id="oc-f6">
         <name>.debug_info</name>
         <load_address>0x1d07</load_address>
         <run_address>0x1d07</run_address>
         <size>0x663</size>
         <input_file_ref idref="fl-4"/>
      </object_component>
      <object_component id="oc-a3">
         <name>.debug_info</name>
         <load_address>0x236a</load_address>
         <run_address>0x236a</run_address>
         <size>0x1c8f</size>
         <input_file_ref idref="fl-4"/>
      </object_component>
      <object_component id="oc-13e">
         <name>.debug_info</name>
         <load_address>0x3ff9</load_address>
         <run_address>0x3ff9</run_address>
         <size>0x9d</size>
         <input_file_ref idref="fl-4"/>
      </object_component>
      <object_component id="oc-1f9">
         <name>.debug_info</name>
         <load_address>0x4096</load_address>
         <run_address>0x4096</run_address>
         <size>0x5aa</size>
         <input_file_ref idref="fl-4"/>
      </object_component>
      <object_component id="oc-1fe">
         <name>.debug_info</name>
         <load_address>0x4640</load_address>
         <run_address>0x4640</run_address>
         <size>0x8c</size>
         <input_file_ref idref="fl-4"/>
      </object_component>
      <object_component id="oc-25c">
         <name>.debug_info</name>
         <load_address>0x46cc</load_address>
         <run_address>0x46cc</run_address>
         <size>0x2db</size>
         <input_file_ref idref="fl-5"/>
      </object_component>
      <object_component id="oc-138">
         <name>.debug_info</name>
         <load_address>0x49a7</load_address>
         <run_address>0x49a7</run_address>
         <size>0x9b9</size>
         <input_file_ref idref="fl-5"/>
      </object_component>
      <object_component id="oc-1d0">
         <name>.debug_info</name>
         <load_address>0x5360</load_address>
         <run_address>0x5360</run_address>
         <size>0x3f7</size>
         <input_file_ref idref="fl-6"/>
      </object_component>
      <object_component id="oc-1c4">
         <name>.debug_info</name>
         <load_address>0x5757</load_address>
         <run_address>0x5757</run_address>
         <size>0x10c</size>
         <input_file_ref idref="fl-6"/>
      </object_component>
      <object_component id="oc-1cc">
         <name>.debug_info</name>
         <load_address>0x5863</load_address>
         <run_address>0x5863</run_address>
         <size>0xc1</size>
         <input_file_ref idref="fl-6"/>
      </object_component>
      <object_component id="oc-1b7">
         <name>.debug_info</name>
         <load_address>0x5924</load_address>
         <run_address>0x5924</run_address>
         <size>0x139</size>
         <input_file_ref idref="fl-6"/>
      </object_component>
      <object_component id="oc-e4">
         <name>.debug_info</name>
         <load_address>0x5a5d</load_address>
         <run_address>0x5a5d</run_address>
         <size>0x1983</size>
         <input_file_ref idref="fl-6"/>
      </object_component>
      <object_component id="oc-1d1">
         <name>.debug_info</name>
         <load_address>0x73e0</load_address>
         <run_address>0x73e0</run_address>
         <size>0x8b</size>
         <input_file_ref idref="fl-6"/>
      </object_component>
      <object_component id="oc-32">
         <name>.debug_info</name>
         <load_address>0x746b</load_address>
         <run_address>0x746b</run_address>
         <size>0x296</size>
         <input_file_ref idref="fl-7"/>
      </object_component>
      <object_component id="oc-13">
         <name>.debug_info</name>
         <load_address>0x7701</load_address>
         <run_address>0x7701</run_address>
         <size>0xd5</size>
         <input_file_ref idref="fl-7"/>
      </object_component>
      <object_component id="oc-2d">
         <name>.debug_info</name>
         <load_address>0x77d6</load_address>
         <run_address>0x77d6</run_address>
         <size>0x251</size>
         <input_file_ref idref="fl-7"/>
      </object_component>
      <object_component id="oc-ea">
         <name>.debug_info</name>
         <load_address>0x7a27</load_address>
         <run_address>0x7a27</run_address>
         <size>0x31f</size>
         <input_file_ref idref="fl-8"/>
      </object_component>
      <object_component id="oc-f8">
         <name>.debug_info</name>
         <load_address>0x7d46</load_address>
         <run_address>0x7d46</run_address>
         <size>0x485</size>
         <input_file_ref idref="fl-f"/>
      </object_component>
      <object_component id="oc-1ef">
         <name>.debug_info</name>
         <load_address>0x81cb</load_address>
         <run_address>0x81cb</run_address>
         <size>0x114</size>
         <input_file_ref idref="fl-f"/>
      </object_component>
      <object_component id="oc-f1">
         <name>.debug_info</name>
         <load_address>0x82df</load_address>
         <run_address>0x82df</run_address>
         <size>0x4ce</size>
         <input_file_ref idref="fl-f"/>
      </object_component>
      <object_component id="oc-1f2">
         <name>.debug_info</name>
         <load_address>0x87ad</load_address>
         <run_address>0x87ad</run_address>
         <size>0x9d</size>
         <input_file_ref idref="fl-f"/>
      </object_component>
      <object_component id="oc-2d8">
         <name>.debug_info</name>
         <load_address>0x884a</load_address>
         <run_address>0x884a</run_address>
         <size>0x2b7</size>
         <input_file_ref idref="fl-10"/>
      </object_component>
      <object_component id="oc-1e9">
         <name>.debug_info</name>
         <load_address>0x8b01</load_address>
         <run_address>0x8b01</run_address>
         <size>0x266</size>
         <input_file_ref idref="fl-10"/>
      </object_component>
      <object_component id="oc-2d1">
         <name>.debug_info</name>
         <load_address>0x8d67</load_address>
         <run_address>0x8d67</run_address>
         <size>0x3ba</size>
         <input_file_ref idref="fl-11"/>
      </object_component>
      <object_component id="oc-1e3">
         <name>.debug_info</name>
         <load_address>0x9121</load_address>
         <run_address>0x9121</run_address>
         <size>0x270</size>
         <input_file_ref idref="fl-11"/>
      </object_component>
      <object_component id="oc-1df">
         <name>.debug_info</name>
         <load_address>0x9391</load_address>
         <run_address>0x9391</run_address>
         <size>0x296</size>
         <input_file_ref idref="fl-12"/>
      </object_component>
      <object_component id="oc-241">
         <name>.debug_info</name>
         <load_address>0x9627</load_address>
         <run_address>0x9627</run_address>
         <size>0x35e</size>
         <input_file_ref idref="fl-c8"/>
      </object_component>
      <object_component id="oc-22e">
         <name>.debug_info</name>
         <load_address>0x9985</load_address>
         <run_address>0x9985</run_address>
         <size>0x128</size>
         <input_file_ref idref="fl-c8"/>
      </object_component>
      <object_component id="oc-11b">
         <name>.debug_info</name>
         <load_address>0x9aad</load_address>
         <run_address>0x9aad</run_address>
         <size>0xbf2</size>
         <input_file_ref idref="fl-c8"/>
      </object_component>
      <object_component id="oc-33a">
         <name>.debug_info</name>
         <load_address>0xa69f</load_address>
         <run_address>0xa69f</run_address>
         <size>0x46</size>
         <input_file_ref idref="fl-c8"/>
      </object_component>
      <object_component id="oc-23c">
         <name>.debug_info</name>
         <load_address>0xa6e5</load_address>
         <run_address>0xa6e5</run_address>
         <size>0x39</size>
         <input_file_ref idref="fl-c8"/>
      </object_component>
      <object_component id="oc-324">
         <name>.debug_info</name>
         <load_address>0xa71e</load_address>
         <run_address>0xa71e</run_address>
         <size>0x2c5</size>
         <input_file_ref idref="fl-c9"/>
      </object_component>
      <object_component id="oc-224">
         <name>.debug_info</name>
         <load_address>0xa9e3</load_address>
         <run_address>0xa9e3</run_address>
         <size>0x24e</size>
         <input_file_ref idref="fl-c9"/>
      </object_component>
      <object_component id="oc-334">
         <name>.debug_info</name>
         <load_address>0xac31</load_address>
         <run_address>0xac31</run_address>
         <size>0x2f8</size>
         <input_file_ref idref="fl-ca"/>
      </object_component>
      <object_component id="oc-238">
         <name>.debug_info</name>
         <load_address>0xaf29</load_address>
         <run_address>0xaf29</run_address>
         <size>0x225</size>
         <input_file_ref idref="fl-ca"/>
      </object_component>
      <object_component id="oc-3f6">
         <name>.debug_info</name>
         <load_address>0xb14e</load_address>
         <run_address>0xb14e</run_address>
         <size>0x39</size>
         <input_file_ref idref="fl-ca"/>
      </object_component>
      <object_component id="oc-335">
         <name>.debug_info</name>
         <load_address>0xb187</load_address>
         <run_address>0xb187</run_address>
         <size>0x2c</size>
         <input_file_ref idref="fl-ca"/>
      </object_component>
      <object_component id="oc-259">
         <name>.debug_info</name>
         <load_address>0xb1b3</load_address>
         <run_address>0xb1b3</run_address>
         <size>0x361</size>
         <input_file_ref idref="fl-cb"/>
      </object_component>
      <object_component id="oc-12d">
         <name>.debug_info</name>
         <load_address>0xb514</load_address>
         <run_address>0xb514</run_address>
         <size>0x7ae</size>
         <input_file_ref idref="fl-cb"/>
      </object_component>
      <object_component id="oc-21d">
         <name>.debug_info</name>
         <load_address>0xbcc2</load_address>
         <run_address>0xbcc2</run_address>
         <size>0x333</size>
         <input_file_ref idref="fl-cc"/>
      </object_component>
      <object_component id="oc-105">
         <name>.debug_info</name>
         <load_address>0xbff5</load_address>
         <run_address>0xbff5</run_address>
         <size>0x1d1</size>
         <input_file_ref idref="fl-cc"/>
      </object_component>
      <object_component id="oc-211">
         <name>.debug_info</name>
         <load_address>0xc1c6</load_address>
         <run_address>0xc1c6</run_address>
         <size>0x18d</size>
         <input_file_ref idref="fl-cc"/>
      </object_component>
      <object_component id="oc-217">
         <name>.debug_info</name>
         <load_address>0xc353</load_address>
         <run_address>0xc353</run_address>
         <size>0x16d</size>
         <input_file_ref idref="fl-cc"/>
      </object_component>
      <object_component id="oc-297">
         <name>.debug_info</name>
         <load_address>0xc4c0</load_address>
         <run_address>0xc4c0</run_address>
         <size>0x2c</size>
         <input_file_ref idref="fl-cc"/>
      </object_component>
      <object_component id="oc-296">
         <name>.debug_info</name>
         <load_address>0xc4ec</load_address>
         <run_address>0xc4ec</run_address>
         <size>0x340</size>
         <input_file_ref idref="fl-cd"/>
      </object_component>
      <object_component id="oc-18f">
         <name>.debug_info</name>
         <load_address>0xc82c</load_address>
         <run_address>0xc82c</run_address>
         <size>0x208</size>
         <input_file_ref idref="fl-cd"/>
      </object_component>
      <object_component id="oc-28b">
         <name>.debug_info</name>
         <load_address>0xca34</load_address>
         <run_address>0xca34</run_address>
         <size>0x1c6</size>
         <input_file_ref idref="fl-cd"/>
      </object_component>
      <object_component id="oc-290">
         <name>.debug_info</name>
         <load_address>0xcbfa</load_address>
         <run_address>0xcbfa</run_address>
         <size>0x179</size>
         <input_file_ref idref="fl-cd"/>
      </object_component>
      <object_component id="oc-29c">
         <name>.debug_info</name>
         <load_address>0xcd73</load_address>
         <run_address>0xcd73</run_address>
         <size>0x69</size>
         <input_file_ref idref="fl-cd"/>
      </object_component>
      <object_component id="oc-1c9">
         <name>.debug_info</name>
         <load_address>0xcddc</load_address>
         <run_address>0xcddc</run_address>
         <size>0x14c</size>
         <input_file_ref idref="fl-ce"/>
      </object_component>
      <object_component id="oc-129">
         <name>.debug_info</name>
         <load_address>0xcf28</load_address>
         <run_address>0xcf28</run_address>
         <size>0x128</size>
         <input_file_ref idref="fl-cf"/>
      </object_component>
      <object_component id="oc-232">
         <name>.debug_info</name>
         <load_address>0xd050</load_address>
         <run_address>0xd050</run_address>
         <size>0x12a</size>
         <input_file_ref idref="fl-cf"/>
      </object_component>
      <object_component id="oc-113">
         <name>.debug_info</name>
         <load_address>0xd17a</load_address>
         <run_address>0xd17a</run_address>
         <size>0x13a</size>
         <input_file_ref idref="fl-d0"/>
      </object_component>
      <object_component id="oc-125">
         <name>.debug_info</name>
         <load_address>0xd2b4</load_address>
         <run_address>0xd2b4</run_address>
         <size>0x13a</size>
         <input_file_ref idref="fl-d1"/>
      </object_component>
      <object_component id="oc-133">
         <name>.debug_info</name>
         <load_address>0xd3ee</load_address>
         <run_address>0xd3ee</run_address>
         <size>0x12e</size>
         <input_file_ref idref="fl-d2"/>
      </object_component>
      <object_component id="oc-11e">
         <name>.debug_info</name>
         <load_address>0xd51c</load_address>
         <run_address>0xd51c</run_address>
         <size>0x13e</size>
         <input_file_ref idref="fl-d3"/>
      </object_component>
      <object_component id="oc-1d8">
         <name>.debug_info</name>
         <load_address>0xd65a</load_address>
         <run_address>0xd65a</run_address>
         <size>0x139</size>
         <input_file_ref idref="fl-d4"/>
      </object_component>
      <object_component id="oc-10b">
         <name>.debug_info</name>
         <load_address>0xd793</load_address>
         <run_address>0xd793</run_address>
         <size>0x12c</size>
         <input_file_ref idref="fl-d5"/>
      </object_component>
      <object_component id="oc-110">
         <name>.debug_info</name>
         <load_address>0xd8bf</load_address>
         <run_address>0xd8bf</run_address>
         <size>0x12c</size>
         <input_file_ref idref="fl-d6"/>
      </object_component>
      <object_component id="oc-40">
         <name>.debug_info</name>
         <load_address>0xd9eb</load_address>
         <run_address>0xd9eb</run_address>
         <size>0x119</size>
         <input_file_ref idref="fl-d7"/>
      </object_component>
      <object_component id="oc-95">
         <name>.debug_info</name>
         <load_address>0xdb04</load_address>
         <run_address>0xdb04</run_address>
         <size>0x2d4</size>
         <input_file_ref idref="fl-d8"/>
      </object_component>
      <object_component id="oc-4e">
         <name>.debug_info</name>
         <load_address>0xddd8</load_address>
         <run_address>0xddd8</run_address>
         <size>0x1d2</size>
         <input_file_ref idref="fl-d8"/>
      </object_component>
      <object_component id="oc-90">
         <name>.debug_info</name>
         <load_address>0xdfaa</load_address>
         <run_address>0xdfaa</run_address>
         <size>0x46</size>
         <input_file_ref idref="fl-d8"/>
      </object_component>
      <object_component id="oc-ce">
         <name>.debug_info</name>
         <load_address>0xdff0</load_address>
         <run_address>0xdff0</run_address>
         <size>0x2c</size>
         <input_file_ref idref="fl-d8"/>
      </object_component>
      <object_component id="oc-49">
         <name>.debug_info</name>
         <load_address>0xe01c</load_address>
         <run_address>0xe01c</run_address>
         <size>0x2a8</size>
         <input_file_ref idref="fl-d9"/>
      </object_component>
      <object_component id="oc-1f">
         <name>.debug_info</name>
         <load_address>0xe2c4</load_address>
         <run_address>0xe2c4</run_address>
         <size>0x1ea</size>
         <input_file_ref idref="fl-d9"/>
      </object_component>
      <object_component id="oc-44">
         <name>.debug_info</name>
         <load_address>0xe4ae</load_address>
         <run_address>0xe4ae</run_address>
         <size>0x46</size>
         <input_file_ref idref="fl-d9"/>
      </object_component>
      <object_component id="oc-88">
         <name>.debug_info</name>
         <load_address>0xe4f4</load_address>
         <run_address>0xe4f4</run_address>
         <size>0x2c</size>
         <input_file_ref idref="fl-d9"/>
      </object_component>
      <object_component id="oc-86">
         <name>.debug_info</name>
         <load_address>0xe520</load_address>
         <run_address>0xe520</run_address>
         <size>0x29e</size>
         <input_file_ref idref="fl-da"/>
      </object_component>
      <object_component id="oc-16">
         <name>.debug_info</name>
         <load_address>0xe7be</load_address>
         <run_address>0xe7be</run_address>
         <size>0x250</size>
         <input_file_ref idref="fl-da"/>
      </object_component>
      <object_component id="oc-34">
         <name>.debug_info</name>
         <load_address>0xea0e</load_address>
         <run_address>0xea0e</run_address>
         <size>0x60</size>
         <input_file_ref idref="fl-da"/>
      </object_component>
      <object_component id="oc-c7">
         <name>.debug_info</name>
         <load_address>0xea6e</load_address>
         <run_address>0xea6e</run_address>
         <size>0x46</size>
         <input_file_ref idref="fl-da"/>
      </object_component>
      <object_component id="oc-81">
         <name>.debug_info</name>
         <load_address>0xeab4</load_address>
         <run_address>0xeab4</run_address>
         <size>0x39</size>
         <input_file_ref idref="fl-da"/>
      </object_component>
      <object_component id="oc-70">
         <name>.debug_info</name>
         <load_address>0xeaed</load_address>
         <run_address>0xeaed</run_address>
         <size>0x3b2</size>
         <input_file_ref idref="fl-db"/>
      </object_component>
      <object_component id="oc-25">
         <name>.debug_info</name>
         <load_address>0xee9f</load_address>
         <run_address>0xee9f</run_address>
         <size>0x10c</size>
         <input_file_ref idref="fl-db"/>
      </object_component>
      <object_component id="oc-394">
         <name>.debug_info</name>
         <load_address>0xefab</load_address>
         <run_address>0xefab</run_address>
         <size>0x13f</size>
         <input_file_ref idref="fl-db"/>
      </object_component>
      <object_component id="oc-2ae">
         <name>.debug_info</name>
         <load_address>0xf0ea</load_address>
         <run_address>0xf0ea</run_address>
         <size>0x168</size>
         <input_file_ref idref="fl-db"/>
      </object_component>
      <object_component id="oc-2b5">
         <name>.debug_info</name>
         <load_address>0xf252</load_address>
         <run_address>0xf252</run_address>
         <size>0x18e</size>
         <input_file_ref idref="fl-db"/>
      </object_component>
      <object_component id="oc-2bb">
         <name>.debug_info</name>
         <load_address>0xf3e0</load_address>
         <run_address>0xf3e0</run_address>
         <size>0x19f</size>
         <input_file_ref idref="fl-db"/>
      </object_component>
      <object_component id="oc-1b2">
         <name>.debug_info</name>
         <load_address>0xf57f</load_address>
         <run_address>0xf57f</run_address>
         <size>0x203</size>
         <input_file_ref idref="fl-db"/>
      </object_component>
      <object_component id="oc-415">
         <name>.debug_info</name>
         <load_address>0xf782</load_address>
         <run_address>0xf782</run_address>
         <size>0x1db</size>
         <input_file_ref idref="fl-db"/>
      </object_component>
      <object_component id="oc-1ab">
         <name>.debug_info</name>
         <load_address>0xf95d</load_address>
         <run_address>0xf95d</run_address>
         <size>0x1a5</size>
         <input_file_ref idref="fl-db"/>
      </object_component>
      <object_component id="oc-38d">
         <name>.debug_info</name>
         <load_address>0xfb02</load_address>
         <run_address>0xfb02</run_address>
         <size>0x299</size>
         <input_file_ref idref="fl-db"/>
      </object_component>
      <object_component id="oc-bb">
         <name>.debug_info</name>
         <load_address>0xfd9b</load_address>
         <run_address>0xfd9b</run_address>
         <size>0xb2</size>
         <input_file_ref idref="fl-db"/>
      </object_component>
      <object_component id="oc-b6">
         <name>.debug_info</name>
         <load_address>0xfe4d</load_address>
         <run_address>0xfe4d</run_address>
         <size>0x2c</size>
         <input_file_ref idref="fl-db"/>
      </object_component>
      <object_component id="oc-2a2">
         <name>.debug_info</name>
         <load_address>0xfe79</load_address>
         <run_address>0xfe79</run_address>
         <size>0x28a</size>
         <input_file_ref idref="fl-dc"/>
      </object_component>
      <object_component id="oc-195">
         <name>.debug_info</name>
         <load_address>0x10103</load_address>
         <run_address>0x10103</run_address>
         <size>0x273</size>
         <input_file_ref idref="fl-dc"/>
      </object_component>
      <object_component id="oc-2a4">
         <name>.debug_info</name>
         <load_address>0x10376</load_address>
         <run_address>0x10376</run_address>
         <size>0x2a4</size>
         <input_file_ref idref="fl-dd"/>
      </object_component>
      <object_component id="oc-19d">
         <name>.debug_info</name>
         <load_address>0x1061a</load_address>
         <run_address>0x1061a</run_address>
         <size>0x24d</size>
         <input_file_ref idref="fl-dd"/>
      </object_component>
      <object_component id="oc-34d">
         <name>.debug_info</name>
         <load_address>0x10867</load_address>
         <run_address>0x10867</run_address>
         <size>0x3aa</size>
         <input_file_ref idref="fl-de"/>
      </object_component>
      <object_component id="oc-34a">
         <name>.debug_info</name>
         <load_address>0x10c11</load_address>
         <run_address>0x10c11</run_address>
         <size>0x13a</size>
         <input_file_ref idref="fl-de"/>
      </object_component>
      <object_component id="oc-24f">
         <name>.debug_info</name>
         <load_address>0x10d4b</load_address>
         <run_address>0x10d4b</run_address>
         <size>0x72f</size>
         <input_file_ref idref="fl-de"/>
      </object_component>
      <object_component id="oc-28">
         <name>.debug_info</name>
         <load_address>0x1147a</load_address>
         <run_address>0x1147a</run_address>
         <size>0x10b</size>
         <input_file_ref idref="fl-df"/>
      </object_component>
      <object_component id="oc-5d">
         <name>.debug_info</name>
         <load_address>0x11585</load_address>
         <run_address>0x11585</run_address>
         <size>0x1a9</size>
         <input_file_ref idref="fl-df"/>
      </object_component>
      <object_component id="oc-329">
         <name>.debug_info</name>
         <load_address>0x1172e</load_address>
         <run_address>0x1172e</run_address>
         <size>0x289</size>
         <input_file_ref idref="fl-e0"/>
      </object_component>
      <object_component id="oc-326">
         <name>.debug_info</name>
         <load_address>0x119b7</load_address>
         <run_address>0x119b7</run_address>
         <size>0x10e</size>
         <input_file_ref idref="fl-e0"/>
      </object_component>
      <object_component id="oc-229">
         <name>.debug_info</name>
         <load_address>0x11ac5</load_address>
         <run_address>0x11ac5</run_address>
         <size>0x14e</size>
         <input_file_ref idref="fl-e0"/>
      </object_component>
      <object_component id="oc-32f">
         <name>.debug_info</name>
         <load_address>0x11c13</load_address>
         <run_address>0x11c13</run_address>
         <size>0x161</size>
         <input_file_ref idref="fl-e1"/>
      </object_component>
      <object_component id="oc-350">
         <name>.debug_info</name>
         <load_address>0x11d74</load_address>
         <run_address>0x11d74</run_address>
         <size>0x288</size>
         <input_file_ref idref="fl-e2"/>
      </object_component>
      <object_component id="oc-253">
         <name>.debug_info</name>
         <load_address>0x11ffc</load_address>
         <run_address>0x11ffc</run_address>
         <size>0x327</size>
         <input_file_ref idref="fl-e2"/>
      </object_component>
      <object_component id="oc-342">
         <name>.debug_info</name>
         <load_address>0x12323</load_address>
         <run_address>0x12323</run_address>
         <size>0x28d</size>
         <input_file_ref idref="fl-e3"/>
      </object_component>
      <object_component id="oc-247">
         <name>.debug_info</name>
         <load_address>0x125b0</load_address>
         <run_address>0x125b0</run_address>
         <size>0x380</size>
         <input_file_ref idref="fl-e3"/>
      </object_component>
      <object_component id="oc-3fe">
         <name>.debug_info</name>
         <load_address>0x12930</load_address>
         <run_address>0x12930</run_address>
         <size>0x28a</size>
         <input_file_ref idref="fl-e4"/>
      </object_component>
      <object_component id="oc-344">
         <name>.debug_info</name>
         <load_address>0x12bba</load_address>
         <run_address>0x12bba</run_address>
         <size>0x22a</size>
         <input_file_ref idref="fl-e4"/>
      </object_component>
      <object_component id="oc-314">
         <name>.debug_info</name>
         <load_address>0x12de4</load_address>
         <run_address>0x12de4</run_address>
         <size>0x590</size>
         <input_file_ref idref="fl-e5"/>
      </object_component>
      <object_component id="oc-2ea">
         <name>.debug_info</name>
         <load_address>0x13374</load_address>
         <run_address>0x13374</run_address>
         <size>0x21e</size>
         <input_file_ref idref="fl-e5"/>
      </object_component>
      <object_component id="oc-3b1">
         <name>.debug_info</name>
         <load_address>0x13592</load_address>
         <run_address>0x13592</run_address>
         <size>0x1b3</size>
         <input_file_ref idref="fl-e5"/>
      </object_component>
      <object_component id="oc-3b7">
         <name>.debug_info</name>
         <load_address>0x13745</load_address>
         <run_address>0x13745</run_address>
         <size>0x21b</size>
         <input_file_ref idref="fl-e5"/>
      </object_component>
      <object_component id="oc-2f0">
         <name>.debug_info</name>
         <load_address>0x13960</load_address>
         <run_address>0x13960</run_address>
         <size>0x3c0</size>
         <input_file_ref idref="fl-e5"/>
      </object_component>
      <object_component id="oc-3be">
         <name>.debug_info</name>
         <load_address>0x13d20</load_address>
         <run_address>0x13d20</run_address>
         <size>0x30a</size>
         <input_file_ref idref="fl-e5"/>
      </object_component>
      <object_component id="oc-3c4">
         <name>.debug_info</name>
         <load_address>0x1402a</load_address>
         <run_address>0x1402a</run_address>
         <size>0x215</size>
         <input_file_ref idref="fl-e5"/>
      </object_component>
      <object_component id="oc-2f6">
         <name>.debug_info</name>
         <load_address>0x1423f</load_address>
         <run_address>0x1423f</run_address>
         <size>0x215</size>
         <input_file_ref idref="fl-e5"/>
      </object_component>
      <object_component id="oc-2fc">
         <name>.debug_info</name>
         <load_address>0x14454</load_address>
         <run_address>0x14454</run_address>
         <size>0x304</size>
         <input_file_ref idref="fl-e5"/>
      </object_component>
      <object_component id="oc-302">
         <name>.debug_info</name>
         <load_address>0x14758</load_address>
         <run_address>0x14758</run_address>
         <size>0x4b5</size>
         <input_file_ref idref="fl-e5"/>
      </object_component>
      <object_component id="oc-20b">
         <name>.debug_info</name>
         <load_address>0x14c0d</load_address>
         <run_address>0x14c0d</run_address>
         <size>0x5f4</size>
         <input_file_ref idref="fl-e5"/>
      </object_component>
      <object_component id="oc-315">
         <name>.debug_info</name>
         <load_address>0x15201</load_address>
         <run_address>0x15201</run_address>
         <size>0x86</size>
         <input_file_ref idref="fl-e5"/>
      </object_component>
      <object_component id="oc-3e3">
         <name>.debug_info</name>
         <load_address>0x15287</load_address>
         <run_address>0x15287</run_address>
         <size>0x39</size>
         <input_file_ref idref="fl-e5"/>
      </object_component>
      <object_component id="oc-43d">
         <name>.debug_info</name>
         <load_address>0x152c0</load_address>
         <run_address>0x152c0</run_address>
         <size>0xb6</size>
         <input_file_ref idref="fl-e5"/>
      </object_component>
      <object_component id="oc-3e8">
         <name>.debug_info</name>
         <load_address>0x15376</load_address>
         <run_address>0x15376</run_address>
         <size>0x46</size>
         <input_file_ref idref="fl-e5"/>
      </object_component>
      <object_component id="oc-31a">
         <name>.debug_info</name>
         <load_address>0x153bc</load_address>
         <run_address>0x153bc</run_address>
         <size>0x46</size>
         <input_file_ref idref="fl-e5"/>
      </object_component>
      <object_component id="oc-98">
         <name>.debug_info</name>
         <load_address>0x15402</load_address>
         <run_address>0x15402</run_address>
         <size>0x147</size>
         <input_file_ref idref="fl-e6"/>
      </object_component>
      <object_component id="oc-3a6">
         <name>.debug_info</name>
         <load_address>0x15549</load_address>
         <run_address>0x15549</run_address>
         <size>0x134</size>
         <input_file_ref idref="fl-e7"/>
      </object_component>
      <object_component id="oc-268">
         <name>.debug_info</name>
         <load_address>0x1567d</load_address>
         <run_address>0x1567d</run_address>
         <size>0x4b3</size>
         <input_file_ref idref="fl-e8"/>
      </object_component>
      <object_component id="oc-150">
         <name>.debug_info</name>
         <load_address>0x15b30</load_address>
[...]
      <symbol id="sm-254">
         <name>oi_checkFirmware</name>
         <value>0x18d5</value>
         <object_component_ref idref="oc-e3"/>
      </symbol>
      <symbol id="sm-255">
         <name>oi_init_noupdate</name>
         <value>0x10b5</value>
         <object_component_ref idref="oc-e3"/>
      </symbol>
      <symbol id="sm-256">
         <name>oi_uartSendChar</name>
         <value>0x1841</value>
         <object_component_ref idref="oc-e3"/>
      </symbol>
      <symbol id="sm-257">
         <name>oi_alloc</name>
         <value>0x1099</value>
         <object_component_ref idref="oc-e3"/>
      </symbol>
      <symbol id="sm-258">
         <name>oi_getMotorCalibrationLeft</name>
         <value>0x1c19</value>
         <object_component_ref idref="oc-e3"/>
      </symbol>
      <symbol id="sm-259">
         <name>oi_loadSong</name>
         <value>0x1741</value>
         <object_component_ref idref="oc-e3"/>
      </symbol>
      <symbol id="sm-25a">
         <name>oi_play_song</name>
         <value>0x1797</value>
         <object_component_ref idref="oc-e3"/>
      </symbol>
      <symbol id="sm-25b">
         <name>oi_parsePacket</name>
         <value>0x1157</value>
         <object_component_ref idref="oc-e3"/>
      </symbol>
      <symbol id="sm-25c">
         <name>oi_setLeds</name>
         <value>0x1677</value>
         <object_component_ref idref="oc-e3"/>
      </symbol>
      <symbol id="sm-25d">
         <name>oi_init</name>
         <value>0x10dd</value>
         <object_component_ref idref="oc-e3"/>
      </symbol>
      <symbol id="sm-25e">
         <name>oi_update</name>
         <value>0x1105</value>
         <object_component_ref idref="oc-e3"/>
      </symbol>
      <symbol id="sm-25f">
         <name>oi_uartInit</name>
         <value>0x17b9</value>
         <object_component_ref idref="oc-e3"/>
      </symbol>
      <symbol id="sm-27b">
         <name>ResetISR</name>
         <value>0x6c75</value>
         <object_component_ref idref="oc-2a"/>
      </symbol>
      <symbol id="sm-27c">
         <name>g_pfnVectors</name>
         <value>0x0</value>
         <object_component_ref idref="oc-12"/>
      </symbol>
      <symbol id="sm-2a4">
         <name>uart_interrupt_handler</name>
         <value>0x574b</value>
         <object_component_ref idref="oc-e9"/>
      </symbol>
      <symbol id="sm-2a5">
         <name>uart_sendChar</name>
         <value>0x56fb</value>
         <object_component_ref idref="oc-e9"/>
      </symbol>
      <symbol id="sm-2a6">
         <name>uart_interrupt_init</name>
         <value>0x572b</value>
         <object_component_ref idref="oc-e9"/>
      </symbol>
      <symbol id="sm-2a7">
         <name>uart_init</name>
         <value>0x5689</value>
         <object_component_ref idref="oc-e9"/>
      </symbol>
      <symbol id="sm-2a8">
         <name>uart_receive</name>
         <value>0x5717</value>
         <object_component_ref idref="oc-e9"/>
      </symbol>
      <symbol id="sm-2e4">
         <name>cyBOT_SERVO_cal</name>
         <value>0x47b1</value>
         <object_component_ref idref="oc-ef"/>
      </symbol>
      <symbol id="sm-2e5">
         <name>cyBOT_Scan</name>
         <value>0x473f</value>
         <object_component_ref idref="oc-ef"/>
      </symbol>
      <symbol id="sm-2e6">
         <name>cyBOT_scan_features</name>
         <value>0x20001b2c</value>
         <object_component_ref idref="oc-1ee"/>
      </symbol>
      <symbol id="sm-2e7">
         <name>cyBOT_scan_version</name>
         <value>0x46d9</value>
         <object_component_ref idref="oc-ef"/>
      </symbol>
      <symbol id="sm-2e8">
         <name>cyBOT_init_Scan</name>
         <value>0x46e7</value>
         <object_component_ref idref="oc-ef"/>
      </symbol>
      <symbol id="sm-30f">
         <name>isr_int_value</name>
         <value>0x20001ae4</value>
      </symbol>
      <symbol id="sm-310">
         <name>ir_enableInterrupt</name>
         <value>0x5c0f</value>
         <object_component_ref idref="oc-1e8"/>
      </symbol>
      <symbol id="sm-311">
         <name>ir_getDistance</name>
         <value>0x5bf1</value>
         <object_component_ref idref="oc-1e8"/>
      </symbol>
      <symbol id="sm-312">
         <name>ir_init</name>
         <value>0x5b61</value>
         <object_component_ref idref="oc-1e8"/>
      </symbol>
      <symbol id="sm-313">
         <name>ADC0SS0_Handler</name>
         <value>0x5bf9</value>
         <object_component_ref idref="oc-1e8"/>
      </symbol>
      <symbol id="sm-314">
         <name>ir_getValue</name>
         <value>0x5bc9</value>
         <object_component_ref idref="oc-1e8"/>
      </symbol>
      <symbol id="sm-343">
         <name>risingEdge</name>
         <value>0x20001af4</value>
      </symbol>
      <symbol id="sm-344">
         <name>fallingEdge</name>
         <value>0x20001ae0</value>
      </symbol>
      <symbol id="sm-345">
         <name>pulseLength</name>
         <value>0x20001aec</value>
      </symbol>
      <symbol id="sm-346">
         <name>isRisingEdge</name>
         <value>0x20001af8</value>
      </symbol>
      <symbol id="sm-347">
         <name>TIMER3B_Handler</name>
         <value>0x4c71</value>
         <object_component_ref idref="oc-1e2"/>
      </symbol>
      <symbol id="sm-348">
         <name>ping_init</name>
         <value>0x4b81</value>
         <object_component_ref idref="oc-1e2"/>
      </symbol>
      <symbol id="sm-349">
         <name>ping_getDistance</name>
         <value>0x4cc3</value>
         <object_component_ref idref="oc-1e2"/>
      </symbol>
      <symbol id="sm-34a">
         <name>ping_trigger</name>
         <value>0x4c07</value>
         <object_component_ref idref="oc-1e2"/>
      </symbol>
      <symbol id="sm-36c">
         <name>servo_move</name>
         <value>0x5469</value>
         <object_component_ref idref="oc-1dc"/>
      </symbol>
      <symbol id="sm-36d">
         <name>servo_init</name>
         <value>0x53d9</value>
         <object_component_ref idref="oc-1dc"/>
      </symbol>
      <symbol id="sm-36e">
         <name>servo_stop</name>
         <value>0x545d</value>
         <object_component_ref idref="oc-1dc"/>
      </symbol>
      <symbol id="sm-36f">
         <name>servo_setPWM</name>
         <value>0x54c9</value>
         <object_component_ref idref="oc-1dc"/>
      </symbol>
      <symbol id="sm-405">
         <name>pow</name>
         <value>0x2709</value>
         <object_component_ref idref="oc-117"/>
      </symbol>
      <symbol id="sm-406">
         <name>powl</name>
         <value>0x2709</value>
         <object_component_ref idref="oc-117"/>
      </symbol>
      <symbol id="sm-428">
         <name>sqrtl</name>
         <value>0x5531</value>
         <object_component_ref idref="oc-221"/>
      </symbol>
      <symbol id="sm-429">
         <name>sqrt</name>
         <value>0x5531</value>
         <object_component_ref idref="oc-221"/>
      </symbol>
      <symbol id="sm-450">
         <name>scalbn</name>
         <value>0x5c79</value>
         <object_component_ref idref="oc-235"/>
      </symbol>
      <symbol id="sm-451">
         <name>scalbnl</name>
         <value>0x5c79</value>
         <object_component_ref idref="oc-235"/>
      </symbol>
      <symbol id="sm-452">
         <name>ldexpl</name>
         <value>0x5c79</value>
         <object_component_ref idref="oc-235"/>
      </symbol>
      <symbol id="sm-453">
         <name>ldexp</name>
         <value>0x5c79</value>
         <object_component_ref idref="oc-235"/>
      </symbol>
      <symbol id="sm-4a3">
         <name>sin</name>
         <value>0x3811</value>
         <object_component_ref idref="oc-12c"/>
      </symbol>
      <symbol id="sm-4a4">
         <name>sinl</name>
         <value>0x3811</value>
         <object_component_ref idref="oc-12c"/>
      </symbol>
      <symbol id="sm-4cb">
         <name>sprintf</name>
         <value>0x68fd</value>
         <object_component_ref idref="oc-102"/>
      </symbol>
      <symbol id="sm-4f5">
         <name>vsnprintf</name>
         <value>0x693d</value>
         <object_component_ref idref="oc-18e"/>
      </symbol>
      <symbol id="sm-50c">
         <name>__aeabi_dsub</name>
         <value>0x4f3d</value>
         <object_component_ref idref="oc-1c6"/>
      </symbol>
      <symbol id="sm-50d">
         <name>__aeabi_dadd</name>
         <value>0x4f47</value>
         <object_component_ref idref="oc-1c6"/>
      </symbol>
      <symbol id="sm-52f">
         <name>__aeabi_cdcmpeq</name>
         <value>0x6345</value>
         <object_component_ref idref="oc-127"/>
      </symbol>
      <symbol id="sm-530">
         <name>__aeabi_cdcmple</name>
         <value>0x6345</value>
         <object_component_ref idref="oc-127"/>
      </symbol>
      <symbol id="sm-531">
         <name>__aeabi_cdrcmple</name>
         <value>0x63cb</value>
         <object_component_ref idref="oc-230"/>
      </symbol>
      <symbol id="sm-545">
         <name>__aeabi_ddiv</name>
         <value>0x5905</value>
         <object_component_ref idref="oc-112"/>
      </symbol>
      <symbol id="sm-550">
         <name>__aeabi_dmul</name>
         <value>0x5e89</value>
         <object_component_ref idref="oc-122"/>
      </symbol>
      <symbol id="sm-55a">
         <name>__aeabi_d2iz</name>
         <value>0x682d</value>
         <object_component_ref idref="oc-132"/>
      </symbol>
      <symbol id="sm-566">
         <name>__aeabi_d2f</name>
         <value>0x65ab</value>
         <object_component_ref idref="oc-11d"/>
      </symbol>
      <symbol id="sm-570">
         <name>__aeabi_d2uiz</name>
         <value>0x68b9</value>
         <object_component_ref idref="oc-1d6"/>
      </symbol>
      <symbol id="sm-57b">
         <name>__aeabi_f2d</name>
         <value>0x69f5</value>
         <object_component_ref idref="oc-108"/>
      </symbol>
      <symbol id="sm-585">
         <name>__aeabi_i2d</name>
         <value>0x6ac5</value>
         <object_component_ref idref="oc-10d"/>
      </symbol>
      <symbol id="sm-5a0">
         <name>memcpy</name>
         <value>0x6213</value>
         <object_component_ref idref="oc-3e"/>
      </symbol>
      <symbol id="sm-5a1">
         <name>__aeabi_memcpy</name>
         <value>0x6213</value>
         <object_component_ref idref="oc-3e"/>
      </symbol>
      <symbol id="sm-5a2">
         <name>__aeabi_memcpy8</name>
         <value>0x6213</value>
         <object_component_ref idref="oc-3e"/>
      </symbol>
      <symbol id="sm-5a3">
         <name>__aeabi_memcpy4</name>
         <value>0x6213</value>
         <object_component_ref idref="oc-3e"/>
      </symbol>
      <symbol id="sm-5bc">
         <name>__TI_zero_init_nomemset</name>
         <value>0x6b1d</value>
         <object_component_ref idref="oc-4a"/>
      </symbol>
      <symbol id="sm-5d3">
         <name>__TI_decompress_none</name>
         <value>0x6c5b</value>
         <object_component_ref idref="oc-1b"/>
      </symbol>
      <symbol id="sm-5f6">
         <name>__TI_decompress_lzss</name>
         <value>0x6619</value>
         <object_component_ref idref="oc-15"/>
      </symbol>
      <symbol id="sm-68b">
         <name>_sys_memory</name>
         <value>0x20001270</value>
         <object_component_ref idref="oc-24"/>
      </symbol>
      <symbol id="sm-68c">
         <name>free</name>
         <value>0x607d</value>
         <object_component_ref idref="oc-1b0"/>
      </symbol>
      <symbol id="sm-68d">
         <name>memalign</name>
         <value>0x5d89</value>
         <object_component_ref idref="oc-38c"/>
      </symbol>
      <symbol id="sm-68e">
         <name>calloc</name>
         <value>0x69bd</value>
         <object_component_ref idref="oc-1aa"/>
      </symbol>
      <symbol id="sm-68f">
         <name>malloc</name>
         <value>0x6c95</value>
         <object_component_ref idref="oc-2ac"/>
      </symbol>
      <symbol id="sm-690">
         <name>aligned_alloc</name>
         <value>0x5d89</value>
         <object_component_ref idref="oc-38c"/>
      </symbol>
      <symbol id="sm-69f">
         <name>strcmp</name>
         <value>0x6bd3</value>
         <object_component_ref idref="oc-194"/>
      </symbol>
      <symbol id="sm-6ad">
         <name>strcpy</name>
         <value>0x6c01</value>
         <object_component_ref idref="oc-19a"/>
      </symbol>
      <symbol id="sm-713">
         <name>__kernel_rem_pio2</name>
         <value>0x30d9</value>
         <object_component_ref idref="oc-24c"/>
      </symbol>
      <symbol id="sm-726">
         <name>__stack</name>
         <value>0x20000270</value>
         <object_component_ref idref="oc-27"/>
      </symbol>
      <symbol id="sm-727">
         <name>_c_int00_noargs</name>
         <value>0x6a61</value>
         <object_component_ref idref="oc-5c"/>
      </symbol>
      <symbol id="sm-73d">
         <name>__aeabi_errno_addr</name>
         <value>0x6c8d</value>
         <object_component_ref idref="oc-227"/>
      </symbol>
      <symbol id="sm-73e">
         <name>errno</name>
         <value>0x20001b30</value>
         <object_component_ref idref="oc-325"/>
      </symbol>
      <symbol id="sm-748">
         <name>copysign</name>
         <value>0x6b71</value>
         <object_component_ref idref="oc-32d"/>
      </symbol>
      <symbol id="sm-749">
         <name>copysignl</name>
         <value>0x6b71</value>
         <object_component_ref idref="oc-32d"/>
      </symbol>
      <symbol id="sm-75f">
         <name>__kernel_cos</name>
         <value>0x5269</value>
         <object_component_ref idref="oc-252"/>
      </symbol>
      <symbol id="sm-776">
         <name>__kernel_sin</name>
         <value>0x50f5</value>
         <object_component_ref idref="oc-246"/>
      </symbol>
      <symbol id="sm-793">
         <name>floorl</name>
         <value>0x5f85</value>
         <object_component_ref idref="oc-343"/>
      </symbol>
      <symbol id="sm-794">
         <name>floor</name>
         <value>0x5f85</value>
         <object_component_ref idref="oc-343"/>
      </symbol>
      <symbol id="sm-8f9">
         <name>__TI_printfi</name>
         <value>0x1cb9</value>
         <object_component_ref idref="oc-20a"/>
      </symbol>
      <symbol id="sm-908">
         <name>__aeabi_memset</name>
         <value>0x6453</value>
         <object_component_ref idref="oc-96"/>
      </symbol>
      <symbol id="sm-909">
         <name>memset</name>
         <value>0x6459</value>
         <object_component_ref idref="oc-96"/>
      </symbol>
      <symbol id="sm-90a">
         <name>__aeabi_memset8</name>
         <value>0x6453</value>
         <object_component_ref idref="oc-96"/>
      </symbol>
      <symbol id="sm-90b">
         <name>__aeabi_memset4</name>
         <value>0x6453</value>
         <object_component_ref idref="oc-96"/>
      </symbol>
      <symbol id="sm-90c">
         <name>__aeabi_memclr8</name>
         <value>0x6451</value>
         <object_component_ref idref="oc-96"/>
      </symbol>
      <symbol id="sm-90d">
         <name>__aeabi_memclr4</name>
         <value>0x6451</value>
         <object_component_ref idref="oc-96"/>
      </symbol>
      <symbol id="sm-90e">
         <name>__aeabi_memclr</name>
         <value>0x6451</value>
         <object_component_ref idref="oc-96"/>
      </symbol>
      <symbol id="sm-91b">
         <name>__aeabi_uldivmod</name>
         <value>0x62af</value>
         <object_component_ref idref="oc-3a4"/>
      </symbol>
      <symbol id="sm-943">
         <name>__TI_auto_init_nobinit_nopinit</name>
         <value>0x6875</value>
         <object_component_ref idref="oc-14f"/>
      </symbol>
      <symbol id="sm-94d">
         <name>_system_pre_init</name>
         <value>0x6c9d</value>
         <object_component_ref idref="oc-9c"/>
      </symbol>
      <symbol id="sm-959">
         <name>C$$EXIT</name>
         <value>0x6ca1</value>
         <object_component_ref idref="oc-143"/>
      </symbol>
      <symbol id="sm-95a">
         <name>abort</name>
         <value>0x6ca1</value>
         <object_component_ref idref="oc-143"/>
      </symbol>
      <symbol id="sm-96f">
         <name>_nop</name>
         <value>0x2707</value>
         <object_component_ref idref="oc-357"/>
      </symbol>
      <symbol id="sm-970">
         <name>_lock</name>
         <value>0x20001b1c</value>
         <object_component_ref idref="oc-261"/>
      </symbol>
      <symbol id="sm-971">
         <name>_unlock</name>
         <value>0x20001b20</value>
         <object_component_ref idref="oc-261"/>
      </symbol>
      <symbol id="sm-980">
         <name>__TI_ltoa</name>
         <value>0x673b</value>
         <object_component_ref idref="oc-3aa"/>
      </symbol>
      <symbol id="sm-997">
         <name>atoi</name>
         <value>0x67e1</value>
         <object_component_ref idref="oc-2e3"/>
      </symbol>
      <symbol id="sm-9a2">
         <name>_ctypes_</name>
         <value>0x6e00</value>
         <object_component_ref idref="oc-39f"/>
      </symbol>
      <symbol id="sm-9b2">
         <name>memccpy</name>
         <value>0x6b55</value>
         <object_component_ref idref="oc-307"/>
      </symbol>
      <symbol id="sm-9c2">
         <name>strchr</name>
         <value>0x6beb</value>
         <object_component_ref idref="oc-3d1"/>
      </symbol>
      <symbol id="sm-9d0">
         <name>strlen</name>
         <value>0x6c15</value>
         <object_component_ref idref="oc-2dd"/>
      </symbol>
      <symbol id="sm-9e9">
         <name>wcslen</name>
         <value>0x6c29</value>
         <object_component_ref idref="oc-30d"/>
      </symbol>
      <symbol id="sm-9ff">
         <name>frexpl</name>
         <value>0x6681</value>
         <object_component_ref idref="oc-3cb"/>
      </symbol>
      <symbol id="sm-a00">
         <name>frexp</name>
         <value>0x6681</value>
         <object_component_ref idref="oc-3cb"/>
      </symbol>
      <symbol id="sm-a0a">
         <name>__aeabi_idiv0</name>
         <value>0x50f3</value>
         <object_component_ref idref="oc-424"/>
      </symbol>
      <symbol id="sm-a0b">
         <name>__aeabi_ldiv0</name>
         <value>0x50f3</value>
         <object_component_ref idref="oc-424"/>
      </symbol>
      <symbol id="sm-a3a">
         <name>IntRegister</name>
         <value>0x6a2d</value>
         <object_component_ref idref="oc-183"/>
      </symbol>
      <symbol id="sm-a3b">
         <name>g_pfnRAMVectors</name>
         <value>0x20000000</value>
         <object_component_ref idref="oc-27d"/>
      </symbol>
      <symbol id="sm-a3c">
         <name>IntMasterEnable</name>
         <value>0x6c3b</value>
         <object_component_ref idref="oc-1bd"/>
      </symbol>
      <symbol id="sm-a46">
         <name>CPUcpsie</name>
         <value>0x6c69</value>
         <object_component_ref idref="oc-2c0"/>
      </symbol>
      <symbol id="sm-a47">
         <name>__TI_static_base__</name>
         <value>0x0</value>
      </symbol>
      <symbol id="sm-a4a">
         <name>__mpu_init</name>
         <value>0x0</value>
      </symbol>
      <symbol id="sm-a4b">
         <name>_system_post_cinit</name>
         <value>0x0</value>
      </symbol>
   </symbol_table>
   <title>Link successful</title>
</link_info>
