******************************************************************************
                  TI ARM Linker PC v20.2.7                     
******************************************************************************
>> Linked Tue Nov 19 17:21:16 2024

OUTPUT FILE NAME:   <balb 10.out>
ENTRY POINT SYMBOL: "_c_int00_noargs"  address: 00006ca9


MEMORY CONFIGURATION

         name            origin    length      used     unused   attr    fill
----------------------  --------  ---------  --------  --------  ----  --------
  FLASH                 00000000   00040000  000071e7  00038e19  R  X
  SRAM                  20000000   00008000  00000f2c  000070d4  RW X


SEGMENT ALLOCATION MAP

run origin  load origin   length   init length attrs members
----------  ----------- ---------- ----------- ----- -------
00000000    00000000    000071f0   000071f0    r-x
  00000000    00000000    0000026c   0000026c    r-- .intvecs
  0000026c    0000026c    00006c80   00006c80    r-x .text
  00006ef0    00006ef0    000002a3   000002a3    r-- .const
  00007198    00007198    00000058   00000058    r-- .cinit
20000000    20000000    00000f30   00000000    rw-
  20000000    20000000    0000026c   00000000    rw- .vtable
  20000270    20000270    00000800   00000000    rw- .stack
  20000a70    20000a70    00000400   00000000    rw- .sysmem
  20000e70    20000e70    00000074   00000000    rw- .bss
  20000ee4    20000ee4    0000004c   00000000    rw- .data


SECTION ALLOCATION MAP

 output                                  attributes/
section   page    origin      length       input sections
--------  ----  ----------  ----------   ----------------
.intvecs   0    00000000    0000026c     
                  00000000    0000026c     tm4c123gh6pm_startup_ccs.obj (.intvecs)

.text      0    0000026c    00006c80     
                  0000026c    00001434     movement.obj (.text)
                  000016a0    00000c20     open_interface.obj (.text)
                  000022c0    00000a4e     rtsv7M4_T_le_v4SPD16_eabi.lib : _printfi.c.obj (.text:__TI_printfi)
                  00002d0e    00000002                                   : _lock.c.obj (.text:_nop)
                  00002d10    000009d0                                   : e_pow.c.obj (.text:pow)
                  000036e0    00000738                                   : k_rem_pio2.c.obj (.text:__kernel_rem_pio2)
                  00003e18    000005e0                                   : s_sin.c.obj (.text:sin)
                  000043f8    00000328     lcd.obj (.text)
                  00004720    00000324     ping.obj (.text)
                  00004a44    00000270     rtsv7M4_T_le_v4SPD16_eabi.lib : _printfi.c.obj (.text:_pconv_a)
                  00004cb4    00000248     Timer.obj (.text)
                  00004efc    00000244     servo.obj (.text)
                  00005140    000001d0     rtsv7M4_T_le_v4SPD16_eabi.lib : _printfi.c.obj (.text:_pconv_g)
                  00005310    000001b6                                   : fd_add_t2.asm.obj (.text)
                  000054c6    00000002                                   : div0.asm.obj (.text)
                  000054c8    00000174                                   : k_sin.c.obj (.text:__kernel_sin)
                  0000563c    00000170                                   : k_cos.c.obj (.text:__kernel_cos)
                  000057ac    0000015c     uart_extra_help.obj (.text)
                  00005908    00000158     rtsv7M4_T_le_v4SPD16_eabi.lib : e_sqrt.c.obj (.text:sqrt)
                  00005a60    0000013c                                   : _printfi.c.obj (.text:_pconv_e)
                  00005b9c    00000136                                   : fd_div_t2.asm.obj (.text)
                  00005cd2    00000002     --HOLE-- [fill = 0]
                  00005cd4    00000124                                   : _printfi.c.obj (.text:fcvt)
                  00005df8    00000110                                   : s_scalbn.c.obj (.text:scalbn)
                  00005f08    00000100                                   : memory.c.obj (.text:aligned_alloc)
                  00006008    000000fc                                   : fd_mul_t2.asm.obj (.text)
                  00006104    000000f8                                   : s_floor.c.obj (.text:floor)
                  000061fc    000000e4                                   : memory.c.obj (.text:free)
                  000062e0    000000c8     adc.obj (.text)
                  000063a8    000000b1     rtsv7M4_T_le_v4SPD16_eabi.lib : _printfi.c.obj (.text:_ltostr)
                  00006459    00000001     --HOLE-- [fill = 0]
                  0000645a    0000009c                                   : memcpy_t2.asm.obj (.text)
                  000064f6    00000096                                   : ull_div_t2.asm.obj (.text)
                  0000658c    00000086                                   : fd_cmp_t2.asm.obj (.text:__aeabi_cdcmple)
                  00006612    00000086                                   : fd_cmp_t2.asm.obj (.text:__aeabi_cdrcmple)
                  00006698    0000007a                                   : memset_t2.asm.obj (.text)
                  00006712    00000002     --HOLE-- [fill = 0]
                  00006714    00000070                                   : memory.c.obj (.text:split)
                  00006784    0000006e                                   : _printfi.c.obj (.text:_mcpy)
                  000067f2    0000006e                                   : fd_tos_t2.asm.obj (.text)
                  00006860    00000068                                   : copy_decompress_lzss.c.obj (.text:decompress:lzss:__TI_decompress_lzss)
                  000068c8    00000064                                   : s_frexp.c.obj (.text:frexp)
                  0000692c    00000056                                   : _printfi.c.obj (.text:_pconv_f)
                  00006982    00000054                                   : _ltoa.c.obj (.text:__TI_ltoa)
                  000069d6    00000052                                   : _printfi.c.obj (.text:_ecpy)
                  00006a28    0000004c                                   : atoi.c.obj (.text:atoi)
                  00006a74    00000048                                   : fd_toi_t2.asm.obj (.text)
                  00006abc    00000044                                   : autoinit.c.obj (.text:__TI_auto_init_nobinit_nopinit:__TI_auto_init_nobinit_nopinit)
                  00006b00    00000044                                   : fd_tou_t2.asm.obj (.text)
                  00006b44    00000040                                   : sprintf.c.obj (.text:sprintf)
                  00006b84    00000040                                   : vsnprintf.c.obj (.text:vsnprintf)
                  00006bc4    0000003e                                   : _printfi.c.obj (.text:_fcpy)
                  00006c02    00000002     --HOLE-- [fill = 0]
                  00006c04    00000038                                   : memory.c.obj (.text:calloc)
                  00006c3c    00000038                                   : fs_tod_t2.asm.obj (.text)
                  00006c74    00000034     driverlib.lib : interrupt.obj (.text:IntRegister)
                  00006ca8    00000034     rtsv7M4_T_le_v4SPD16_eabi.lib : boot_cortex_m.c.obj (.text:_c_int00_noargs:_c_int00_noargs)
                  00006cdc    00000030                                   : vsnprintf.c.obj (.text:_outs)
                  00006d0c    0000002e                                   : i_tofd_t2.asm.obj (.text)
                  00006d3a    00000002     --HOLE-- [fill = 0]
                  00006d3c    00000028                                   : memory.c.obj (.text:free_list_insert)
                  00006d64    0000001c                                   : copy_zero_init.c.obj (.text:decompress:ZI:__TI_zero_init_nomemset:__TI_zero_init_nomemset)
                  00006d80    0000001c                                   : memory.c.obj (.text:free_list_remove)
                  00006d9c    0000001c                                   : memccpy.c.obj (.text:memccpy)
                  00006db8    0000001a                                   : s_copysign.c.obj (.text:copysign)
                  00006dd2    00000018                                   : vsnprintf.c.obj (.text:_outc)
                  00006dea    00000018                                   : sprintf.c.obj (.text:_outs)
                  00006e02    00000018     open_interface.obj (.text:oi_parseInt)
                  00006e1a    00000018     rtsv7M4_T_le_v4SPD16_eabi.lib : strcmp.c.obj (.text:strcmp)
                  00006e32    00000016                                   : strchr.c.obj (.text:strchr)
                  00006e48    00000014                                   : strcpy.c.obj (.text:strcpy)
                  00006e5c    00000014                                   : strlen.c.obj (.text:strlen)
                  00006e70    00000012                                   : wcslen.c.obj (.text:wcslen)
                  00006e82    00000010     driverlib.lib : interrupt.obj (.text:IntMasterEnable)
                  00006e92    00000010     lcd.obj (.text:lcd_clear)
                  00006ea2    0000000e     rtsv7M4_T_le_v4SPD16_eabi.lib : copy_decompress_none.c.obj (.text:decompress:none:__TI_decompress_none)
                  00006eb0    0000000c     driverlib.lib : cpu.obj (.text:CPUcpsie)
                  00006ebc    0000000c     tm4c123gh6pm_startup_ccs.obj (.text)
                  00006ec8    0000000a     rtsv7M4_T_le_v4SPD16_eabi.lib : sprintf.c.obj (.text:_outc)
                  00006ed2    00000002     --HOLE-- [fill = 0]
                  00006ed4    00000008                                   : errno.c.obj (.text:__aeabi_errno_addr)
                  00006edc    00000008                                   : memory.c.obj (.text:malloc)
                  00006ee4    00000004                                   : pre_init.c.obj (.text:_system_pre_init)
                  00006ee8    00000004                                   : exit.c.obj (.text:abort:abort)

.const     0    00006ef0    000002a3     
                  00006ef0    00000158     rtsv7M4_T_le_v4SPD16_eabi.lib : k_rem_pio2.c.obj (.const:$O1$$)
                  00007048    00000101                                   : ctype.c.obj (.const:.string:_ctypes_)
                  00007149    00000004     lcd.obj (.const:.string:lineAddress$1)
                  0000714d    00000003     --HOLE-- [fill = 0]
                  00007150    00000030     rtsv7M4_T_le_v4SPD16_eabi.lib : e_pow.c.obj (.const:$O1$$)
                  00007180    0000000f     open_interface.obj (.const:.string:$P$T0$3)
                  0000718f    00000004     lcd.obj (.const:.string:lineAddresses$2)

.cinit     0    00007198    00000058     
                  00007198    0000001f     (.cinit..data.load) [load image, compression = lzss]
                  000071b7    00000001     --HOLE-- [fill = 0]
                  000071b8    0000000c     (__TI_handler_table)
                  000071c4    00000004     --HOLE-- [fill = 0]
                  000071c8    00000008     (.cinit..bss.load) [load image, compression = zero_init]
                  000071d0    00000008     (.cinit..vtable.load) [load image, compression = zero_init]
                  000071d8    00000018     (__TI_cinit_table)

.init_array 
*          0    00000000    00000000     UNINITIALIZED

.vtable    0    20000000    0000026c     UNINITIALIZED
                  20000000    0000026c     driverlib.lib : interrupt.obj (.vtable)

.stack     0    20000270    00000800     UNINITIALIZED
                  20000270    00000004     rtsv7M4_T_le_v4SPD16_eabi.lib : boot_cortex_m.c.obj (.stack)
                  20000274    000007fc     --HOLE--

.sysmem    0    20000a70    00000400     UNINITIALIZED
                  20000a70    00000010     rtsv7M4_T_le_v4SPD16_eabi.lib : memory.c.obj (.sysmem)
                  20000a80    000003f0     --HOLE--

.bss       0    20000e70    00000074     UNINITIALIZED
                  20000e70    00000054     lcd.obj (.bss:lastbuffer$3)
                  20000ec4    00000018     open_interface.obj (.bss:firmware$2)
                  20000edc    00000004     (.common:_timeout_ticks)
                  20000ee0    00000004     (.common:clockwise)

.data      0    20000ee4    0000004c     UNINITIALIZED
                  20000ee4    00000020     open_interface.obj (.data)
                  20000f04    00000011     ping.obj (.data)
                  20000f15    00000002     uart_extra_help.obj (.data)
                  20000f17    00000001     Timer.obj (.data)
                  20000f18    00000008     rtsv7M4_T_le_v4SPD16_eabi.lib : _lock.c.obj (.data:$O1$$)
                  20000f20    00000008                                   : memory.c.obj (.data:$O1$$)
                  20000f28    00000004                                   : errno.c.obj (.data)
                  20000f2c    00000004     servo.obj (.data)

__llvm_prf_cnts 
*          0    20000000    00000000     UNINITIALIZED

MODULE SUMMARY

       Module                         code    ro data   rw data
       ------                         ----    -------   -------
    .\
       movement.obj                   5172    0         0      
       open_interface.obj             3128    15        56     
       lcd.obj                        824     8         84     
       ping.obj                       804     0         17     
       tm4c123gh6pm_startup_ccs.obj   12      620       0      
       Timer.obj                      584     0         5      
       servo.obj                      580     0         8      
       uart_extra_help.obj            348     0         2      
       adc.obj                        200     0         0      
    +--+------------------------------+-------+---------+---------+
       Total:                         11652   643       172    
                                                               
    C:/ti/TivaWare_C_Series-2.2.0.295/driverlib/ccs/Debug/driverlib.lib
       interrupt.obj                  68      0         620    
       cpu.obj                        12      0         0      
    +--+------------------------------+-------+---------+---------+
       Total:                         80      0         620    
                                                               
    C:\ti\ccs1271\ccs\tools\compiler\ti-cgt-arm_20.2.7.LTS\lib\rtsv7M4_T_le_v4SPD16_eabi.lib
       _printfi.c.obj                 4851    0         0      
       e_pow.c.obj                    2512    48        0      
       k_rem_pio2.c.obj               1848    344       0      
       s_sin.c.obj                    1504    0         0      
       memory.c.obj                   728     0         8      
       fd_add_t2.asm.obj              438     0         0      
       k_sin.c.obj                    372     0         0      
       k_cos.c.obj                    368     0         0      
       e_sqrt.c.obj                   344     0         0      
       fd_div_t2.asm.obj              310     0         0      
       s_scalbn.c.obj                 272     0         0      
       fd_cmp_t2.asm.obj              268     0         0      
       ctype.c.obj                    0       257       0      
       fd_mul_t2.asm.obj              252     0         0      
       s_floor.c.obj                  248     0         0      
       memcpy_t2.asm.obj              156     0         0      
       ull_div_t2.asm.obj             150     0         0      
       vsnprintf.c.obj                136     0         0      
       memset_t2.asm.obj              122     0         0      
       fd_tos_t2.asm.obj              110     0         0      
       copy_decompress_lzss.c.obj     104     0         0      
       s_frexp.c.obj                  100     0         0      
       sprintf.c.obj                  98      0         0      
       _ltoa.c.obj                    84      0         0      
       atoi.c.obj                     76      0         0      
       fd_toi_t2.asm.obj              72      0         0      
       autoinit.c.obj                 68      0         0      
       fd_tou_t2.asm.obj              68      0         0      
       fs_tod_t2.asm.obj              56      0         0      
       boot_cortex_m.c.obj            52      0         0      
       i_tofd_t2.asm.obj              46      0         0      
       copy_zero_init.c.obj           28      0         0      
       memccpy.c.obj                  28      0         0      
       s_copysign.c.obj               26      0         0      
       strcmp.c.obj                   24      0         0      
       strchr.c.obj                   22      0         0      
       strcpy.c.obj                   20      0         0      
       strlen.c.obj                   20      0         0      
       wcslen.c.obj                   18      0         0      
       copy_decompress_none.c.obj     14      0         0      
       errno.c.obj                    8       0         4      
       _lock.c.obj                    2       0         8      
       exit.c.obj                     4       0         0      
       pre_init.c.obj                 4       0         0      
       div0.asm.obj                   2       0         0      
    +--+------------------------------+-------+---------+---------+
       Total:                         16033   649       20     
                                                               
       Heap:                          0       0         1024   
       Stack:                         0       0         2048   
       Linker Generated:              0       83        0      
    +--+------------------------------+-------+---------+---------+
       Grand Total:                   27765   1375      3884   


LINKER GENERATED COPY TABLES

__TI_cinit_table @ 000071d8 records: 3, size/record: 8, table size: 24
	.data: load addr=00007198, load size=0000001f bytes, run addr=20000ee4, run size=0000004c bytes, compression=lzss
	.bss: load addr=000071c8, load size=00000008 bytes, run addr=20000e70, run size=00000074 bytes, compression=zero_init
	.vtable: load addr=000071d0, load size=00000008 bytes, run addr=20000000, run size=0000026c bytes, compression=zero_init


LINKER GENERATED HANDLER TABLE

__TI_handler_table @ 000071b8 records: 3, size/record: 4, table size: 12
	index: 0, handler: __TI_zero_init
	index: 1, handler: __TI_decompress_lzss
	index: 2, handler: __TI_decompress_none


GLOBAL SYMBOLS: SORTED ALPHABETICALLY BY Name 

address   name                          
-------   ----                          
00006ee9  C$$EXIT                       
00006eb1  CPUcpsie                      
20000f08  END_TIME                      
00001ff7  GPIOF_Handler                 
00006e83  IntMasterEnable               
00006c75  IntRegister                   
00006ebd  ResetISR                      
20000f04  START_TIME                    
20000f0c  STATE                         
00004863  TIMER3B_Handler               
20000a70  __STACK_END                   
00000800  __STACK_SIZE                  
20000470  __STACK_TOP                   
00000400  __SYSMEM_SIZE                 
000071d8  __TI_CINIT_Base               
000071f0  __TI_CINIT_Limit              
000071b8  __TI_Handler_Table_Base       
000071c4  __TI_Handler_Table_Limit      
00006abd  __TI_auto_init_nobinit_nopinit
00006861  __TI_decompress_lzss          
00006ea3  __TI_decompress_none          
00006983  __TI_ltoa                     
ffffffff  __TI_pprof_out_hndl           
000022c1  __TI_printfi                  
ffffffff  __TI_prof_data_size           
ffffffff  __TI_prof_data_start          
00000000  __TI_static_base__            
00006d65  __TI_zero_init_nomemset       
0000658d  __aeabi_cdcmpeq               
0000658d  __aeabi_cdcmple               
00006613  __aeabi_cdrcmple              
000067f3  __aeabi_d2f                   
00006a75  __aeabi_d2iz                  
00006b01  __aeabi_d2uiz                 
0000531b  __aeabi_dadd                  
00005b9d  __aeabi_ddiv                  
00006009  __aeabi_dmul                  
00005311  __aeabi_dsub                  
00006ed5  __aeabi_errno_addr            
00006c3d  __aeabi_f2d                   
00006d0d  __aeabi_i2d                   
000054c7  __aeabi_idiv0                 
000054c7  __aeabi_ldiv0                 
00006699  __aeabi_memclr                
00006699  __aeabi_memclr4               
00006699  __aeabi_memclr8               
0000645b  __aeabi_memcpy                
0000645b  __aeabi_memcpy4               
0000645b  __aeabi_memcpy8               
0000669b  __aeabi_memset                
0000669b  __aeabi_memset4               
0000669b  __aeabi_memset8               
000064f7  __aeabi_uldivmod              
ffffffff  __binit__                     
ffffffff  __c_args__                    
0000563d  __kernel_cos                  
000036e1  __kernel_rem_pio2             
000054c9  __kernel_sin                  
UNDEFED   __mpu_init                    
20000270  __stack                       
20000000  __start___llvm_prf_cnts       
20000000  __stop___llvm_prf_cnts        
00006ca9  _c_int00_noargs               
00007048  _ctypes_                      
20000f18  _lock                         
00002d0f  _nop                          
20000f17  _running                      
20000a70  _sys_memory                   
UNDEFED   _system_post_cinit            
00006ee5  _system_pre_init              
20000edc  _timeout_ticks                
20000f1c  _unlock                       
00006ee9  abort                         
000062e1  adc_init                      
00006349  adc_read                      
00005f09  aligned_alloc                 
00006a29  atoi                          
ffffffff  binit                         
00004ff9  button_Handler                
00006c05  calloc                        
20000ee0  clockwise                     
00006db9  copysign                      
00006db9  copysignl                     
20000f10  count                         
20000f2c  degree                        
20000f28  errno                         
000007f1  est_distance                  
20000f15  flag                          
00006105  floor                         
00006105  floorl                        
000061fd  free                          
000068c9  frexp                         
000068c9  frexpl                        
20000000  g_pfnRAMVectors               
00000000  g_pfnVectors                  
00001db3  go_charge                     
00000425  hasBumpedLeft                 
0000043f  hasBumpedRight                
20000f14  intflag                       
00006e93  lcd_clear                     
000045cd  lcd_gotoLine                  
00004435  lcd_init                      
00004633  lcd_printf                    
000044f5  lcd_putc                      
0000452d  lcd_puts                      
000043f9  lcd_reverseNibble             
0000454b  lcd_sendCommand               
00004589  lcd_sendNibble                
000045f5  lcd_setCursorPos              
00005df9  ldexp                         
00005df9  ldexpl                        
000008a1  main                          
00006edd  malloc                        
00005f09  memalign                      
00006d9d  memccpy                       
0000645b  memcpy                        
000066a1  memset                        
20000ee4  motor_cal_factor_L            
20000ee8  motor_cal_factor_R            
0000026d  move_backward                 
00000667  move_backwards                
0000057d  move_forward                  
00000459  move_forward_go_around        
00000375  move_until_bump               
000016a1  oi_alloc                      
00001edd  oi_checkFirmware              
000016fb  oi_close                      
000016ad  oi_free                       
00002221  oi_getMotorCalibrationLeft    
00002235  oi_getMotorCalibrationRight   
000016e5  oi_init                       
000016bd  oi_init_noupdate              
00001d49  oi_loadSong                   
00006e03  oi_parseInt                   
0000175f  oi_parsePacket                
00001d9f  oi_play_song                  
00001c7f  oi_setLeds                    
000021e5  oi_setMotorCalibration        
00001cc3  oi_setWheels                  
00001f85  oi_shutoff_init               
00001dc1  oi_uartInit                   
00001e65  oi_uartReceive                
00001eab  oi_uartSendBuff               
00001e49  oi_uartSendChar               
00001e8d  oi_uartSendStr                
0000170d  oi_update                     
000048a3  ping_getDistance              
00004721  ping_init                     
000047d7  ping_trigger                  
00002d11  pow                           
00002d11  powl                          
00005df9  scalbn                        
00005df9  scalbnl                       
000007a1  sendString                    
00004efd  servo_init                    
00004fa9  servo_move                    
00003e19  sin                           
00003e19  sinl                          
00006b45  sprintf                       
00005909  sqrt                          
00005909  sqrtl                         
00006e33  strchr                        
00006e1b  strcmp                        
00006e49  strcpy                        
00006e5d  strlen                        
00004dd3  timer_getMicros               
00004d7b  timer_getMillis               
00004cb5  timer_init                    
00004d57  timer_pause                   
00004d69  timer_resume                  
00004d2d  timer_stop                    
00004e2d  timer_waitMicros              
00004e5f  timer_waitMillis              
000007d1  toRadians                     
0000072d  turn_cclockwise               
000006c9  turn_clockwise                
000002e7  turn_counterclockwise         
20000f16  uart_data                     
000057ad  uart_init                     
0000588d  uart_interrupt_handler        
0000586d  uart_interrupt_init           
00005859  uart_receive                  
0000581f  uart_sendChar                 
0000583b  uart_sendString               
00006b85  vsnprintf                     
00006e71  wcslen                        


GLOBAL SYMBOLS: SORTED BY Symbol Address 

address   name                          
-------   ----                          
00000000  __TI_static_base__            
00000000  g_pfnVectors                  
0000026d  move_backward                 
000002e7  turn_counterclockwise         
00000375  move_until_bump               
00000400  __SYSMEM_SIZE                 
00000425  hasBumpedLeft                 
0000043f  hasBumpedRight                
00000459  move_forward_go_around        
0000057d  move_forward                  
00000667  move_backwards                
000006c9  turn_clockwise                
0000072d  turn_cclockwise               
000007a1  sendString                    
000007d1  toRadians                     
000007f1  est_distance                  
00000800  __STACK_SIZE                  
000008a1  main                          
000016a1  oi_alloc                      
000016ad  oi_free                       
000016bd  oi_init_noupdate              
000016e5  oi_init                       
000016fb  oi_close                      
0000170d  oi_update                     
0000175f  oi_parsePacket                
00001c7f  oi_setLeds                    
00001cc3  oi_setWheels                  
00001d49  oi_loadSong                   
00001d9f  oi_play_song                  
00001db3  go_charge                     
00001dc1  oi_uartInit                   
00001e49  oi_uartSendChar               
00001e65  oi_uartReceive                
00001e8d  oi_uartSendStr                
00001eab  oi_uartSendBuff               
00001edd  oi_checkFirmware              
00001f85  oi_shutoff_init               
00001ff7  GPIOF_Handler                 
000021e5  oi_setMotorCalibration        
00002221  oi_getMotorCalibrationLeft    
00002235  oi_getMotorCalibrationRight   
000022c1  __TI_printfi                  
00002d0f  _nop                          
00002d11  pow                           
00002d11  powl                          
000036e1  __kernel_rem_pio2             
00003e19  sin                           
00003e19  sinl                          
000043f9  lcd_reverseNibble             
00004435  lcd_init                      
000044f5  lcd_putc                      
0000452d  lcd_puts                      
0000454b  lcd_sendCommand               
00004589  lcd_sendNibble                
000045cd  lcd_gotoLine                  
000045f5  lcd_setCursorPos              
00004633  lcd_printf                    
00004721  ping_init                     
000047d7  ping_trigger                  
00004863  TIMER3B_Handler               
000048a3  ping_getDistance              
00004cb5  timer_init                    
00004d2d  timer_stop                    
00004d57  timer_pause                   
00004d69  timer_resume                  
00004d7b  timer_getMillis               
00004dd3  timer_getMicros               
00004e2d  timer_waitMicros              
00004e5f  timer_waitMillis              
00004efd  servo_init                    
00004fa9  servo_move                    
00004ff9  button_Handler                
00005311  __aeabi_dsub                  
0000531b  __aeabi_dadd                  
000054c7  __aeabi_idiv0                 
000054c7  __aeabi_ldiv0                 
000054c9  __kernel_sin                  
0000563d  __kernel_cos                  
000057ad  uart_init                     
0000581f  uart_sendChar                 
0000583b  uart_sendString               
00005859  uart_receive                  
0000586d  uart_interrupt_init           
0000588d  uart_interrupt_handler        
00005909  sqrt                          
00005909  sqrtl                         
00005b9d  __aeabi_ddiv                  
00005df9  ldexp                         
00005df9  ldexpl                        
00005df9  scalbn                        
00005df9  scalbnl                       
00005f09  aligned_alloc                 
00005f09  memalign                      
00006009  __aeabi_dmul                  
00006105  floor                         
00006105  floorl                        
000061fd  free                          
000062e1  adc_init                      
00006349  adc_read                      
0000645b  __aeabi_memcpy                
0000645b  __aeabi_memcpy4               
0000645b  __aeabi_memcpy8               
0000645b  memcpy                        
000064f7  __aeabi_uldivmod              
0000658d  __aeabi_cdcmpeq               
0000658d  __aeabi_cdcmple               
00006613  __aeabi_cdrcmple              
00006699  __aeabi_memclr                
00006699  __aeabi_memclr4               
00006699  __aeabi_memclr8               
0000669b  __aeabi_memset                
0000669b  __aeabi_memset4               
0000669b  __aeabi_memset8               
000066a1  memset                        
000067f3  __aeabi_d2f                   
00006861  __TI_decompress_lzss          
000068c9  frexp                         
000068c9  frexpl                        
00006983  __TI_ltoa                     
00006a29  atoi                          
00006a75  __aeabi_d2iz                  
00006abd  __TI_auto_init_nobinit_nopinit
00006b01  __aeabi_d2uiz                 
00006b45  sprintf                       
00006b85  vsnprintf                     
00006c05  calloc                        
00006c3d  __aeabi_f2d                   
00006c75  IntRegister                   
00006ca9  _c_int00_noargs               
00006d0d  __aeabi_i2d                   
00006d65  __TI_zero_init_nomemset       
00006d9d  memccpy                       
00006db9  copysign                      
00006db9  copysignl                     
00006e03  oi_parseInt                   
00006e1b  strcmp                        
00006e33  strchr                        
00006e49  strcpy                        
00006e5d  strlen                        
00006e71  wcslen                        
00006e83  IntMasterEnable               
00006e93  lcd_clear                     
00006ea3  __TI_decompress_none          
00006eb1  CPUcpsie                      
00006ebd  ResetISR                      
00006ed5  __aeabi_errno_addr            
00006edd  malloc                        
00006ee5  _system_pre_init              
00006ee9  C$$EXIT                       
00006ee9  abort                         
00007048  _ctypes_                      
000071b8  __TI_Handler_Table_Base       
000071c4  __TI_Handler_Table_Limit      
000071d8  __TI_CINIT_Base               
000071f0  __TI_CINIT_Limit              
20000000  __start___llvm_prf_cnts       
20000000  __stop___llvm_prf_cnts        
20000000  g_pfnRAMVectors               
20000270  __stack                       
20000470  __STACK_TOP                   
20000a70  __STACK_END                   
20000a70  _sys_memory                   
20000edc  _timeout_ticks                
20000ee0  clockwise                     
20000ee4  motor_cal_factor_L            
20000ee8  motor_cal_factor_R            
20000f04  START_TIME                    
20000f08  END_TIME                      
20000f0c  STATE                         
20000f10  count                         
20000f14  intflag                       
20000f15  flag                          
20000f16  uart_data                     
20000f17  _running                      
20000f18  _lock                         
20000f1c  _unlock                       
20000f28  errno                         
20000f2c  degree                        
ffffffff  __TI_pprof_out_hndl           
ffffffff  __TI_prof_data_size           
ffffffff  __TI_prof_data_start          
ffffffff  __binit__                     
ffffffff  __c_args__                    
ffffffff  binit                         
UNDEFED   __mpu_init                    
UNDEFED   _system_post_cinit            

[186 symbols]
