<?xml version="1.0" encoding="ISO-8859-1" ?>
<link_info>
   <banner>TI ARM Linker PC v20.2.7.LTS</banner>
   <copyright>Copyright (c) 1996-2018 Texas Instruments Incorporated</copyright>
   <link_time>0x673d1d6c</link_time>
   <link_errors>0x0</link_errors>
   <output_file>balb 10.out</output_file>
   <entry_point>
      <name>_c_int00_noargs</name>
      <address>0x6ca9</address>
   </entry_point>
   <input_file_list>
      <input_file id="fl-2">
         <path>.\</path>
         <kind>object</kind>
         <file>Timer.obj</file>
         <name>Timer.obj</name>
      </input_file>
      <input_file id="fl-3">
         <path>.\</path>
         <kind>object</kind>
         <file>adc.obj</file>
         <name>adc.obj</name>
      </input_file>
      <input_file id="fl-4">
         <path>.\</path>
         <kind>object</kind>
         <file>button.obj</file>
         <name>button.obj</name>
      </input_file>
      <input_file id="fl-5">
         <path>.\</path>
         <kind>object</kind>
         <file>lcd.obj</file>
         <name>lcd.obj</name>
      </input_file>
      <input_file id="fl-6">
         <path>.\</path>
         <kind>object</kind>
         <file>movement.obj</file>
         <name>movement.obj</name>
      </input_file>
      <input_file id="fl-7">
         <path>.\</path>
         <kind>object</kind>
         <file>open_interface.obj</file>
         <name>open_interface.obj</name>
      </input_file>
      <input_file id="fl-8">
         <path>.\</path>
         <kind>object</kind>
         <file>ping.obj</file>
         <name>ping.obj</name>
      </input_file>
      <input_file id="fl-9">
         <path>.\</path>
         <kind>object</kind>
         <file>servo.obj</file>
         <name>servo.obj</name>
      </input_file>
      <input_file id="fl-a">
         <path>.\</path>
         <kind>object</kind>
         <file>tm4c123gh6pm_startup_ccs.obj</file>
         <name>tm4c123gh6pm_startup_ccs.obj</name>
      </input_file>
      <input_file id="fl-b">
         <path>.\</path>
         <kind>object</kind>
         <file>uart_extra_help.obj</file>
         <name>uart_extra_help.obj</name>
      </input_file>
      <input_file id="fl-10">
         <kind>object</kind>
         <file>&lt;internal&gt;</file>
         <name>&lt;internal&gt;</name>
      </input_file>
      <input_file id="fl-c6">
         <path>C:\ti\ccs1271\ccs\tools\compiler\ti-cgt-arm_20.2.7.LTS\lib\</path>
         <kind>archive</kind>
         <file>rtsv7M4_T_le_v4SPD16_eabi.lib</file>
         <name>e_pow.c.obj</name>
      </input_file>
      <input_file id="fl-c7">
         <path>C:\ti\ccs1271\ccs\tools\compiler\ti-cgt-arm_20.2.7.LTS\lib\</path>
         <kind>archive</kind>
         <file>rtsv7M4_T_le_v4SPD16_eabi.lib</file>
         <name>e_sqrt.c.obj</name>
      </input_file>
      <input_file id="fl-c8">
         <path>C:\ti\ccs1271\ccs\tools\compiler\ti-cgt-arm_20.2.7.LTS\lib\</path>
         <kind>archive</kind>
         <file>rtsv7M4_T_le_v4SPD16_eabi.lib</file>
         <name>s_scalbn.c.obj</name>
      </input_file>
      <input_file id="fl-c9">
         <path>C:\ti\ccs1271\ccs\tools\compiler\ti-cgt-arm_20.2.7.LTS\lib\</path>
         <kind>archive</kind>
         <file>rtsv7M4_T_le_v4SPD16_eabi.lib</file>
         <name>s_sin.c.obj</name>
      </input_file>
      <input_file id="fl-ca">
         <path>C:\ti\ccs1271\ccs\tools\compiler\ti-cgt-arm_20.2.7.LTS\lib\</path>
         <kind>archive</kind>
         <file>rtsv7M4_T_le_v4SPD16_eabi.lib</file>
         <name>sprintf.c.obj</name>
      </input_file>
      <input_file id="fl-cb">
         <path>C:\ti\ccs1271\ccs\tools\compiler\ti-cgt-arm_20.2.7.LTS\lib\</path>
         <kind>archive</kind>
         <file>rtsv7M4_T_le_v4SPD16_eabi.lib</file>
         <name>vsnprintf.c.obj</name>
      </input_file>
      <input_file id="fl-cc">
         <path>C:\ti\ccs1271\ccs\tools\compiler\ti-cgt-arm_20.2.7.LTS\lib\</path>
         <kind>archive</kind>
         <file>rtsv7M4_T_le_v4SPD16_eabi.lib</file>
         <name>fd_add_t2.asm.obj</name>
      </input_file>
      <input_file id="fl-cd">
         <path>C:\ti\ccs1271\ccs\tools\compiler\ti-cgt-arm_20.2.7.LTS\lib\</path>
         <kind>archive</kind>
         <file>rtsv7M4_T_le_v4SPD16_eabi.lib</file>
         <name>fd_cmp_t2.asm.obj</name>
      </input_file>
      <input_file id="fl-ce">
         <path>C:\ti\ccs1271\ccs\tools\compiler\ti-cgt-arm_20.2.7.LTS\lib\</path>
         <kind>archive</kind>
         <file>rtsv7M4_T_le_v4SPD16_eabi.lib</file>
         <name>fd_div_t2.asm.obj</name>
      </input_file>
      <input_file id="fl-cf">
         <path>C:\ti\ccs1271\ccs\tools\compiler\ti-cgt-arm_20.2.7.LTS\lib\</path>
         <kind>archive</kind>
         <file>rtsv7M4_T_le_v4SPD16_eabi.lib</file>
         <name>fd_mul_t2.asm.obj</name>
      </input_file>
      <input_file id="fl-d0">
         <path>C:\ti\ccs1271\ccs\tools\compiler\ti-cgt-arm_20.2.7.LTS\lib\</path>
         <kind>archive</kind>
         <file>rtsv7M4_T_le_v4SPD16_eabi.lib</file>
         <name>fd_toi_t2.asm.obj</name>
      </input_file>
      <input_file id="fl-d1">
         <path>C:\ti\ccs1271\ccs\tools\compiler\ti-cgt-arm_20.2.7.LTS\lib\</path>
         <kind>archive</kind>
         <file>rtsv7M4_T_le_v4SPD16_eabi.lib</file>
         <name>fd_tos_t2.asm.obj</name>
      </input_file>
      <input_file id="fl-d2">
         <path>C:\ti\ccs1271\ccs\tools\compiler\ti-cgt-arm_20.2.7.LTS\lib\</path>
         <kind>archive</kind>
         <file>rtsv7M4_T_le_v4SPD16_eabi.lib</file>
         <name>fd_tou_t2.asm.obj</name>
      </input_file>
      <input_file id="fl-d3">
         <path>C:\ti\ccs1271\ccs\tools\compiler\ti-cgt-arm_20.2.7.LTS\lib\</path>
         <kind>archive</kind>
         <file>rtsv7M4_T_le_v4SPD16_eabi.lib</file>
         <name>fs_tod_t2.asm.obj</name>
      </input_file>
      <input_file id="fl-d4">
         <path>C:\ti\ccs1271\ccs\tools\compiler\ti-cgt-arm_20.2.7.LTS\lib\</path>
         <kind>archive</kind>
         <file>rtsv7M4_T_le_v4SPD16_eabi.lib</file>
         <name>i_tofd_t2.asm.obj</name>
      </input_file>
      <input_file id="fl-d5">
         <path>C:\ti\ccs1271\ccs\tools\compiler\ti-cgt-arm_20.2.7.LTS\lib\</path>
         <kind>archive</kind>
         <file>rtsv7M4_T_le_v4SPD16_eabi.lib</file>
         <name>memcpy_t2.asm.obj</name>
      </input_file>
      <input_file id="fl-d6">
         <path>C:\ti\ccs1271\ccs\tools\compiler\ti-cgt-arm_20.2.7.LTS\lib\</path>
         <kind>archive</kind>
         <file>rtsv7M4_T_le_v4SPD16_eabi.lib</file>
         <name>copy_zero_init.c.obj</name>
      </input_file>
      <input_file id="fl-d7">
         <path>C:\ti\ccs1271\ccs\tools\compiler\ti-cgt-arm_20.2.7.LTS\lib\</path>
         <kind>archive</kind>
         <file>rtsv7M4_T_le_v4SPD16_eabi.lib</file>
         <name>copy_decompress_none.c.obj</name>
      </input_file>
      <input_file id="fl-d8">
         <path>C:\ti\ccs1271\ccs\tools\compiler\ti-cgt-arm_20.2.7.LTS\lib\</path>
         <kind>archive</kind>
         <file>rtsv7M4_T_le_v4SPD16_eabi.lib</file>
         <name>copy_decompress_lzss.c.obj</name>
      </input_file>
      <input_file id="fl-d9">
         <path>C:\ti\ccs1271\ccs\tools\compiler\ti-cgt-arm_20.2.7.LTS\lib\</path>
         <kind>archive</kind>
         <file>rtsv7M4_T_le_v4SPD16_eabi.lib</file>
         <name>memory.c.obj</name>
      </input_file>
      <input_file id="fl-da">
         <path>C:\ti\ccs1271\ccs\tools\compiler\ti-cgt-arm_20.2.7.LTS\lib\</path>
         <kind>archive</kind>
         <file>rtsv7M4_T_le_v4SPD16_eabi.lib</file>
         <name>strcmp.c.obj</name>
      </input_file>
      <input_file id="fl-db">
         <path>C:\ti\ccs1271\ccs\tools\compiler\ti-cgt-arm_20.2.7.LTS\lib\</path>
         <kind>archive</kind>
         <file>rtsv7M4_T_le_v4SPD16_eabi.lib</file>
         <name>strcpy.c.obj</name>
      </input_file>
      <input_file id="fl-dc">
         <path>C:\ti\ccs1271\ccs\tools\compiler\ti-cgt-arm_20.2.7.LTS\lib\</path>
         <kind>archive</kind>
         <file>rtsv7M4_T_le_v4SPD16_eabi.lib</file>
         <name>k_rem_pio2.c.obj</name>
      </input_file>
      <input_file id="fl-dd">
         <path>C:\ti\ccs1271\ccs\tools\compiler\ti-cgt-arm_20.2.7.LTS\lib\</path>
         <kind>archive</kind>
         <file>rtsv7M4_T_le_v4SPD16_eabi.lib</file>
         <name>boot_cortex_m.c.obj</name>
      </input_file>
      <input_file id="fl-de">
         <path>C:\ti\ccs1271\ccs\tools\compiler\ti-cgt-arm_20.2.7.LTS\lib\</path>
         <kind>archive</kind>
         <file>rtsv7M4_T_le_v4SPD16_eabi.lib</file>
         <name>errno.c.obj</name>
      </input_file>
      <input_file id="fl-df">
         <path>C:\ti\ccs1271\ccs\tools\compiler\ti-cgt-arm_20.2.7.LTS\lib\</path>
         <kind>archive</kind>
         <file>rtsv7M4_T_le_v4SPD16_eabi.lib</file>
         <name>s_copysign.c.obj</name>
      </input_file>
      <input_file id="fl-e0">
         <path>C:\ti\ccs1271\ccs\tools\compiler\ti-cgt-arm_20.2.7.LTS\lib\</path>
         <kind>archive</kind>
         <file>rtsv7M4_T_le_v4SPD16_eabi.lib</file>
         <name>k_cos.c.obj</name>
      </input_file>
      <input_file id="fl-e1">
         <path>C:\ti\ccs1271\ccs\tools\compiler\ti-cgt-arm_20.2.7.LTS\lib\</path>
         <kind>archive</kind>
         <file>rtsv7M4_T_le_v4SPD16_eabi.lib</file>
         <name>k_sin.c.obj</name>
      </input_file>
      <input_file id="fl-e2">
         <path>C:\ti\ccs1271\ccs\tools\compiler\ti-cgt-arm_20.2.7.LTS\lib\</path>
         <kind>archive</kind>
         <file>rtsv7M4_T_le_v4SPD16_eabi.lib</file>
         <name>s_floor.c.obj</name>
      </input_file>
      <input_file id="fl-e3">
         <path>C:\ti\ccs1271\ccs\tools\compiler\ti-cgt-arm_20.2.7.LTS\lib\</path>
         <kind>archive</kind>
         <file>rtsv7M4_T_le_v4SPD16_eabi.lib</file>
         <name>_printfi.c.obj</name>
      </input_file>
      <input_file id="fl-e4">
         <path>C:\ti\ccs1271\ccs\tools\compiler\ti-cgt-arm_20.2.7.LTS\lib\</path>
         <kind>archive</kind>
         <file>rtsv7M4_T_le_v4SPD16_eabi.lib</file>
         <name>memset_t2.asm.obj</name>
      </input_file>
      <input_file id="fl-e5">
         <path>C:\ti\ccs1271\ccs\tools\compiler\ti-cgt-arm_20.2.7.LTS\lib\</path>
         <kind>archive</kind>
         <file>rtsv7M4_T_le_v4SPD16_eabi.lib</file>
         <name>ull_div_t2.asm.obj</name>
      </input_file>
      <input_file id="fl-e6">
         <path>C:\ti\ccs1271\ccs\tools\compiler\ti-cgt-arm_20.2.7.LTS\lib\</path>
         <kind>archive</kind>
         <file>rtsv7M4_T_le_v4SPD16_eabi.lib</file>
         <name>autoinit.c.obj</name>
      </input_file>
      <input_file id="fl-e7">
         <path>C:\ti\ccs1271\ccs\tools\compiler\ti-cgt-arm_20.2.7.LTS\lib\</path>
         <kind>archive</kind>
         <file>rtsv7M4_T_le_v4SPD16_eabi.lib</file>
         <name>pre_init.c.obj</name>
      </input_file>
      <input_file id="fl-e8">
         <path>C:\ti\ccs1271\ccs\tools\compiler\ti-cgt-arm_20.2.7.LTS\lib\</path>
         <kind>archive</kind>
         <file>rtsv7M4_T_le_v4SPD16_eabi.lib</file>
         <name>cpy_tbl.c.obj</name>
      </input_file>
      <input_file id="fl-e9">
         <path>C:\ti\ccs1271\ccs\tools\compiler\ti-cgt-arm_20.2.7.LTS\lib\</path>
         <kind>archive</kind>
         <file>rtsv7M4_T_le_v4SPD16_eabi.lib</file>
         <name>exit.c.obj</name>
      </input_file>
      <input_file id="fl-ea">
         <path>C:\ti\ccs1271\ccs\tools\compiler\ti-cgt-arm_20.2.7.LTS\lib\</path>
         <kind>archive</kind>
         <file>rtsv7M4_T_le_v4SPD16_eabi.lib</file>
         <name>_lock.c.obj</name>
      </input_file>
      <input_file id="fl-eb">
         <path>C:\ti\ccs1271\ccs\tools\compiler\ti-cgt-arm_20.2.7.LTS\lib\</path>
         <kind>archive</kind>
         <file>rtsv7M4_T_le_v4SPD16_eabi.lib</file>
         <name>_ltoa.c.obj</name>
      </input_file>
      <input_file id="fl-ec">
         <path>C:\ti\ccs1271\ccs\tools\compiler\ti-cgt-arm_20.2.7.LTS\lib\</path>
         <kind>archive</kind>
         <file>rtsv7M4_T_le_v4SPD16_eabi.lib</file>
         <name>args_main.c.obj</name>
      </input_file>
      <input_file id="fl-ed">
         <path>C:\ti\ccs1271\ccs\tools\compiler\ti-cgt-arm_20.2.7.LTS\lib\</path>
         <kind>archive</kind>
         <file>rtsv7M4_T_le_v4SPD16_eabi.lib</file>
         <name>atoi.c.obj</name>
      </input_file>
      <input_file id="fl-ee">
         <path>C:\ti\ccs1271\ccs\tools\compiler\ti-cgt-arm_20.2.7.LTS\lib\</path>
         <kind>archive</kind>
         <file>rtsv7M4_T_le_v4SPD16_eabi.lib</file>
         <name>ctype.c.obj</name>
      </input_file>
      <input_file id="fl-ef">
         <path>C:\ti\ccs1271\ccs\tools\compiler\ti-cgt-arm_20.2.7.LTS\lib\</path>
         <kind>archive</kind>
         <file>rtsv7M4_T_le_v4SPD16_eabi.lib</file>
         <name>memccpy.c.obj</name>
      </input_file>
      <input_file id="fl-f0">
         <path>C:\ti\ccs1271\ccs\tools\compiler\ti-cgt-arm_20.2.7.LTS\lib\</path>
         <kind>archive</kind>
         <file>rtsv7M4_T_le_v4SPD16_eabi.lib</file>
         <name>strchr.c.obj</name>
      </input_file>
      <input_file id="fl-f1">
         <path>C:\ti\ccs1271\ccs\tools\compiler\ti-cgt-arm_20.2.7.LTS\lib\</path>
         <kind>archive</kind>
         <file>rtsv7M4_T_le_v4SPD16_eabi.lib</file>
         <name>strlen.c.obj</name>
      </input_file>
      <input_file id="fl-f2">
         <path>C:\ti\ccs1271\ccs\tools\compiler\ti-cgt-arm_20.2.7.LTS\lib\</path>
         <kind>archive</kind>
         <file>rtsv7M4_T_le_v4SPD16_eabi.lib</file>
         <name>wcslen.c.obj</name>
      </input_file>
      <input_file id="fl-f3">
         <path>C:\ti\ccs1271\ccs\tools\compiler\ti-cgt-arm_20.2.7.LTS\lib\</path>
         <kind>archive</kind>
         <file>rtsv7M4_T_le_v4SPD16_eabi.lib</file>
         <name>s_frexp.c.obj</name>
      </input_file>
      <input_file id="fl-f4">
         <path>C:\ti\ccs1271\ccs\tools\compiler\ti-cgt-arm_20.2.7.LTS\lib\</path>
         <kind>archive</kind>
         <file>rtsv7M4_T_le_v4SPD16_eabi.lib</file>
         <name>div0.asm.obj</name>
      </input_file>
      <input_file id="fl-f5">
         <path>C:\ti\TivaWare_C_Series-2.2.0.295\driverlib\ccs\Debug\</path>
         <kind>archive</kind>
         <file>driverlib.lib</file>
         <name>interrupt.obj</name>
      </input_file>
      <input_file id="fl-f6">
         <path>C:\ti\TivaWare_C_Series-2.2.0.295\driverlib\ccs\Debug\</path>
         <kind>archive</kind>
         <file>driverlib.lib</file>
         <name>cpu.obj</name>
      </input_file>
   </input_file_list>
   <object_component_list>
      <object_component id="oc-12">
         <name>.intvecs</name>
         <load_address>0x0</load_address>
         <run_address>0x0</run_address>
         <size>0x26c</size>
         <input_file_ref idref="fl-a"/>
      </object_component>
      <object_component id="oc-a2">
         <name>.text</name>
         <load_address>0x26c</load_address>
         <run_address>0x26c</run_address>
         <size>0x1434</size>
         <input_file_ref idref="fl-6"/>
      </object_component>
      <object_component id="oc-d7">
         <name>.text</name>
         <load_address>0x16a0</load_address>
         <run_address>0x16a0</run_address>
         <size>0xc20</size>
         <input_file_ref idref="fl-7"/>
      </object_component>
      <object_component id="oc-219">
         <name>.text:__TI_printfi</name>
         <load_address>0x22c0</load_address>
         <run_address>0x22c0</run_address>
         <size>0xa4e</size>
         <input_file_ref idref="fl-e3"/>
      </object_component>
      <object_component id="oc-340">
         <name>.text:_nop</name>
         <load_address>0x2d0e</load_address>
         <run_address>0x2d0e</run_address>
         <size>0x2</size>
         <input_file_ref idref="fl-ea"/>
      </object_component>
      <object_component id="oc-10e">
         <name>.text:pow</name>
         <load_address>0x2d10</load_address>
         <run_address>0x2d10</run_address>
         <size>0x9d0</size>
         <input_file_ref idref="fl-c6"/>
      </object_component>
      <object_component id="oc-234">
         <name>.text:__kernel_rem_pio2</name>
         <load_address>0x36e0</load_address>
         <run_address>0x36e0</run_address>
         <size>0x738</size>
         <input_file_ref idref="fl-dc"/>
      </object_component>
      <object_component id="oc-144">
         <name>.text:sin</name>
         <load_address>0x3e18</load_address>
         <run_address>0x3e18</run_address>
         <size>0x5e0</size>
         <input_file_ref idref="fl-c9"/>
      </object_component>
      <object_component id="oc-11a">
         <name>.text</name>
         <load_address>0x43f8</load_address>
         <run_address>0x43f8</run_address>
         <size>0x328</size>
         <input_file_ref idref="fl-5"/>
      </object_component>
      <object_component id="oc-12c">
         <name>.text</name>
         <load_address>0x4720</load_address>
         <run_address>0x4720</run_address>
         <size>0x324</size>
         <input_file_ref idref="fl-8"/>
      </object_component>
      <object_component id="oc-309">
         <name>.text:_pconv_a</name>
         <load_address>0x4a44</load_address>
         <run_address>0x4a44</run_address>
         <size>0x270</size>
         <input_file_ref idref="fl-e3"/>
      </object_component>
      <object_component id="oc-114">
         <name>.text</name>
         <load_address>0x4cb4</load_address>
         <run_address>0x4cb4</run_address>
         <size>0x248</size>
         <input_file_ref idref="fl-2"/>
      </object_component>
      <object_component id="oc-126">
         <name>.text</name>
         <load_address>0x4efc</load_address>
         <run_address>0x4efc</run_address>
         <size>0x244</size>
         <input_file_ref idref="fl-9"/>
      </object_component>
      <object_component id="oc-2f7">
         <name>.text:_pconv_g</name>
         <load_address>0x5140</load_address>
         <run_address>0x5140</run_address>
         <size>0x1d0</size>
         <input_file_ref idref="fl-e3"/>
      </object_component>
      <object_component id="oc-dd">
         <name>.text</name>
         <load_address>0x5310</load_address>
         <run_address>0x5310</run_address>
         <size>0x1b6</size>
         <input_file_ref idref="fl-cc"/>
      </object_component>
      <object_component id="oc-411">
         <name>.text</name>
         <load_address>0x54c6</load_address>
         <run_address>0x54c6</run_address>
         <size>0x2</size>
         <input_file_ref idref="fl-f4"/>
      </object_component>
      <object_component id="oc-22e">
         <name>.text:__kernel_sin</name>
         <load_address>0x54c8</load_address>
         <run_address>0x54c8</run_address>
         <size>0x174</size>
         <input_file_ref idref="fl-e1"/>
      </object_component>
      <object_component id="oc-23a">
         <name>.text:__kernel_cos</name>
         <load_address>0x563c</load_address>
         <run_address>0x563c</run_address>
         <size>0x170</size>
         <input_file_ref idref="fl-e0"/>
      </object_component>
      <object_component id="oc-f6">
         <name>.text</name>
         <load_address>0x57ac</load_address>
         <run_address>0x57ac</run_address>
         <size>0x15c</size>
         <input_file_ref idref="fl-b"/>
      </object_component>
      <object_component id="oc-1d5">
         <name>.text:sqrt</name>
         <load_address>0x5908</load_address>
         <run_address>0x5908</run_address>
         <size>0x158</size>
         <input_file_ref idref="fl-c7"/>
      </object_component>
      <object_component id="oc-303">
         <name>.text:_pconv_e</name>
         <load_address>0x5a60</load_address>
         <run_address>0x5a60</run_address>
         <size>0x13c</size>
         <input_file_ref idref="fl-e3"/>
      </object_component>
      <object_component id="oc-f1">
         <name>.text</name>
         <load_address>0x5b9c</load_address>
         <run_address>0x5b9c</run_address>
         <size>0x136</size>
         <input_file_ref idref="fl-ce"/>
      </object_component>
      <object_component id="oc-3b6">
         <name>.text:fcvt</name>
         <load_address>0x5cd4</load_address>
         <run_address>0x5cd4</run_address>
         <size>0x124</size>
         <input_file_ref idref="fl-e3"/>
      </object_component>
      <object_component id="oc-1e4">
         <name>.text:scalbn</name>
         <load_address>0x5df8</load_address>
         <run_address>0x5df8</run_address>
         <size>0x110</size>
         <input_file_ref idref="fl-c8"/>
      </object_component>
      <object_component id="oc-35f">
         <name>.text:aligned_alloc</name>
         <load_address>0x5f08</load_address>
         <run_address>0x5f08</run_address>
         <size>0x100</size>
         <input_file_ref idref="fl-d9"/>
      </object_component>
      <object_component id="oc-104">
         <name>.text</name>
         <load_address>0x6008</load_address>
         <run_address>0x6008</run_address>
         <size>0xfc</size>
         <input_file_ref idref="fl-cf"/>
      </object_component>
      <object_component id="oc-32d">
         <name>.text:floor</name>
         <load_address>0x6104</load_address>
         <run_address>0x6104</run_address>
         <size>0xf8</size>
         <input_file_ref idref="fl-e2"/>
      </object_component>
      <object_component id="oc-19c">
         <name>.text:free</name>
         <load_address>0x61fc</load_address>
         <run_address>0x61fc</run_address>
         <size>0xe4</size>
         <input_file_ref idref="fl-d9"/>
      </object_component>
      <object_component id="oc-120">
         <name>.text</name>
         <load_address>0x62e0</load_address>
         <run_address>0x62e0</run_address>
         <size>0xc8</size>
         <input_file_ref idref="fl-3"/>
      </object_component>
      <object_component id="oc-2f1">
         <name>.text:_ltostr</name>
         <load_address>0x63a8</load_address>
         <run_address>0x63a8</run_address>
         <size>0xb1</size>
         <input_file_ref idref="fl-e3"/>
      </object_component>
      <object_component id="oc-3e">
         <name>.text</name>
         <load_address>0x645a</load_address>
         <run_address>0x645a</run_address>
         <size>0x9c</size>
         <input_file_ref idref="fl-d5"/>
      </object_component>
      <object_component id="oc-39d">
         <name>.text</name>
         <load_address>0x64f6</load_address>
         <run_address>0x64f6</run_address>
         <size>0x96</size>
         <input_file_ref idref="fl-e5"/>
      </object_component>
      <object_component id="oc-ec">
         <name>.text:__aeabi_cdcmple</name>
         <load_address>0x658c</load_address>
         <run_address>0x658c</run_address>
         <size>0x86</size>
         <input_file_ref idref="fl-cd"/>
      </object_component>
      <object_component id="oc-ff">
         <name>.text:__aeabi_cdrcmple</name>
         <load_address>0x6612</load_address>
         <run_address>0x6612</run_address>
         <size>0x86</size>
         <input_file_ref idref="fl-cd"/>
      </object_component>
      <object_component id="oc-96">
         <name>.text</name>
         <load_address>0x6698</load_address>
         <run_address>0x6698</run_address>
         <size>0x7a</size>
         <input_file_ref idref="fl-e4"/>
      </object_component>
      <object_component id="oc-401">
         <name>.text:split</name>
         <load_address>0x6714</load_address>
         <run_address>0x6714</run_address>
         <size>0x70</size>
         <input_file_ref idref="fl-d9"/>
      </object_component>
      <object_component id="oc-3af">
         <name>.text:_mcpy</name>
         <load_address>0x6784</load_address>
         <run_address>0x6784</run_address>
         <size>0x6e</size>
         <input_file_ref idref="fl-e3"/>
      </object_component>
      <object_component id="oc-109">
         <name>.text</name>
         <load_address>0x67f2</load_address>
         <run_address>0x67f2</run_address>
         <size>0x6e</size>
         <input_file_ref idref="fl-d1"/>
      </object_component>
      <object_component id="oc-15">
         <name>.text:decompress:lzss:__TI_decompress_lzss</name>
         <load_address>0x6860</load_address>
         <run_address>0x6860</run_address>
         <size>0x68</size>
         <input_file_ref idref="fl-d8"/>
      </object_component>
      <object_component id="oc-3c4">
         <name>.text:frexp</name>
         <load_address>0x68c8</load_address>
         <run_address>0x68c8</run_address>
         <size>0x64</size>
         <input_file_ref idref="fl-f3"/>
      </object_component>
      <object_component id="oc-2fd">
         <name>.text:_pconv_f</name>
         <load_address>0x692c</load_address>
         <run_address>0x692c</run_address>
         <size>0x56</size>
         <input_file_ref idref="fl-e3"/>
      </object_component>
      <object_component id="oc-3a3">
         <name>.text:__TI_ltoa</name>
         <load_address>0x6982</load_address>
         <run_address>0x6982</run_address>
         <size>0x54</size>
         <input_file_ref idref="fl-eb"/>
      </object_component>
      <object_component id="oc-3a9">
         <name>.text:_ecpy</name>
         <load_address>0x69d6</load_address>
         <run_address>0x69d6</run_address>
         <size>0x52</size>
         <input_file_ref idref="fl-e3"/>
      </object_component>
      <object_component id="oc-2eb">
         <name>.text:atoi</name>
         <load_address>0x6a28</load_address>
         <run_address>0x6a28</run_address>
         <size>0x4c</size>
         <input_file_ref idref="fl-ed"/>
      </object_component>
      <object_component id="oc-e2">
         <name>.text</name>
         <load_address>0x6a74</load_address>
         <run_address>0x6a74</run_address>
         <size>0x48</size>
         <input_file_ref idref="fl-d0"/>
      </object_component>
      <object_component id="oc-162">
         <name>.text:__TI_auto_init_nobinit_nopinit:__TI_auto_init_nobinit_nopinit</name>
         <load_address>0x6abc</load_address>
         <run_address>0x6abc</run_address>
         <size>0x44</size>
         <input_file_ref idref="fl-e6"/>
      </object_component>
      <object_component id="oc-1c9">
         <name>.text</name>
         <load_address>0x6b00</load_address>
         <run_address>0x6b00</run_address>
         <size>0x44</size>
         <input_file_ref idref="fl-d2"/>
      </object_component>
      <object_component id="oc-139">
         <name>.text:sprintf</name>
         <load_address>0x6b44</load_address>
         <run_address>0x6b44</run_address>
         <size>0x40</size>
         <input_file_ref idref="fl-ca"/>
      </object_component>
      <object_component id="oc-1f7">
         <name>.text:vsnprintf</name>
         <load_address>0x6b84</load_address>
         <run_address>0x6b84</run_address>
         <size>0x40</size>
         <input_file_ref idref="fl-cb"/>
      </object_component>
      <object_component id="oc-3bc">
         <name>.text:_fcpy</name>
         <load_address>0x6bc4</load_address>
         <run_address>0x6bc4</run_address>
         <size>0x3e</size>
         <input_file_ref idref="fl-e3"/>
      </object_component>
      <object_component id="oc-196">
         <name>.text:calloc</name>
         <load_address>0x6c04</load_address>
         <run_address>0x6c04</run_address>
         <size>0x38</size>
         <input_file_ref idref="fl-d9"/>
      </object_component>
      <object_component id="oc-13f">
         <name>.text</name>
         <load_address>0x6c3c</load_address>
         <run_address>0x6c3c</run_address>
         <size>0x38</size>
         <input_file_ref idref="fl-d3"/>
      </object_component>
      <object_component id="oc-1af">
         <name>.text:IntRegister</name>
         <load_address>0x6c74</load_address>
         <run_address>0x6c74</run_address>
         <size>0x34</size>
         <input_file_ref idref="fl-f5"/>
      </object_component>
      <object_component id="oc-5c">
         <name>.text:_c_int00_noargs:_c_int00_noargs</name>
         <load_address>0x6ca8</load_address>
         <run_address>0x6ca8</run_address>
         <size>0x34</size>
         <input_file_ref idref="fl-dd"/>
      </object_component>
      <object_component id="oc-2c2">
         <name>.text:_outs</name>
         <load_address>0x6cdc</load_address>
         <run_address>0x6cdc</run_address>
         <size>0x30</size>
         <input_file_ref idref="fl-cb"/>
      </object_component>
      <object_component id="oc-e7">
         <name>.text</name>
         <load_address>0x6d0c</load_address>
         <run_address>0x6d0c</run_address>
         <size>0x2e</size>
         <input_file_ref idref="fl-d4"/>
      </object_component>
      <object_component id="oc-27b">
         <name>.text:free_list_insert</name>
         <load_address>0x6d3c</load_address>
         <run_address>0x6d3c</run_address>
         <size>0x28</size>
         <input_file_ref idref="fl-d9"/>
      </object_component>
      <object_component id="oc-4a">
         <name>.text:decompress:ZI:__TI_zero_init_nomemset:__TI_zero_init_nomemset</name>
         <load_address>0x6d64</load_address>
         <run_address>0x6d64</run_address>
         <size>0x1c</size>
         <input_file_ref idref="fl-d6"/>
      </object_component>
      <object_component id="oc-275">
         <name>.text:free_list_remove</name>
         <load_address>0x6d80</load_address>
         <run_address>0x6d80</run_address>
         <size>0x1c</size>
         <input_file_ref idref="fl-d9"/>
      </object_component>
      <object_component id="oc-30f">
         <name>.text:memccpy</name>
         <load_address>0x6d9c</load_address>
         <run_address>0x6d9c</run_address>
         <size>0x1c</size>
         <input_file_ref idref="fl-ef"/>
      </object_component>
      <object_component id="oc-2ac">
         <name>.text:copysign</name>
         <load_address>0x6db8</load_address>
         <run_address>0x6db8</run_address>
         <size>0x1a</size>
         <input_file_ref idref="fl-df"/>
      </object_component>
      <object_component id="oc-2c8">
         <name>.text:_outc</name>
         <load_address>0x6dd2</load_address>
         <run_address>0x6dd2</run_address>
         <size>0x18</size>
         <input_file_ref idref="fl-cb"/>
      </object_component>
      <object_component id="oc-21f">
         <name>.text:_outs</name>
         <load_address>0x6dea</load_address>
         <run_address>0x6dea</run_address>
         <size>0x18</size>
         <input_file_ref idref="fl-ca"/>
      </object_component>
      <object_component id="oc-1a2">
         <name>.text:oi_parseInt</name>
         <load_address>0x6e02</load_address>
         <run_address>0x6e02</run_address>
         <size>0x18</size>
         <input_file_ref idref="fl-7"/>
      </object_component>
      <object_component id="oc-1a9">
         <name>.text:strcmp</name>
         <load_address>0x6e1a</load_address>
         <run_address>0x6e1a</run_address>
         <size>0x18</size>
         <input_file_ref idref="fl-da"/>
      </object_component>
      <object_component id="oc-3ca">
         <name>.text:strchr</name>
         <load_address>0x6e32</load_address>
         <run_address>0x6e32</run_address>
         <size>0x16</size>
         <input_file_ref idref="fl-f0"/>
      </object_component>
      <object_component id="oc-1fd">
         <name>.text:strcpy</name>
         <load_address>0x6e48</load_address>
         <run_address>0x6e48</run_address>
         <size>0x14</size>
         <input_file_ref idref="fl-db"/>
      </object_component>
      <object_component id="oc-2e5">
         <name>.text:strlen</name>
         <load_address>0x6e5c</load_address>
         <run_address>0x6e5c</run_address>
         <size>0x14</size>
         <input_file_ref idref="fl-f1"/>
      </object_component>
      <object_component id="oc-315">
         <name>.text:wcslen</name>
         <load_address>0x6e70</load_address>
         <run_address>0x6e70</run_address>
         <size>0x12</size>
         <input_file_ref idref="fl-f2"/>
      </object_component>
      <object_component id="oc-1b5">
         <name>.text:IntMasterEnable</name>
         <load_address>0x6e82</load_address>
         <run_address>0x6e82</run_address>
         <size>0x10</size>
         <input_file_ref idref="fl-f5"/>
      </object_component>
      <object_component id="oc-132">
         <name>.text:lcd_clear</name>
         <load_address>0x6e92</load_address>
         <run_address>0x6e92</run_address>
         <size>0x10</size>
         <input_file_ref idref="fl-5"/>
      </object_component>
      <object_component id="oc-1b">
         <name>.text:decompress:none:__TI_decompress_none</name>
         <load_address>0x6ea2</load_address>
         <run_address>0x6ea2</run_address>
         <size>0xe</size>
         <input_file_ref idref="fl-d7"/>
      </object_component>
      <object_component id="oc-28e">
         <name>.text:CPUcpsie</name>
         <load_address>0x6eb0</load_address>
         <run_address>0x6eb0</run_address>
         <size>0xc</size>
         <input_file_ref idref="fl-f6"/>
      </object_component>
      <object_component id="oc-2a">
         <name>.text</name>
         <load_address>0x6ebc</load_address>
         <run_address>0x6ebc</run_address>
         <size>0xc</size>
         <input_file_ref idref="fl-a"/>
      </object_component>
      <object_component id="oc-225">
         <name>.text:_outc</name>
         <load_address>0x6ec8</load_address>
         <run_address>0x6ec8</run_address>
         <size>0xa</size>
         <input_file_ref idref="fl-ca"/>
      </object_component>
      <object_component id="oc-1db">
         <name>.text:__aeabi_errno_addr</name>
         <load_address>0x6ed4</load_address>
         <run_address>0x6ed4</run_address>
         <size>0x8</size>
         <input_file_ref idref="fl-de"/>
      </object_component>
      <object_component id="oc-26e">
         <name>.text:malloc</name>
         <load_address>0x6edc</load_address>
         <run_address>0x6edc</run_address>
         <size>0x8</size>
         <input_file_ref idref="fl-d9"/>
      </object_component>
      <object_component id="oc-9c">
         <name>.text:_system_pre_init</name>
         <load_address>0x6ee4</load_address>
         <run_address>0x6ee4</run_address>
         <size>0x4</size>
         <input_file_ref idref="fl-e7"/>
      </object_component>
      <object_component id="oc-156">
         <name>.text:abort:abort</name>
         <load_address>0x6ee8</load_address>
         <run_address>0x6ee8</run_address>
         <size>0x4</size>
         <input_file_ref idref="fl-e9"/>
      </object_component>
      <object_component id="oc-333">
         <name>.const:$O1$$</name>
         <load_address>0x6ef0</load_address>
         <run_address>0x6ef0</run_address>
         <size>0x158</size>
         <input_file_ref idref="fl-dc"/>
      </object_component>
      <object_component id="oc-398">
         <name>.const:.string:_ctypes_</name>
         <load_address>0x7048</load_address>
         <run_address>0x7048</run_address>
         <size>0x101</size>
         <input_file_ref idref="fl-ee"/>
      </object_component>
      <object_component id="oc-203">
         <name>.const:.string:lineAddress$1</name>
         <load_address>0x7149</load_address>
         <run_address>0x7149</run_address>
         <size>0x4</size>
         <input_file_ref idref="fl-5"/>
      </object_component>
      <object_component id="oc-1e1">
         <name>.const:$O1$$</name>
         <load_address>0x7150</load_address>
         <run_address>0x7150</run_address>
         <size>0x30</size>
         <input_file_ref idref="fl-c6"/>
      </object_component>
      <object_component id="oc-1be">
         <name>.const:.string:$P$T0$3</name>
         <load_address>0x7180</load_address>
         <run_address>0x7180</run_address>
         <size>0xf</size>
         <input_file_ref idref="fl-7"/>
      </object_component>
      <object_component id="oc-204">
         <name>.const:.string:lineAddresses$2</name>
         <load_address>0x718f</load_address>
         <run_address>0x718f</run_address>
         <size>0x4</size>
         <input_file_ref idref="fl-5"/>
      </object_component>
      <object_component id="oc-467">
         <name>.cinit..data.load</name>
         <load_address>0x7198</load_address>
         <run_address>0x7198</run_address>
         <size>0x1f</size>
      </object_component>
      <object_component id="oc-464">
         <name>__TI_handler_table</name>
         <load_address>0x71b8</load_address>
         <run_address>0x71b8</run_address>
         <size>0xc</size>
      </object_component>
      <object_component id="oc-468">
         <name>.cinit..bss.load</name>
         <load_address>0x71c8</load_address>
         <run_address>0x71c8</run_address>
         <size>0x8</size>
      </object_component>
      <object_component id="oc-466">
         <name>.cinit..vtable.load</name>
         <load_address>0x71d0</load_address>
         <run_address>0x71d0</run_address>
         <size>0x8</size>
      </object_component>
      <object_component id="oc-465">
         <name>__TI_cinit_table</name>
         <load_address>0x71d8</load_address>
         <run_address>0x71d8</run_address>
         <size>0x18</size>
      </object_component>
      <object_component id="oc-284">
         <name>.vtable</name>
         <uninitialized>true</uninitialized>
         <run_address>0x20000000</run_address>
         <size>0x26c</size>
         <input_file_ref idref="fl-f5"/>
      </object_component>
      <object_component id="oc-1f2">
         <name>.data</name>
         <load_address>0x20000f17</load_address>
         <run_address>0x20000f17</run_address>
         <size>0x1</size>
         <input_file_ref idref="fl-2"/>
      </object_component>
      <object_component id="oc-1bb">
         <name>.data</name>
         <load_address>0x20000ee4</load_address>
         <run_address>0x20000ee4</run_address>
         <size>0x20</size>
         <input_file_ref idref="fl-7"/>
      </object_component>
      <object_component id="oc-215">
         <name>.data</name>
         <load_address>0x20000f04</load_address>
         <run_address>0x20000f04</run_address>
         <size>0x11</size>
         <input_file_ref idref="fl-8"/>
      </object_component>
      <object_component id="oc-20e">
         <name>.data</name>
         <load_address>0x20000f2c</load_address>
         <run_address>0x20000f2c</run_address>
         <size>0x4</size>
         <input_file_ref idref="fl-9"/>
      </object_component>
      <object_component id="oc-fc">
         <name>.data</name>
         <load_address>0x20000f15</load_address>
         <run_address>0x20000f15</run_address>
         <size>0x2</size>
         <input_file_ref idref="fl-b"/>
      </object_component>
      <object_component id="oc-366">
         <name>.data:$O1$$</name>
         <load_address>0x20000f20</load_address>
         <run_address>0x20000f20</run_address>
         <size>0x8</size>
         <input_file_ref idref="fl-d9"/>
      </object_component>
      <object_component id="oc-2a5">
         <name>.data</name>
         <load_address>0x20000f28</load_address>
         <run_address>0x20000f28</run_address>
         <size>0x4</size>
         <input_file_ref idref="fl-de"/>
      </object_component>
      <object_component id="oc-252">
         <name>.data:$O1$$</name>
         <load_address>0x20000f18</load_address>
         <run_address>0x20000f18</run_address>
         <size>0x8</size>
         <input_file_ref idref="fl-ea"/>
      </object_component>
      <object_component id="oc-205">
         <name>.bss:lastbuffer$3</name>
         <uninitialized>true</uninitialized>
         <run_address>0x20000e70</run_address>
         <size>0x54</size>
         <input_file_ref idref="fl-5"/>
      </object_component>
      <object_component id="oc-1c1">
         <name>.bss:firmware$2</name>
         <uninitialized>true</uninitialized>
         <run_address>0x20000ec4</run_address>
         <size>0x18</size>
         <input_file_ref idref="fl-7"/>
      </object_component>
      <object_component id="oc-1f5">
         <name>.common:_timeout_ticks</name>
         <uninitialized>true</uninitialized>
         <run_address>0x20000edc</run_address>
         <size>0x4</size>
      </object_component>
      <object_component id="oc-211">
         <name>.common:clockwise</name>
         <uninitialized>true</uninitialized>
         <run_address>0x20000ee0</run_address>
         <size>0x4</size>
      </object_component>
      <object_component id="oc-24">
         <name>.sysmem</name>
         <uninitialized>true</uninitialized>
         <run_address>0x20000a70</run_address>
         <size>0x10</size>
         <input_file_ref idref="fl-d9"/>
      </object_component>
      <object_component id="oc-46b">
         <name>.sysmem</name>
         <uninitialized>true</uninitialized>
         <run_address>0x20000a70</run_address>
         <size>0x0</size>
      </object_component>
      <object_component id="oc-27">
         <name>.stack</name>
         <uninitialized>true</uninitialized>
         <run_address>0x20000270</run_address>
         <size>0x4</size>
         <input_file_ref idref="fl-dd"/>
      </object_component>
      <object_component id="oc-46a">
         <name>.stack</name>
         <uninitialized>true</uninitialized>
         <run_address>0x20000270</run_address>
         <size>0x0</size>
      </object_component>
      <object_component id="oc-c5">
         <name>.debug_info</name>
         <load_address>0x0</load_address>
         <run_address>0x0</run_address>
         <size>0x2b1</size>
         <input_file_ref idref="fl-2"/>
      </object_component>
      <object_component id="oc-1f3">
         <name>.debug_info</name>
         <load_address>0x2b1</load_address>
         <run_address>0x2b1</run_address>
         <size>0xbf</size>
         <input_file_ref idref="fl-2"/>
      </object_component>
      <object_component id="oc-115">
         <name>.debug_info</name>
         <load_address>0x370</load_address>
         <run_address>0x370</run_address>
         <size>0x507</size>
         <input_file_ref idref="fl-2"/>
      </object_component>
      <object_component id="oc-77">
         <name>.debug_info</name>
         <load_address>0x877</load_address>
         <run_address>0x877</run_address>
         <size>0x26b</size>
         <input_file_ref idref="fl-2"/>
      </object_component>
      <object_component id="oc-39">
         <name>.debug_info</name>
         <load_address>0xae2</load_address>
         <run_address>0xae2</run_address>
         <size>0x84</size>
         <input_file_ref idref="fl-2"/>
      </object_component>
      <object_component id="oc-c0">
         <name>.debug_info</name>
         <load_address>0xb66</load_address>
         <run_address>0xb66</run_address>
         <size>0x2a4</size>
         <input_file_ref idref="fl-2"/>
      </object_component>
      <object_component id="oc-7c">
         <name>.debug_info</name>
         <load_address>0xe0a</load_address>
         <run_address>0xe0a</run_address>
         <size>0xbb</size>
         <input_file_ref idref="fl-2"/>
      </object_component>
      <object_component id="oc-33d">
         <name>.debug_info</name>
         <load_address>0xec5</load_address>
         <run_address>0xec5</run_address>
         <size>0x254</size>
         <input_file_ref idref="fl-3"/>
      </object_component>
      <object_component id="oc-123">
         <name>.debug_info</name>
         <load_address>0x1119</load_address>
         <run_address>0x1119</run_address>
         <size>0x12a</size>
         <input_file_ref idref="fl-3"/>
      </object_component>
      <object_component id="oc-29b">
         <name>.debug_info</name>
         <load_address>0x1243</load_address>
         <run_address>0x1243</run_address>
         <size>0xcc</size>
         <input_file_ref idref="fl-3"/>
      </object_component>
      <object_component id="oc-208">
         <name>.debug_info</name>
         <load_address>0x130f</load_address>
         <run_address>0x130f</run_address>
         <size>0x2c</size>
         <input_file_ref idref="fl-3"/>
      </object_component>
      <object_component id="oc-249">
         <name>.debug_info</name>
         <load_address>0x133b</load_address>
         <run_address>0x133b</run_address>
         <size>0x35</size>
         <input_file_ref idref="fl-3"/>
      </object_component>
      <object_component id="oc-207">
         <name>.debug_info</name>
         <load_address>0x1370</load_address>
         <run_address>0x1370</run_address>
         <size>0x37f</size>
         <input_file_ref idref="fl-5"/>
      </object_component>
      <object_component id="oc-134">
         <name>.debug_info</name>
         <load_address>0x16ef</load_address>
         <run_address>0x16ef</run_address>
         <size>0x114</size>
         <input_file_ref idref="fl-5"/>
      </object_component>
      <object_component id="oc-11b">
         <name>.debug_info</name>
         <load_address>0x1803</load_address>
         <run_address>0x1803</run_address>
         <size>0x8a0</size>
         <input_file_ref idref="fl-5"/>
      </object_component>
      <object_component id="oc-14b">
         <name>.debug_info</name>
         <load_address>0x20a3</load_address>
         <run_address>0x20a3</run_address>
         <size>0x5e3</size>
         <input_file_ref idref="fl-6"/>
      </object_component>
      <object_component id="oc-a3">
         <name>.debug_info</name>
         <load_address>0x2686</load_address>
         <run_address>0x2686</run_address>
         <size>0x2d29</size>
         <input_file_ref idref="fl-6"/>
      </object_component>
      <object_component id="oc-244">
         <name>.debug_info</name>
         <load_address>0x53af</load_address>
         <run_address>0x53af</run_address>
         <size>0x5aa</size>
         <input_file_ref idref="fl-6"/>
      </object_component>
      <object_component id="oc-151">
         <name>.debug_info</name>
         <load_address>0x5959</load_address>
         <run_address>0x5959</run_address>
         <size>0x108</size>
         <input_file_ref idref="fl-6"/>
      </object_component>
      <object_component id="oc-14c">
         <name>.debug_info</name>
         <load_address>0x5a61</load_address>
         <run_address>0x5a61</run_address>
         <size>0x8b</size>
         <input_file_ref idref="fl-6"/>
      </object_component>
      <object_component id="oc-1c3">
         <name>.debug_info</name>
         <load_address>0x5aec</load_address>
         <run_address>0x5aec</run_address>
         <size>0x3fc</size>
         <input_file_ref idref="fl-7"/>
      </object_component>
      <object_component id="oc-1bc">
         <name>.debug_info</name>
         <load_address>0x5ee8</load_address>
         <run_address>0x5ee8</run_address>
         <size>0x111</size>
         <input_file_ref idref="fl-7"/>
      </object_component>
      <object_component id="oc-1bf">
         <name>.debug_info</name>
         <load_address>0x5ff9</load_address>
         <run_address>0x5ff9</run_address>
         <size>0xc6</size>
         <input_file_ref idref="fl-7"/>
      </object_component>
      <object_component id="oc-1a3">
         <name>.debug_info</name>
         <load_address>0x60bf</load_address>
         <run_address>0x60bf</run_address>
         <size>0x13e</size>
         <input_file_ref idref="fl-7"/>
      </object_component>
      <object_component id="oc-d8">
         <name>.debug_info</name>
         <load_address>0x61fd</load_address>
         <run_address>0x61fd</run_address>
         <size>0x1988</size>
         <input_file_ref idref="fl-7"/>
      </object_component>
      <object_component id="oc-2e4">
         <name>.debug_info</name>
         <load_address>0x7b85</load_address>
         <run_address>0x7b85</run_address>
         <size>0x322</size>
         <input_file_ref idref="fl-8"/>
      </object_component>
      <object_component id="oc-216">
         <name>.debug_info</name>
         <load_address>0x7ea7</load_address>
         <run_address>0x7ea7</run_address>
         <size>0x138</size>
         <input_file_ref idref="fl-8"/>
      </object_component>
      <object_component id="oc-12d">
         <name>.debug_info</name>
         <load_address>0x7fdf</load_address>
         <run_address>0x7fdf</run_address>
         <size>0x2e1</size>
         <input_file_ref idref="fl-8"/>
      </object_component>
      <object_component id="oc-392">
         <name>.debug_info</name>
         <load_address>0x82c0</load_address>
         <run_address>0x82c0</run_address>
         <size>0x44</size>
         <input_file_ref idref="fl-8"/>
      </object_component>
      <object_component id="oc-212">
         <name>.debug_info</name>
         <load_address>0x8304</load_address>
         <run_address>0x8304</run_address>
         <size>0x2a6</size>
         <input_file_ref idref="fl-9"/>
      </object_component>
      <object_component id="oc-20f">
         <name>.debug_info</name>
         <load_address>0x85aa</load_address>
         <run_address>0x85aa</run_address>
         <size>0xbb</size>
         <input_file_ref idref="fl-9"/>
      </object_component>
      <object_component id="oc-128">
         <name>.debug_info</name>
         <load_address>0x8665</load_address>
         <run_address>0x8665</run_address>
         <size>0x2a1</size>
         <input_file_ref idref="fl-9"/>
      </object_component>
      <object_component id="oc-32">
         <name>.debug_info</name>
         <load_address>0x8906</load_address>
         <run_address>0x8906</run_address>
         <size>0x29b</size>
         <input_file_ref idref="fl-a"/>
      </object_component>
      <object_component id="oc-13">
         <name>.debug_info</name>
         <load_address>0x8ba1</load_address>
         <run_address>0x8ba1</run_address>
         <size>0xda</size>
         <input_file_ref idref="fl-a"/>
      </object_component>
      <object_component id="oc-2c">
         <name>.debug_info</name>
         <load_address>0x8c7b</load_address>
         <run_address>0x8c7b</run_address>
         <size>0x256</size>
         <input_file_ref idref="fl-a"/>
      </object_component>
      <object_component id="oc-1cf">
         <name>.debug_info</name>
         <load_address>0x8ed1</load_address>
         <run_address>0x8ed1</run_address>
         <size>0x299</size>
         <input_file_ref idref="fl-b"/>
      </object_component>
      <object_component id="oc-fd">
         <name>.debug_info</name>
         <load_address>0x916a</load_address>
         <run_address>0x916a</run_address>
         <size>0xe4</size>
         <input_file_ref idref="fl-b"/>
      </object_component>
      <object_component id="oc-f7">
         <name>.debug_info</name>
         <load_address>0x924e</load_address>
         <run_address>0x924e</run_address>
         <size>0x3c2</size>
         <input_file_ref idref="fl-b"/>
      </object_component>
      <object_component id="oc-1f0">
         <name>.debug_info</name>
         <load_address>0x9610</load_address>
         <run_address>0x9610</run_address>
         <size>0x35e</size>
         <input_file_ref idref="fl-c6"/>
      </object_component>
      <object_component id="oc-1e2">
         <name>.debug_info</name>
         <load_address>0x996e</load_address>
         <run_address>0x996e</run_address>
         <size>0x128</size>
         <input_file_ref idref="fl-c6"/>
      </object_component>
      <object_component id="oc-111">
         <name>.debug_info</name>
         <load_address>0x9a96</load_address>
         <run_address>0x9a96</run_address>
         <size>0xbf2</size>
         <input_file_ref idref="fl-c6"/>
      </object_component>
      <object_component id="oc-2b9">
         <name>.debug_info</name>
         <load_address>0xa688</load_address>
         <run_address>0xa688</run_address>
         <size>0x46</size>
         <input_file_ref idref="fl-c6"/>
      </object_component>
      <object_component id="oc-1eb">
         <name>.debug_info</name>
         <load_address>0xa6ce</load_address>
         <run_address>0xa6ce</run_address>
         <size>0x39</size>
         <input_file_ref idref="fl-c6"/>
      </object_component>
      <object_component id="oc-2a4">
         <name>.debug_info</name>
         <load_address>0xa707</load_address>
         <run_address>0xa707</run_address>
         <size>0x2c5</size>
         <input_file_ref idref="fl-c7"/>
      </object_component>
      <object_component id="oc-1d6">
         <name>.debug_info</name>
         <load_address>0xa9cc</load_address>
         <run_address>0xa9cc</run_address>
         <size>0x24e</size>
         <input_file_ref idref="fl-c7"/>
      </object_component>
      <object_component id="oc-2b3">
         <name>.debug_info</name>
         <load_address>0xac1a</load_address>
         <run_address>0xac1a</run_address>
         <size>0x2f8</size>
         <input_file_ref idref="fl-c8"/>
      </object_component>
      <object_component id="oc-1e5">
         <name>.debug_info</name>
         <load_address>0xaf12</load_address>
         <run_address>0xaf12</run_address>
         <size>0x225</size>
         <input_file_ref idref="fl-c8"/>
      </object_component>
      <object_component id="oc-385">
         <name>.debug_info</name>
         <load_address>0xb137</load_address>
         <run_address>0xb137</run_address>
         <size>0x39</size>
         <input_file_ref idref="fl-c8"/>
      </object_component>
      <object_component id="oc-2b4">
         <name>.debug_info</name>
         <load_address>0xb170</load_address>
         <run_address>0xb170</run_address>
         <size>0x2c</size>
         <input_file_ref idref="fl-c8"/>
      </object_component>
      <object_component id="oc-241">
         <name>.debug_info</name>
         <load_address>0xb19c</load_address>
         <run_address>0xb19c</run_address>
         <size>0x361</size>
         <input_file_ref idref="fl-c9"/>
      </object_component>
      <object_component id="oc-146">
         <name>.debug_info</name>
         <load_address>0xb4fd</load_address>
         <run_address>0xb4fd</run_address>
         <size>0x7ae</size>
         <input_file_ref idref="fl-c9"/>
      </object_component>
      <object_component id="oc-22c">
         <name>.debug_info</name>
         <load_address>0xbcab</load_address>
         <run_address>0xbcab</run_address>
         <size>0x333</size>
         <input_file_ref idref="fl-ca"/>
      </object_component>
      <object_component id="oc-13a">
         <name>.debug_info</name>
         <load_address>0xbfde</load_address>
         <run_address>0xbfde</run_address>
         <size>0x1d1</size>
         <input_file_ref idref="fl-ca"/>
      </object_component>
      <object_component id="oc-220">
         <name>.debug_info</name>
         <load_address>0xc1af</load_address>
         <run_address>0xc1af</run_address>
         <size>0x18d</size>
         <input_file_ref idref="fl-ca"/>
      </object_component>
      <object_component id="oc-226">
         <name>.debug_info</name>
         <load_address>0xc33c</load_address>
         <run_address>0xc33c</run_address>
         <size>0x16d</size>
         <input_file_ref idref="fl-ca"/>
      </object_component>
      <object_component id="oc-2d0">
         <name>.debug_info</name>
         <load_address>0xc4a9</load_address>
         <run_address>0xc4a9</run_address>
         <size>0x2c</size>
         <input_file_ref idref="fl-ca"/>
      </object_component>
      <object_component id="oc-2cf">
         <name>.debug_info</name>
         <load_address>0xc4d5</load_address>
         <run_address>0xc4d5</run_address>
         <size>0x340</size>
         <input_file_ref idref="fl-cb"/>
      </object_component>
      <object_component id="oc-1f8">
         <name>.debug_info</name>
         <load_address>0xc815</load_address>
         <run_address>0xc815</run_address>
         <size>0x208</size>
         <input_file_ref idref="fl-cb"/>
      </object_component>
      <object_component id="oc-2c3">
         <name>.debug_info</name>
         <load_address>0xca1d</load_address>
         <run_address>0xca1d</run_address>
         <size>0x1c6</size>
         <input_file_ref idref="fl-cb"/>
      </object_component>
      <object_component id="oc-2c9">
         <name>.debug_info</name>
         <load_address>0xcbe3</load_address>
         <run_address>0xcbe3</run_address>
         <size>0x179</size>
         <input_file_ref idref="fl-cb"/>
      </object_component>
      <object_component id="oc-2d5">
         <name>.debug_info</name>
         <load_address>0xcd5c</load_address>
         <run_address>0xcd5c</run_address>
         <size>0x69</size>
         <input_file_ref idref="fl-cb"/>
      </object_component>
      <object_component id="oc-df">
         <name>.debug_info</name>
         <load_address>0xcdc5</load_address>
         <run_address>0xcdc5</run_address>
         <size>0x14c</size>
         <input_file_ref idref="fl-cc"/>
      </object_component>
      <object_component id="oc-ed">
         <name>.debug_info</name>
         <load_address>0xcf11</load_address>
         <run_address>0xcf11</run_address>
         <size>0x128</size>
         <input_file_ref idref="fl-cd"/>
      </object_component>
      <object_component id="oc-100">
         <name>.debug_info</name>
         <load_address>0xd039</load_address>
         <run_address>0xd039</run_address>
         <size>0x12a</size>
         <input_file_ref idref="fl-cd"/>
      </object_component>
      <object_component id="oc-f3">
         <name>.debug_info</name>
         <load_address>0xd163</load_address>
         <run_address>0xd163</run_address>
         <size>0x13a</size>
         <input_file_ref idref="fl-ce"/>
      </object_component>
      <object_component id="oc-106">
         <name>.debug_info</name>
         <load_address>0xd29d</load_address>
         <run_address>0xd29d</run_address>
         <size>0x13a</size>
         <input_file_ref idref="fl-cf"/>
      </object_component>
      <object_component id="oc-e5">
         <name>.debug_info</name>
         <load_address>0xd3d7</load_address>
         <run_address>0xd3d7</run_address>
         <size>0x12e</size>
         <input_file_ref idref="fl-d0"/>
      </object_component>
      <object_component id="oc-10b">
         <name>.debug_info</name>
         <load_address>0xd505</load_address>
         <run_address>0xd505</run_address>
         <size>0x13e</size>
         <input_file_ref idref="fl-d1"/>
      </object_component>
      <object_component id="oc-1ca">
         <name>.debug_info</name>
         <load_address>0xd643</load_address>
         <run_address>0xd643</run_address>
         <size>0x139</size>
         <input_file_ref idref="fl-d2"/>
      </object_component>
      <object_component id="oc-140">
         <name>.debug_info</name>
         <load_address>0xd77c</load_address>
         <run_address>0xd77c</run_address>
         <size>0x12c</size>
         <input_file_ref idref="fl-d3"/>
      </object_component>
      <object_component id="oc-ea">
         <name>.debug_info</name>
         <load_address>0xd8a8</load_address>
         <run_address>0xd8a8</run_address>
         <size>0x12c</size>
         <input_file_ref idref="fl-d4"/>
      </object_component>
      <object_component id="oc-40">
         <name>.debug_info</name>
         <load_address>0xd9d4</load_address>
         <run_address>0xd9d4</run_address>
         <size>0x119</size>
         <input_file_ref idref="fl-d5"/>
      </object_component>
      <object_component id="oc-95">
         <name>.debug_info</name>
         <load_address>0xdaed</load_address>
         <run_address>0xdaed</run_address>
         <size>0x2d4</size>
         <input_file_ref idref="fl-d6"/>
      </object_component>
      <object_component id="oc-4d">
         <name>.debug_info</name>
         <load_address>0xddc1</load_address>
         <run_address>0xddc1</run_address>
         <size>0x1d2</size>
         <input_file_ref idref="fl-d6"/>
      </object_component>
      <object_component id="oc-90">
         <name>.debug_info</name>
         <load_address>0xdf93</load_address>
         <run_address>0xdf93</run_address>
         <size>0x46</size>
         <input_file_ref idref="fl-d6"/>
      </object_component>
      <object_component id="oc-ce">
         <name>.debug_info</name>
         <load_address>0xdfd9</load_address>
         <run_address>0xdfd9</run_address>
         <size>0x2c</size>
         <input_file_ref idref="fl-d6"/>
      </object_component>
      <object_component id="oc-49">
         <name>.debug_info</name>
         <load_address>0xe005</load_address>
         <run_address>0xe005</run_address>
         <size>0x2a8</size>
         <input_file_ref idref="fl-d7"/>
      </object_component>
      <object_component id="oc-1f">
         <name>.debug_info</name>
         <load_address>0xe2ad</load_address>
         <run_address>0xe2ad</run_address>
         <size>0x1ea</size>
         <input_file_ref idref="fl-d7"/>
      </object_component>
      <object_component id="oc-44">
         <name>.debug_info</name>
         <load_address>0xe497</load_address>
         <run_address>0xe497</run_address>
         <size>0x46</size>
         <input_file_ref idref="fl-d7"/>
      </object_component>
      <object_component id="oc-88">
         <name>.debug_info</name>
         <load_address>0xe4dd</load_address>
         <run_address>0xe4dd</run_address>
         <size>0x2c</size>
         <input_file_ref idref="fl-d7"/>
      </object_component>
      <object_component id="oc-86">
         <name>.debug_info</name>
         <load_address>0xe509</load_address>
         <run_address>0xe509</run_address>
         <size>0x29e</size>
         <input_file_ref idref="fl-d8"/>
      </object_component>
      <object_component id="oc-16">
         <name>.debug_info</name>
         <load_address>0xe7a7</load_address>
         <run_address>0xe7a7</run_address>
         <size>0x250</size>
         <input_file_ref idref="fl-d8"/>
      </object_component>
      <object_component id="oc-34">
         <name>.debug_info</name>
         <load_address>0xe9f7</load_address>
         <run_address>0xe9f7</run_address>
         <size>0x60</size>
         <input_file_ref idref="fl-d8"/>
      </object_component>
      <object_component id="oc-c7">
         <name>.debug_info</name>
         <load_address>0xea57</load_address>
         <run_address>0xea57</run_address>
         <size>0x46</size>
         <input_file_ref idref="fl-d8"/>
      </object_component>
      <object_component id="oc-81">
         <name>.debug_info</name>
         <load_address>0xea9d</load_address>
         <run_address>0xea9d</run_address>
         <size>0x39</size>
         <input_file_ref idref="fl-d8"/>
      </object_component>
      <object_component id="oc-70">
         <name>.debug_info</name>
         <load_address>0xead6</load_address>
         <run_address>0xead6</run_address>
         <size>0x3b2</size>
         <input_file_ref idref="fl-d9"/>
      </object_component>
      <object_component id="oc-25">
         <name>.debug_info</name>
         <load_address>0xee88</load_address>
         <run_address>0xee88</run_address>
         <size>0x10c</size>
         <input_file_ref idref="fl-d9"/>
      </object_component>
      <object_component id="oc-367">
         <name>.debug_info</name>
         <load_address>0xef94</load_address>
         <run_address>0xef94</run_address>
         <size>0x13f</size>
         <input_file_ref idref="fl-d9"/>
      </object_component>
      <object_component id="oc-26f">
         <name>.debug_info</name>
         <load_address>0xf0d3</load_address>
         <run_address>0xf0d3</run_address>
         <size>0x168</size>
         <input_file_ref idref="fl-d9"/>
      </object_component>
      <object_component id="oc-276">
         <name>.debug_info</name>
         <load_address>0xf23b</load_address>
         <run_address>0xf23b</run_address>
         <size>0x18e</size>
         <input_file_ref idref="fl-d9"/>
      </object_component>
      <object_component id="oc-27c">
         <name>.debug_info</name>
         <load_address>0xf3c9</load_address>
         <run_address>0xf3c9</run_address>
         <size>0x19f</size>
         <input_file_ref idref="fl-d9"/>
      </object_component>
      <object_component id="oc-19d">
         <name>.debug_info</name>
         <load_address>0xf568</load_address>
         <run_address>0xf568</run_address>
         <size>0x203</size>
         <input_file_ref idref="fl-d9"/>
      </object_component>
      <object_component id="oc-402">
         <name>.debug_info</name>
         <load_address>0xf76b</load_address>
         <run_address>0xf76b</run_address>
         <size>0x1db</size>
         <input_file_ref idref="fl-d9"/>
      </object_component>
      <object_component id="oc-197">
         <name>.debug_info</name>
         <load_address>0xf946</load_address>
         <run_address>0xf946</run_address>
         <size>0x1a5</size>
         <input_file_ref idref="fl-d9"/>
      </object_component>
      <object_component id="oc-360">
         <name>.debug_info</name>
         <load_address>0xfaeb</load_address>
         <run_address>0xfaeb</run_address>
         <size>0x299</size>
         <input_file_ref idref="fl-d9"/>
      </object_component>
      <object_component id="oc-bb">
         <name>.debug_info</name>
         <load_address>0xfd84</load_address>
         <run_address>0xfd84</run_address>
         <size>0xb2</size>
         <input_file_ref idref="fl-d9"/>
      </object_component>
      <object_component id="oc-b6">
         <name>.debug_info</name>
         <load_address>0xfe36</load_address>
         <run_address>0xfe36</run_address>
         <size>0x2c</size>
         <input_file_ref idref="fl-d9"/>
      </object_component>
      <object_component id="oc-283">
         <name>.debug_info</name>
         <load_address>0xfe62</load_address>
         <run_address>0xfe62</run_address>
         <size>0x28a</size>
         <input_file_ref idref="fl-da"/>
      </object_component>
      <object_component id="oc-1aa">
         <name>.debug_info</name>
         <load_address>0x100ec</load_address>
         <run_address>0x100ec</run_address>
         <size>0x273</size>
         <input_file_ref idref="fl-da"/>
      </object_component>
      <object_component id="oc-2db">
         <name>.debug_info</name>
         <load_address>0x1035f</load_address>
         <run_address>0x1035f</run_address>
         <size>0x2a4</size>
         <input_file_ref idref="fl-db"/>
      </object_component>
      <object_component id="oc-200">
         <name>.debug_info</name>
         <load_address>0x10603</load_address>
         <run_address>0x10603</run_address>
         <size>0x24d</size>
         <input_file_ref idref="fl-db"/>
      </object_component>
      <object_component id="oc-337">
         <name>.debug_info</name>
         <load_address>0x10850</load_address>
         <run_address>0x10850</run_address>
         <size>0x3aa</size>
         <input_file_ref idref="fl-dc"/>
      </object_component>
      <object_component id="oc-334">
         <name>.debug_info</name>
         <load_address>0x10bfa</load_address>
         <run_address>0x10bfa</run_address>
         <size>0x13a</size>
         <input_file_ref idref="fl-dc"/>
      </object_component>
      <object_component id="oc-238">
         <name>.debug_info</name>
         <load_address>0x10d34</load_address>
         <run_address>0x10d34</run_address>
         <size>0x72f</size>
         <input_file_ref idref="fl-dc"/>
      </object_component>
      <object_component id="oc-28">
         <name>.debug_info</name>
         <load_address>0x11463</load_address>
         <run_address>0x11463</run_address>
         <size>0x10b</size>
         <input_file_ref idref="fl-dd"/>
      </object_component>
      <object_component id="oc-5d">
         <name>.debug_info</name>
         <load_address>0x1156e</load_address>
         <run_address>0x1156e</run_address>
         <size>0x1a9</size>
         <input_file_ref idref="fl-dd"/>
      </object_component>
      <object_component id="oc-2a9">
         <name>.debug_info</name>
         <load_address>0x11717</load_address>
         <run_address>0x11717</run_address>
         <size>0x289</size>
         <input_file_ref idref="fl-de"/>
      </object_component>
      <object_component id="oc-2a6">
         <name>.debug_info</name>
         <load_address>0x119a0</load_address>
         <run_address>0x119a0</run_address>
         <size>0x10e</size>
         <input_file_ref idref="fl-de"/>
      </object_component>
      <object_component id="oc-1df">
         <name>.debug_info</name>
         <load_address>0x11aae</load_address>
         <run_address>0x11aae</run_address>
         <size>0x14e</size>
         <input_file_ref idref="fl-de"/>
      </object_component>
      <object_component id="oc-2ae">
         <name>.debug_info</name>
         <load_address>0x11bfc</load_address>
         <run_address>0x11bfc</run_address>
         <size>0x161</size>
         <input_file_ref idref="fl-df"/>
      </object_component>
      <object_component id="oc-33a">
         <name>.debug_info</name>
         <load_address>0x11d5d</load_address>
         <run_address>0x11d5d</run_address>
         <size>0x288</size>
         <input_file_ref idref="fl-e0"/>
      </object_component>
      <object_component id="oc-23b">
         <name>.debug_info</name>
         <load_address>0x11fe5</load_address>
         <run_address>0x11fe5</run_address>
         <size>0x327</size>
         <input_file_ref idref="fl-e0"/>
      </object_component>
      <object_component id="oc-32c">
         <name>.debug_info</name>
         <load_address>0x1230c</load_address>
         <run_address>0x1230c</run_address>
         <size>0x28d</size>
         <input_file_ref idref="fl-e1"/>
      </object_component>
      <object_component id="oc-22f">
         <name>.debug_info</name>
         <load_address>0x12599</load_address>
         <run_address>0x12599</run_address>
         <size>0x380</size>
         <input_file_ref idref="fl-e1"/>
      </object_component>
      <object_component id="oc-3e9">
         <name>.debug_info</name>
         <load_address>0x12919</load_address>
         <run_address>0x12919</run_address>
         <size>0x28a</size>
         <input_file_ref idref="fl-e2"/>
      </object_component>
      <object_component id="oc-32e">
         <name>.debug_info</name>
         <load_address>0x12ba3</load_address>
         <run_address>0x12ba3</run_address>
         <size>0x22a</size>
         <input_file_ref idref="fl-e2"/>
      </object_component>
      <object_component id="oc-31c">
         <name>.debug_info</name>
         <load_address>0x12dcd</load_address>
         <run_address>0x12dcd</run_address>
         <size>0x590</size>
         <input_file_ref idref="fl-e3"/>
      </object_component>
      <object_component id="oc-2f2">
         <name>.debug_info</name>
         <load_address>0x1335d</load_address>
         <run_address>0x1335d</run_address>
         <size>0x21e</size>
         <input_file_ref idref="fl-e3"/>
      </object_component>
      <object_component id="oc-3aa">
         <name>.debug_info</name>
         <load_address>0x1357b</load_address>
         <run_address>0x1357b</run_address>
         <size>0x1b3</size>
         <input_file_ref idref="fl-e3"/>
      </object_component>
      <object_component id="oc-3b0">
         <name>.debug_info</name>
         <load_address>0x1372e</load_address>
         <run_address>0x1372e</run_address>
         <size>0x21b</size>
         <input_file_ref idref="fl-e3"/>
      </object_component>
      <object_component id="oc-2f8">
         <name>.debug_info</name>
         <load_address>0x13949</load_address>
         <run_address>0x13949</run_address>
         <size>0x3c0</size>
         <input_file_ref idref="fl-e3"/>
      </object_component>
      <object_component id="oc-3b7">
         <name>.debug_info</name>
         <load_address>0x13d09</load_address>
         <run_address>0x13d09</run_address>
         <size>0x30a</size>
         <input_file_ref idref="fl-e3"/>
      </object_component>
      <object_component id="oc-3bd">
         <name>.debug_info</name>
         <load_address>0x14013</load_address>
         <run_address>0x14013</run_address>
         <size>0x215</size>
         <input_file_ref idref="fl-e3"/>
      </object_component>
      <object_component id="oc-2fe">
         <name>.debug_info</name>
         <load_address>0x14228</load_address>
         <run_address>0x14228</run_address>
         <size>0x215</size>
         <input_file_ref idref="fl-e3"/>
      </object_component>
      <object_component id="oc-304">
         <name>.debug_info</name>
         <load_address>0x1443d</load_address>
         <run_address>0x1443d</run_address>
         <size>0x304</size>
         <input_file_ref idref="fl-e3"/>
      </object_component>
      <object_component id="oc-30a">
         <name>.debug_info</name>
         <load_address>0x14741</load_address>
         <run_address>0x14741</run_address>
         <size>0x4b5</size>
         <input_file_ref idref="fl-e3"/>
      </object_component>
      <object_component id="oc-21a">
         <name>.debug_info</name>
         <load_address>0x14bf6</load_address>
         <run_address>0x14bf6</run_address>
         <size>0x5f4</size>
         <input_file_ref idref="fl-e3"/>
      </object_component>
      <object_component id="oc-31d">
         <name>.debug_info</name>
         <load_address>0x151ea</load_address>
         <run_address>0x151ea</run_address>
         <size>0x86</size>
         <input_file_ref idref="fl-e3"/>
      </object_component>
      <object_component id="oc-3dc">
         <name>.debug_info</name>
         <load_address>0x15270</load_address>
         <run_address>0x15270</run_address>
         <size>0x39</size>
         <input_file_ref idref="fl-e3"/>
      </object_component>
      <object_component id="oc-42a">
         <name>.debug_info</name>
         <load_address>0x152a9</load_address>
         <run_address>0x152a9</run_address>
         <size>0xb6</size>
         <input_file_ref idref="fl-e3"/>
      </object_component>
      <object_component id="oc-3e1">
         <name>.debug_info</name>
         <load_address>0x1535f</load_address>
         <run_address>0x1535f</run_address>
         <size>0x46</size>
         <input_file_ref idref="fl-e3"/>
      </object_component>
      <object_component id="oc-322">
         <name>.debug_info</name>
         <load_address>0x153a5</load_address>
         <run_address>0x153a5</run_address>
         <size>0x46</size>
         <input_file_ref idref="fl-e3"/>
      </object_component>
      <object_component id="oc-98">
         <name>.debug_info</name>
         <load_address>0x153eb</load_address>
         <run_address>0x153eb</run_address>
         <size>0x147</size>
         <input_file_ref idref="fl-e4"/>
      </object_component>
      <object_component id="oc-39f">
         <name>.debug_info</name>
         <load_address>0x15532</load_address>
         <run_address>0x15532</run_address>
         <size>0x134</size>
         <input_file_ref idref="fl-e5"/>
      </object_component>
      <object_component id="oc-259">
         <name>.debug_info</name>
         <load_address>0x15666</load_address>
         <run_address>0x15666</run_address>
         <size>0x4b3</size>
         <input_file_ref idref="fl-e6"/>
      </object_component>
      <object_component id="oc-164">
         <name>.debug_info</name>
         <load_address>0x15b19</load_address>
         <run_address>0x15b19</run_address>
         <size>0x1a6</size>
         <input_file_ref idref="fl-e6"/>
      </object_component>
      <object_component id="oc-34e">
         <name>.debug_info</name>
         <load_address>0x15cbf</load_address>
         <run_address>0x15cbf</run_address>
         <size>0x39</size>
         <input_file_ref idref="fl-e6"/>
      </object_component>
      <object_component id="oc-3f5">
         <name>.debug_info</name>
         <load_address>0x15cf8</load_address>
         <run_address>0x15cf8</run_address>
         <size>0x39</size>
         <input_file_ref idref="fl-e6"/>
      </object_component>
      <object_component id="oc-353">
         <name>.debug_info</name>
         <load_address>0x15d31</load_address>
         <run_address>0x15d31</run_address>
         <size>0x39</size>
         <input_file_ref idref="fl-e6"/>
      </object_component>
      <object_component id="oc-358">
         <name>.debug_info</name>
         <load_address>0x15d6a</load_address>
         <run_address>0x15d6a</run_address>
         <size>0xcd</size>
         <input_file_ref idref="fl-e6"/>
      </object_component>
      <object_component id="oc-9f">
         <name>.debug_info</name>
         <load_address>0x15e37</load_address>
         <run_address>0x15e37</run_address>
         <size>0x153</size>
         <input_file_ref idref="fl-e7"/>
      </object_component>
      <object_component id="oc-157">
         <name>.debug_info</name>
         <load_address>0x15f8a</load_address>
         <run_address>0x15f8a</run_address>
         <size>0x122</size>
         <input_file_ref idref="fl-e9"/>
      </object_component>
      <object_component id="oc-348">
         <name>.debug_info</name>
         <load_address>0x160ac</load_address>
         <run_address>0x160ac</run_address>
[...]
      </symbol>
      <symbol id="sm-281">
         <name>oi_parseInt</name>
         <value>0x6e03</value>
         <object_component_ref idref="oc-1a2"/>
      </symbol>
      <symbol id="sm-282">
         <name>oi_setMotorCalibration</name>
         <value>0x21e5</value>
         <object_component_ref idref="oc-d7"/>
      </symbol>
      <symbol id="sm-283">
         <name>oi_uartSendStr</name>
         <value>0x1e8d</value>
         <object_component_ref idref="oc-d7"/>
      </symbol>
      <symbol id="sm-284">
         <name>oi_close</name>
         <value>0x16fb</value>
         <object_component_ref idref="oc-d7"/>
      </symbol>
      <symbol id="sm-285">
         <name>oi_uartSendBuff</name>
         <value>0x1eab</value>
         <object_component_ref idref="oc-d7"/>
      </symbol>
      <symbol id="sm-286">
         <name>oi_checkFirmware</name>
         <value>0x1edd</value>
         <object_component_ref idref="oc-d7"/>
      </symbol>
      <symbol id="sm-287">
         <name>oi_init_noupdate</name>
         <value>0x16bd</value>
         <object_component_ref idref="oc-d7"/>
      </symbol>
      <symbol id="sm-288">
         <name>oi_uartSendChar</name>
         <value>0x1e49</value>
         <object_component_ref idref="oc-d7"/>
      </symbol>
      <symbol id="sm-289">
         <name>oi_alloc</name>
         <value>0x16a1</value>
         <object_component_ref idref="oc-d7"/>
      </symbol>
      <symbol id="sm-28a">
         <name>oi_getMotorCalibrationLeft</name>
         <value>0x2221</value>
         <object_component_ref idref="oc-d7"/>
      </symbol>
      <symbol id="sm-28b">
         <name>oi_loadSong</name>
         <value>0x1d49</value>
         <object_component_ref idref="oc-d7"/>
      </symbol>
      <symbol id="sm-28c">
         <name>oi_play_song</name>
         <value>0x1d9f</value>
         <object_component_ref idref="oc-d7"/>
      </symbol>
      <symbol id="sm-28d">
         <name>oi_parsePacket</name>
         <value>0x175f</value>
         <object_component_ref idref="oc-d7"/>
      </symbol>
      <symbol id="sm-28e">
         <name>oi_setLeds</name>
         <value>0x1c7f</value>
         <object_component_ref idref="oc-d7"/>
      </symbol>
      <symbol id="sm-28f">
         <name>oi_init</name>
         <value>0x16e5</value>
         <object_component_ref idref="oc-d7"/>
      </symbol>
      <symbol id="sm-290">
         <name>oi_update</name>
         <value>0x170d</value>
         <object_component_ref idref="oc-d7"/>
      </symbol>
      <symbol id="sm-291">
         <name>oi_uartInit</name>
         <value>0x1dc1</value>
         <object_component_ref idref="oc-d7"/>
      </symbol>
      <symbol id="sm-2d8">
         <name>intflag</name>
         <value>0x20000f14</value>
         <object_component_ref idref="oc-215"/>
      </symbol>
      <symbol id="sm-2d9">
         <name>END_TIME</name>
         <value>0x20000f08</value>
         <object_component_ref idref="oc-215"/>
      </symbol>
      <symbol id="sm-2da">
         <name>START_TIME</name>
         <value>0x20000f04</value>
         <object_component_ref idref="oc-215"/>
      </symbol>
      <symbol id="sm-2db">
         <name>STATE</name>
         <value>0x20000f0c</value>
         <object_component_ref idref="oc-215"/>
      </symbol>
      <symbol id="sm-2dc">
         <name>TIMER3B_Handler</name>
         <value>0x4863</value>
         <object_component_ref idref="oc-12c"/>
      </symbol>
      <symbol id="sm-2dd">
         <name>ping_init</name>
         <value>0x4721</value>
         <object_component_ref idref="oc-12c"/>
      </symbol>
      <symbol id="sm-2de">
         <name>count</name>
         <value>0x20000f10</value>
         <object_component_ref idref="oc-215"/>
      </symbol>
      <symbol id="sm-2df">
         <name>ping_getDistance</name>
         <value>0x48a3</value>
         <object_component_ref idref="oc-12c"/>
      </symbol>
      <symbol id="sm-2e0">
         <name>ping_trigger</name>
         <value>0x47d7</value>
         <object_component_ref idref="oc-12c"/>
      </symbol>
      <symbol id="sm-31c">
         <name>clockwise</name>
         <value>0x20000ee0</value>
      </symbol>
      <symbol id="sm-31d">
         <name>servo_move</name>
         <value>0x4fa9</value>
         <object_component_ref idref="oc-126"/>
      </symbol>
      <symbol id="sm-31e">
         <name>servo_init</name>
         <value>0x4efd</value>
         <object_component_ref idref="oc-126"/>
      </symbol>
      <symbol id="sm-31f">
         <name>degree</name>
         <value>0x20000f2c</value>
         <object_component_ref idref="oc-20e"/>
      </symbol>
      <symbol id="sm-320">
         <name>button_Handler</name>
         <value>0x4ff9</value>
         <object_component_ref idref="oc-126"/>
      </symbol>
      <symbol id="sm-33c">
         <name>ResetISR</name>
         <value>0x6ebd</value>
         <object_component_ref idref="oc-2a"/>
      </symbol>
      <symbol id="sm-33d">
         <name>g_pfnVectors</name>
         <value>0x0</value>
         <object_component_ref idref="oc-12"/>
      </symbol>
      <symbol id="sm-372">
         <name>uart_interrupt_handler</name>
         <value>0x588d</value>
         <object_component_ref idref="oc-f6"/>
      </symbol>
      <symbol id="sm-373">
         <name>uart_data</name>
         <value>0x20000f16</value>
         <object_component_ref idref="oc-fc"/>
      </symbol>
      <symbol id="sm-374">
         <name>uart_sendChar</name>
         <value>0x581f</value>
         <object_component_ref idref="oc-f6"/>
      </symbol>
      <symbol id="sm-375">
         <name>uart_interrupt_init</name>
         <value>0x586d</value>
         <object_component_ref idref="oc-f6"/>
      </symbol>
      <symbol id="sm-376">
         <name>uart_init</name>
         <value>0x57ad</value>
         <object_component_ref idref="oc-f6"/>
      </symbol>
      <symbol id="sm-377">
         <name>uart_receive</name>
         <value>0x5859</value>
         <object_component_ref idref="oc-f6"/>
      </symbol>
      <symbol id="sm-378">
         <name>flag</name>
         <value>0x20000f15</value>
         <object_component_ref idref="oc-fc"/>
      </symbol>
      <symbol id="sm-379">
         <name>uart_sendString</name>
         <value>0x583b</value>
         <object_component_ref idref="oc-f6"/>
      </symbol>
      <symbol id="sm-40f">
         <name>pow</name>
         <value>0x2d11</value>
         <object_component_ref idref="oc-10e"/>
      </symbol>
      <symbol id="sm-410">
         <name>powl</name>
         <value>0x2d11</value>
         <object_component_ref idref="oc-10e"/>
      </symbol>
      <symbol id="sm-432">
         <name>sqrtl</name>
         <value>0x5909</value>
         <object_component_ref idref="oc-1d5"/>
      </symbol>
      <symbol id="sm-433">
         <name>sqrt</name>
         <value>0x5909</value>
         <object_component_ref idref="oc-1d5"/>
      </symbol>
      <symbol id="sm-45a">
         <name>scalbn</name>
         <value>0x5df9</value>
         <object_component_ref idref="oc-1e4"/>
      </symbol>
      <symbol id="sm-45b">
         <name>scalbnl</name>
         <value>0x5df9</value>
         <object_component_ref idref="oc-1e4"/>
      </symbol>
      <symbol id="sm-45c">
         <name>ldexpl</name>
         <value>0x5df9</value>
         <object_component_ref idref="oc-1e4"/>
      </symbol>
      <symbol id="sm-45d">
         <name>ldexp</name>
         <value>0x5df9</value>
         <object_component_ref idref="oc-1e4"/>
      </symbol>
      <symbol id="sm-4ad">
         <name>sin</name>
         <value>0x3e19</value>
         <object_component_ref idref="oc-144"/>
      </symbol>
      <symbol id="sm-4ae">
         <name>sinl</name>
         <value>0x3e19</value>
         <object_component_ref idref="oc-144"/>
      </symbol>
      <symbol id="sm-4d5">
         <name>sprintf</name>
         <value>0x6b45</value>
         <object_component_ref idref="oc-139"/>
      </symbol>
      <symbol id="sm-4ff">
         <name>vsnprintf</name>
         <value>0x6b85</value>
         <object_component_ref idref="oc-1f7"/>
      </symbol>
      <symbol id="sm-516">
         <name>__aeabi_dsub</name>
         <value>0x5311</value>
         <object_component_ref idref="oc-dd"/>
      </symbol>
      <symbol id="sm-517">
         <name>__aeabi_dadd</name>
         <value>0x531b</value>
         <object_component_ref idref="oc-dd"/>
      </symbol>
      <symbol id="sm-539">
         <name>__aeabi_cdcmpeq</name>
         <value>0x658d</value>
         <object_component_ref idref="oc-ec"/>
      </symbol>
      <symbol id="sm-53a">
         <name>__aeabi_cdcmple</name>
         <value>0x658d</value>
         <object_component_ref idref="oc-ec"/>
      </symbol>
      <symbol id="sm-53b">
         <name>__aeabi_cdrcmple</name>
         <value>0x6613</value>
         <object_component_ref idref="oc-ff"/>
      </symbol>
      <symbol id="sm-54f">
         <name>__aeabi_ddiv</name>
         <value>0x5b9d</value>
         <object_component_ref idref="oc-f1"/>
      </symbol>
      <symbol id="sm-55a">
         <name>__aeabi_dmul</name>
         <value>0x6009</value>
         <object_component_ref idref="oc-104"/>
      </symbol>
      <symbol id="sm-564">
         <name>__aeabi_d2iz</name>
         <value>0x6a75</value>
         <object_component_ref idref="oc-e2"/>
      </symbol>
      <symbol id="sm-570">
         <name>__aeabi_d2f</name>
         <value>0x67f3</value>
         <object_component_ref idref="oc-109"/>
      </symbol>
      <symbol id="sm-57a">
         <name>__aeabi_d2uiz</name>
         <value>0x6b01</value>
         <object_component_ref idref="oc-1c9"/>
      </symbol>
      <symbol id="sm-585">
         <name>__aeabi_f2d</name>
         <value>0x6c3d</value>
         <object_component_ref idref="oc-13f"/>
      </symbol>
      <symbol id="sm-58f">
         <name>__aeabi_i2d</name>
         <value>0x6d0d</value>
         <object_component_ref idref="oc-e7"/>
      </symbol>
      <symbol id="sm-5aa">
         <name>memcpy</name>
         <value>0x645b</value>
         <object_component_ref idref="oc-3e"/>
      </symbol>
      <symbol id="sm-5ab">
         <name>__aeabi_memcpy</name>
         <value>0x645b</value>
         <object_component_ref idref="oc-3e"/>
      </symbol>
      <symbol id="sm-5ac">
         <name>__aeabi_memcpy8</name>
         <value>0x645b</value>
         <object_component_ref idref="oc-3e"/>
      </symbol>
      <symbol id="sm-5ad">
         <name>__aeabi_memcpy4</name>
         <value>0x645b</value>
         <object_component_ref idref="oc-3e"/>
      </symbol>
      <symbol id="sm-5c6">
         <name>__TI_zero_init_nomemset</name>
         <value>0x6d65</value>
         <object_component_ref idref="oc-4a"/>
      </symbol>
      <symbol id="sm-5dd">
         <name>__TI_decompress_none</name>
         <value>0x6ea3</value>
         <object_component_ref idref="oc-1b"/>
      </symbol>
      <symbol id="sm-600">
         <name>__TI_decompress_lzss</name>
         <value>0x6861</value>
         <object_component_ref idref="oc-15"/>
      </symbol>
      <symbol id="sm-695">
         <name>_sys_memory</name>
         <value>0x20000a70</value>
         <object_component_ref idref="oc-24"/>
      </symbol>
      <symbol id="sm-696">
         <name>free</name>
         <value>0x61fd</value>
         <object_component_ref idref="oc-19c"/>
      </symbol>
      <symbol id="sm-697">
         <name>memalign</name>
         <value>0x5f09</value>
         <object_component_ref idref="oc-35f"/>
      </symbol>
      <symbol id="sm-698">
         <name>calloc</name>
         <value>0x6c05</value>
         <object_component_ref idref="oc-196"/>
      </symbol>
      <symbol id="sm-699">
         <name>malloc</name>
         <value>0x6edd</value>
         <object_component_ref idref="oc-26e"/>
      </symbol>
      <symbol id="sm-69a">
         <name>aligned_alloc</name>
         <value>0x5f09</value>
         <object_component_ref idref="oc-35f"/>
      </symbol>
      <symbol id="sm-6a9">
         <name>strcmp</name>
         <value>0x6e1b</value>
         <object_component_ref idref="oc-1a9"/>
      </symbol>
      <symbol id="sm-6b7">
         <name>strcpy</name>
         <value>0x6e49</value>
         <object_component_ref idref="oc-1fd"/>
      </symbol>
      <symbol id="sm-71d">
         <name>__kernel_rem_pio2</name>
         <value>0x36e1</value>
         <object_component_ref idref="oc-234"/>
      </symbol>
      <symbol id="sm-730">
         <name>__stack</name>
         <value>0x20000270</value>
         <object_component_ref idref="oc-27"/>
      </symbol>
      <symbol id="sm-731">
         <name>_c_int00_noargs</name>
         <value>0x6ca9</value>
         <object_component_ref idref="oc-5c"/>
      </symbol>
      <symbol id="sm-747">
         <name>__aeabi_errno_addr</name>
         <value>0x6ed5</value>
         <object_component_ref idref="oc-1db"/>
      </symbol>
      <symbol id="sm-748">
         <name>errno</name>
         <value>0x20000f28</value>
         <object_component_ref idref="oc-2a5"/>
      </symbol>
      <symbol id="sm-752">
         <name>copysign</name>
         <value>0x6db9</value>
         <object_component_ref idref="oc-2ac"/>
      </symbol>
      <symbol id="sm-753">
         <name>copysignl</name>
         <value>0x6db9</value>
         <object_component_ref idref="oc-2ac"/>
      </symbol>
      <symbol id="sm-769">
         <name>__kernel_cos</name>
         <value>0x563d</value>
         <object_component_ref idref="oc-23a"/>
      </symbol>
      <symbol id="sm-780">
         <name>__kernel_sin</name>
         <value>0x54c9</value>
         <object_component_ref idref="oc-22e"/>
      </symbol>
      <symbol id="sm-79d">
         <name>floorl</name>
         <value>0x6105</value>
         <object_component_ref idref="oc-32d"/>
      </symbol>
      <symbol id="sm-79e">
         <name>floor</name>
         <value>0x6105</value>
         <object_component_ref idref="oc-32d"/>
      </symbol>
      <symbol id="sm-903">
         <name>__TI_printfi</name>
         <value>0x22c1</value>
         <object_component_ref idref="oc-219"/>
      </symbol>
      <symbol id="sm-912">
         <name>__aeabi_memset</name>
         <value>0x669b</value>
         <object_component_ref idref="oc-96"/>
      </symbol>
      <symbol id="sm-913">
         <name>memset</name>
         <value>0x66a1</value>
         <object_component_ref idref="oc-96"/>
      </symbol>
      <symbol id="sm-914">
         <name>__aeabi_memset8</name>
         <value>0x669b</value>
         <object_component_ref idref="oc-96"/>
      </symbol>
      <symbol id="sm-915">
         <name>__aeabi_memset4</name>
         <value>0x669b</value>
         <object_component_ref idref="oc-96"/>
      </symbol>
      <symbol id="sm-916">
         <name>__aeabi_memclr8</name>
         <value>0x6699</value>
         <object_component_ref idref="oc-96"/>
      </symbol>
      <symbol id="sm-917">
         <name>__aeabi_memclr4</name>
         <value>0x6699</value>
         <object_component_ref idref="oc-96"/>
      </symbol>
      <symbol id="sm-918">
         <name>__aeabi_memclr</name>
         <value>0x6699</value>
         <object_component_ref idref="oc-96"/>
      </symbol>
      <symbol id="sm-925">
         <name>__aeabi_uldivmod</name>
         <value>0x64f7</value>
         <object_component_ref idref="oc-39d"/>
      </symbol>
      <symbol id="sm-94d">
         <name>__TI_auto_init_nobinit_nopinit</name>
         <value>0x6abd</value>
         <object_component_ref idref="oc-162"/>
      </symbol>
      <symbol id="sm-957">
         <name>_system_pre_init</name>
         <value>0x6ee5</value>
         <object_component_ref idref="oc-9c"/>
      </symbol>
      <symbol id="sm-963">
         <name>C$$EXIT</name>
         <value>0x6ee9</value>
         <object_component_ref idref="oc-156"/>
      </symbol>
      <symbol id="sm-964">
         <name>abort</name>
         <value>0x6ee9</value>
         <object_component_ref idref="oc-156"/>
      </symbol>
      <symbol id="sm-979">
         <name>_nop</name>
         <value>0x2d0f</value>
         <object_component_ref idref="oc-340"/>
      </symbol>
      <symbol id="sm-97a">
         <name>_lock</name>
         <value>0x20000f18</value>
         <object_component_ref idref="oc-252"/>
      </symbol>
      <symbol id="sm-97b">
         <name>_unlock</name>
         <value>0x20000f1c</value>
         <object_component_ref idref="oc-252"/>
      </symbol>
      <symbol id="sm-98a">
         <name>__TI_ltoa</name>
         <value>0x6983</value>
         <object_component_ref idref="oc-3a3"/>
      </symbol>
      <symbol id="sm-9a1">
         <name>atoi</name>
         <value>0x6a29</value>
         <object_component_ref idref="oc-2eb"/>
      </symbol>
      <symbol id="sm-9ac">
         <name>_ctypes_</name>
         <value>0x7048</value>
         <object_component_ref idref="oc-398"/>
      </symbol>
      <symbol id="sm-9bc">
         <name>memccpy</name>
         <value>0x6d9d</value>
         <object_component_ref idref="oc-30f"/>
      </symbol>
      <symbol id="sm-9cc">
         <name>strchr</name>
         <value>0x6e33</value>
         <object_component_ref idref="oc-3ca"/>
      </symbol>
      <symbol id="sm-9da">
         <name>strlen</name>
         <value>0x6e5d</value>
         <object_component_ref idref="oc-2e5"/>
      </symbol>
      <symbol id="sm-9f3">
         <name>wcslen</name>
         <value>0x6e71</value>
         <object_component_ref idref="oc-315"/>
      </symbol>
      <symbol id="sm-a09">
         <name>frexpl</name>
         <value>0x68c9</value>
         <object_component_ref idref="oc-3c4"/>
      </symbol>
      <symbol id="sm-a0a">
         <name>frexp</name>
         <value>0x68c9</value>
         <object_component_ref idref="oc-3c4"/>
      </symbol>
      <symbol id="sm-a14">
         <name>__aeabi_idiv0</name>
         <value>0x54c7</value>
         <object_component_ref idref="oc-411"/>
      </symbol>
      <symbol id="sm-a15">
         <name>__aeabi_ldiv0</name>
         <value>0x54c7</value>
         <object_component_ref idref="oc-411"/>
      </symbol>
      <symbol id="sm-a44">
         <name>IntRegister</name>
         <value>0x6c75</value>
         <object_component_ref idref="oc-1af"/>
      </symbol>
      <symbol id="sm-a45">
         <name>g_pfnRAMVectors</name>
         <value>0x20000000</value>
         <object_component_ref idref="oc-284"/>
      </symbol>
      <symbol id="sm-a46">
         <name>IntMasterEnable</name>
         <value>0x6e83</value>
         <object_component_ref idref="oc-1b5"/>
      </symbol>
      <symbol id="sm-a50">
         <name>CPUcpsie</name>
         <value>0x6eb1</value>
         <object_component_ref idref="oc-28e"/>
      </symbol>
      <symbol id="sm-a51">
         <name>__TI_static_base__</name>
         <value>0x0</value>
      </symbol>
      <symbol id="sm-a54">
         <name>__mpu_init</name>
         <value>0x0</value>
      </symbol>
      <symbol id="sm-a55">
         <name>_system_post_cinit</name>
         <value>0x0</value>
      </symbol>
   </symbol_table>
   <title>Link successful</title>
</link_info>
