******************************************************************************
                  TI ARM Linker PC v20.2.7                     
******************************************************************************
>> Linked Tue Nov  5 19:03:58 2024

OUTPUT FILE NAME:   <totally_not_lab_9.out>
ENTRY POINT SYMBOL: "_c_int00_noargs"  address: 000028cd


MEMORY CONFIGURATION

         name            origin    length      used     unused   attr    fill
----------------------  --------  ---------  --------  --------  ----  --------
  FLASH                 00000000   00040000  00002bf9  0003d407  R  X
  SRAM                  20000000   00008000  00000adc  00007524  RW X


SEGMENT ALLOCATION MAP

run origin  load origin   length   init length attrs members
----------  ----------- ---------- ----------- ----- -------
00000000    00000000    00002c00   00002c00    r-x
  00000000    00000000    0000026c   0000026c    r-- .intvecs
  0000026c    0000026c    0000283c   0000283c    r-x .text
  00002aa8    00002aa8    00000109   00000109    r-- .const
  00002bb8    00002bb8    00000048   00000048    r-- .cinit
20000000    20000000    00000ae0   00000000    rw-
  20000000    20000000    0000026c   00000000    rw- .vtable
  20000270    20000270    00000800   00000000    rw- .stack
  20000a70    20000a70    00000058   00000000    rw- .bss
  20000ac8    20000ac8    00000018   00000000    rw- .data


SECTION ALLOCATION MAP

 output                                  attributes/
section   page    origin      length       input sections
--------  ----  ----------  ----------   ----------------
.intvecs   0    00000000    0000026c     
                  00000000    0000026c     tm4c123gh6pm_startup_ccs.obj (.intvecs)

.text      0    0000026c    0000283c     
                  0000026c    00000a4e     rtsv7M4_T_le_v4SPD16_eabi.lib : _printfi.c.obj (.text:__TI_printfi)
                  00000cba    00000002                                   : div0.asm.obj (.text)
                  00000cbc    00000328     lcd.obj (.text)
                  00000fe4    00000324     ping.obj (.text)
                  00001308    00000270     rtsv7M4_T_le_v4SPD16_eabi.lib : _printfi.c.obj (.text:_pconv_a)
                  00001578    00000248     Timer.obj (.text)
                  000017c0    000001d0     rtsv7M4_T_le_v4SPD16_eabi.lib : _printfi.c.obj (.text:_pconv_g)
                  00001990    000001b6                                   : fd_add_t2.asm.obj (.text)
                  00001b46    00000002     --HOLE-- [fill = 0]
                  00001b48    0000013c                                   : _printfi.c.obj (.text:_pconv_e)
                  00001c84    00000136                                   : fd_div_t2.asm.obj (.text)
                  00001dba    00000002     --HOLE-- [fill = 0]
                  00001dbc    00000124                                   : _printfi.c.obj (.text:fcvt)
                  00001ee0    00000110                                   : s_scalbn.c.obj (.text:scalbn)
                  00001ff0    000000fc                                   : fd_mul_t2.asm.obj (.text)
                  000020ec    000000b1                                   : _printfi.c.obj (.text:_ltostr)
                  0000219d    00000001     --HOLE-- [fill = 0]
                  0000219e    0000009c                                   : memcpy_t2.asm.obj (.text)
                  0000223a    00000096                                   : ull_div_t2.asm.obj (.text)
                  000022d0    00000086                                   : fd_cmp_t2.asm.obj (.text:__aeabi_cdcmple)
                  00002356    00000086                                   : fd_cmp_t2.asm.obj (.text:__aeabi_cdrcmple)
                  000023dc    0000007a                                   : memset_t2.asm.obj (.text)
                  00002456    0000006e                                   : _printfi.c.obj (.text:_mcpy)
                  000024c4    00000068                                   : copy_decompress_lzss.c.obj (.text:decompress:lzss:__TI_decompress_lzss)
                  0000252c    00000064                                   : s_frexp.c.obj (.text:frexp)
                  00002590    00000056                                   : _printfi.c.obj (.text:_pconv_f)
                  000025e6    00000054                                   : _ltoa.c.obj (.text:__TI_ltoa)
                  0000263a    00000052                                   : _printfi.c.obj (.text:_ecpy)
                  0000268c    0000004c                                   : atoi.c.obj (.text:atoi)
                  000026d8    00000048                                   : fd_toi_t2.asm.obj (.text)
                  00002720    00000044                                   : autoinit.c.obj (.text:__TI_auto_init_nobinit_nopinit:__TI_auto_init_nobinit_nopinit)
                  00002764    00000040                                   : sprintf.c.obj (.text:sprintf)
                  000027a4    00000040                                   : vsnprintf.c.obj (.text:vsnprintf)
                  000027e4    0000003e                                   : _printfi.c.obj (.text:_fcpy)
                  00002822    00000002     --HOLE-- [fill = 0]
                  00002824    0000003a     main.obj (.text)
                  0000285e    00000038     rtsv7M4_T_le_v4SPD16_eabi.lib : fs_tod_t2.asm.obj (.text)
                  00002896    00000002     --HOLE-- [fill = 0]
                  00002898    00000034     driverlib.lib : interrupt.obj (.text:IntRegister)
                  000028cc    00000034     rtsv7M4_T_le_v4SPD16_eabi.lib : boot_cortex_m.c.obj (.text:_c_int00_noargs:_c_int00_noargs)
                  00002900    00000030                                   : vsnprintf.c.obj (.text:_outs)
                  00002930    0000002e                                   : i_tofd_t2.asm.obj (.text)
                  0000295e    0000001c                                   : copy_zero_init.c.obj (.text:decompress:ZI:__TI_zero_init_nomemset:__TI_zero_init_nomemset)
                  0000297a    0000001c                                   : memccpy.c.obj (.text:memccpy)
                  00002996    0000001a                                   : s_copysign.c.obj (.text:copysign)
                  000029b0    00000018                                   : vsnprintf.c.obj (.text:_outc)
                  000029c8    00000018                                   : sprintf.c.obj (.text:_outs)
                  000029e0    00000018                                   : strcmp.c.obj (.text:strcmp)
                  000029f8    00000016                                   : strchr.c.obj (.text:strchr)
                  00002a0e    00000014                                   : strcpy.c.obj (.text:strcpy)
                  00002a22    00000014                                   : strlen.c.obj (.text:strlen)
                  00002a36    00000012                                   : wcslen.c.obj (.text:wcslen)
                  00002a48    00000010     driverlib.lib : interrupt.obj (.text:IntMasterEnable)
                  00002a58    00000010     lcd.obj (.text:lcd_clear)
                  00002a68    0000000e     rtsv7M4_T_le_v4SPD16_eabi.lib : copy_decompress_none.c.obj (.text:decompress:none:__TI_decompress_none)
                  00002a76    0000000c     driverlib.lib : cpu.obj (.text:CPUcpsie)
                  00002a82    0000000c     tm4c123gh6pm_startup_ccs.obj (.text)
                  00002a8e    0000000a     rtsv7M4_T_le_v4SPD16_eabi.lib : sprintf.c.obj (.text:_outc)
                  00002a98    00000008                                   : errno.c.obj (.text:__aeabi_errno_addr)
                  00002aa0    00000004                                   : pre_init.c.obj (.text:_system_pre_init)
                  00002aa4    00000004                                   : exit.c.obj (.text:abort:abort)

.const     0    00002aa8    00000109     
                  00002aa8    00000101     rtsv7M4_T_le_v4SPD16_eabi.lib : ctype.c.obj (.const:.string:_ctypes_)
                  00002ba9    00000004     lcd.obj (.const:.string:lineAddress$1)
                  00002bad    00000004     lcd.obj (.const:.string:lineAddresses$2)

.cinit     0    00002bb8    00000048     
                  00002bb8    00000010     (.cinit..data.load) [load image, compression = lzss]
                  00002bc8    0000000c     (__TI_handler_table)
                  00002bd4    00000004     --HOLE-- [fill = 0]
                  00002bd8    00000008     (.cinit..bss.load) [load image, compression = zero_init]
                  00002be0    00000008     (.cinit..vtable.load) [load image, compression = zero_init]
                  00002be8    00000018     (__TI_cinit_table)

.init_array 
*          0    00000000    00000000     UNINITIALIZED

.vtable    0    20000000    0000026c     UNINITIALIZED
                  20000000    0000026c     driverlib.lib : interrupt.obj (.vtable)

.bss       0    20000a70    00000058     UNINITIALIZED
                  20000a70    00000054     lcd.obj (.bss:lastbuffer$3)
                  20000ac4    00000004     (.common:_timeout_ticks)

.data      0    20000ac8    00000018     UNINITIALIZED
                  20000ac8    00000011     ping.obj (.data)
                  20000ad9    00000001     Timer.obj (.data)
                  20000ada    00000002     --HOLE--
                  20000adc    00000004     rtsv7M4_T_le_v4SPD16_eabi.lib : errno.c.obj (.data)

.stack     0    20000270    00000800     UNINITIALIZED
                  20000270    00000004     rtsv7M4_T_le_v4SPD16_eabi.lib : boot_cortex_m.c.obj (.stack)
                  20000274    000007fc     --HOLE--

__llvm_prf_cnts 
*          0    20000000    00000000     UNINITIALIZED

MODULE SUMMARY

       Module                         code    ro data   rw data
       ------                         ----    -------   -------
    .\
       lcd.obj                        824     8         84     
       ping.obj                       804     0         17     
       tm4c123gh6pm_startup_ccs.obj   12      620       0      
       Timer.obj                      584     0         5      
       main.obj                       58      0         0      
    +--+------------------------------+-------+---------+---------+
       Total:                         2282    628       106    
                                                               
    C:/ti/TivaWare_C_Series-2.2.0.295/driverlib/ccs/Debug/driverlib.lib
       interrupt.obj                  68      0         620    
       cpu.obj                        12      0         0      
    +--+------------------------------+-------+---------+---------+
       Total:                         80      0         620    
                                                               
    C:\ti\ccs1271\ccs\tools\compiler\ti-cgt-arm_20.2.7.LTS\lib\rtsv7M4_T_le_v4SPD16_eabi.lib
       _printfi.c.obj                 4851    0         0      
       fd_add_t2.asm.obj              438     0         0      
       fd_div_t2.asm.obj              310     0         0      
       s_scalbn.c.obj                 272     0         0      
       fd_cmp_t2.asm.obj              268     0         0      
       ctype.c.obj                    0       257       0      
       fd_mul_t2.asm.obj              252     0         0      
       memcpy_t2.asm.obj              156     0         0      
       ull_div_t2.asm.obj             150     0         0      
       vsnprintf.c.obj                136     0         0      
       memset_t2.asm.obj              122     0         0      
       copy_decompress_lzss.c.obj     104     0         0      
       s_frexp.c.obj                  100     0         0      
       sprintf.c.obj                  98      0         0      
       _ltoa.c.obj                    84      0         0      
       atoi.c.obj                     76      0         0      
       fd_toi_t2.asm.obj              72      0         0      
       autoinit.c.obj                 68      0         0      
       fs_tod_t2.asm.obj              56      0         0      
       boot_cortex_m.c.obj            52      0         0      
       i_tofd_t2.asm.obj              46      0         0      
       copy_zero_init.c.obj           28      0         0      
       memccpy.c.obj                  28      0         0      
       s_copysign.c.obj               26      0         0      
       strcmp.c.obj                   24      0         0      
       strchr.c.obj                   22      0         0      
       strcpy.c.obj                   20      0         0      
       strlen.c.obj                   20      0         0      
       wcslen.c.obj                   18      0         0      
       copy_decompress_none.c.obj     14      0         0      
       errno.c.obj                    8       0         4      
       exit.c.obj                     4       0         0      
       pre_init.c.obj                 4       0         0      
       div0.asm.obj                   2       0         0      
    +--+------------------------------+-------+---------+---------+
       Total:                         7929    257       4      
                                                               
       Stack:                         0       0         2048   
       Linker Generated:              0       68        0      
    +--+------------------------------+-------+---------+---------+
       Grand Total:                   10291   953       2778   


LINKER GENERATED COPY TABLES

__TI_cinit_table @ 00002be8 records: 3, size/record: 8, table size: 24
	.data: load addr=00002bb8, load size=00000010 bytes, run addr=20000ac8, run size=00000018 bytes, compression=lzss
	.bss: load addr=00002bd8, load size=00000008 bytes, run addr=20000a70, run size=00000058 bytes, compression=zero_init
	.vtable: load addr=00002be0, load size=00000008 bytes, run addr=20000000, run size=0000026c bytes, compression=zero_init


LINKER GENERATED HANDLER TABLE

__TI_handler_table @ 00002bc8 records: 3, size/record: 4, table size: 12
	index: 0, handler: __TI_zero_init
	index: 1, handler: __TI_decompress_lzss
	index: 2, handler: __TI_decompress_none


GLOBAL SYMBOLS: SORTED ALPHABETICALLY BY Name 

address   name                          
-------   ----                          
00002aa5  C$$EXIT                       
00002a77  CPUcpsie                      
20000acc  END_TIME                      
00002a49  IntMasterEnable               
00002899  IntRegister                   
00002a83  ResetISR                      
20000ac8  START_TIME                    
20000ad0  STATE                         
00001127  TIMER3B_Handler               
20000a70  __STACK_END                   
00000800  __STACK_SIZE                  
20000470  __STACK_TOP                   
00002be8  __TI_CINIT_Base               
00002c00  __TI_CINIT_Limit              
00002bc8  __TI_Handler_Table_Base       
00002bd4  __TI_Handler_Table_Limit      
00002721  __TI_auto_init_nobinit_nopinit
000024c5  __TI_decompress_lzss          
00002a69  __TI_decompress_none          
000025e7  __TI_ltoa                     
ffffffff  __TI_pprof_out_hndl           
0000026d  __TI_printfi                  
ffffffff  __TI_prof_data_size           
ffffffff  __TI_prof_data_start          
00000000  __TI_static_base__            
0000295f  __TI_zero_init_nomemset       
000022d1  __aeabi_cdcmpeq               
000022d1  __aeabi_cdcmple               
00002357  __aeabi_cdrcmple              
000026d9  __aeabi_d2iz                  
0000199b  __aeabi_dadd                  
00001c85  __aeabi_ddiv                  
00001ff1  __aeabi_dmul                  
00001991  __aeabi_dsub                  
00002a99  __aeabi_errno_addr            
0000285f  __aeabi_f2d                   
00002931  __aeabi_i2d                   
00000cbb  __aeabi_idiv0                 
00000cbb  __aeabi_ldiv0                 
000023dd  __aeabi_memclr                
000023dd  __aeabi_memclr4               
000023dd  __aeabi_memclr8               
0000219f  __aeabi_memcpy                
0000219f  __aeabi_memcpy4               
0000219f  __aeabi_memcpy8               
000023df  __aeabi_memset                
000023df  __aeabi_memset4               
000023df  __aeabi_memset8               
0000223b  __aeabi_uldivmod              
ffffffff  __binit__                     
ffffffff  __c_args__                    
UNDEFED   __mpu_init                    
20000270  __stack                       
20000000  __start___llvm_prf_cnts       
20000000  __stop___llvm_prf_cnts        
000028cd  _c_int00_noargs               
00002aa8  _ctypes_                      
20000ad9  _running                      
UNDEFED   _system_post_cinit            
00002aa1  _system_pre_init              
20000ac4  _timeout_ticks                
00002aa5  abort                         
0000268d  atoi                          
ffffffff  binit                         
00002997  copysign                      
00002997  copysignl                     
20000ad4  count                         
20000adc  errno                         
0000252d  frexp                         
0000252d  frexpl                        
20000000  g_pfnRAMVectors               
00000000  g_pfnVectors                  
20000ad8  intflag                       
00002a59  lcd_clear                     
00000e91  lcd_gotoLine                  
00000cf9  lcd_init                      
00000ef7  lcd_printf                    
00000db9  lcd_putc                      
00000df1  lcd_puts                      
00000cbd  lcd_reverseNibble             
00000e0f  lcd_sendCommand               
00000e4d  lcd_sendNibble                
00000eb9  lcd_setCursorPos              
00001ee1  ldexp                         
00001ee1  ldexpl                        
00002825  main                          
0000297b  memccpy                       
0000219f  memcpy                        
000023e5  memset                        
00001167  ping_getDistance              
00000fe5  ping_init                     
0000109b  ping_trigger                  
00001ee1  scalbn                        
00001ee1  scalbnl                       
00002765  sprintf                       
000029f9  strchr                        
000029e1  strcmp                        
00002a0f  strcpy                        
00002a23  strlen                        
00001697  timer_getMicros               
0000163f  timer_getMillis               
00001579  timer_init                    
0000161b  timer_pause                   
0000162d  timer_resume                  
000015f1  timer_stop                    
000016f1  timer_waitMicros              
00001723  timer_waitMillis              
000027a5  vsnprintf                     
00002a37  wcslen                        


GLOBAL SYMBOLS: SORTED BY Symbol Address 

address   name                          
-------   ----                          
00000000  __TI_static_base__            
00000000  g_pfnVectors                  
0000026d  __TI_printfi                  
00000800  __STACK_SIZE                  
00000cbb  __aeabi_idiv0                 
00000cbb  __aeabi_ldiv0                 
00000cbd  lcd_reverseNibble             
00000cf9  lcd_init                      
00000db9  lcd_putc                      
00000df1  lcd_puts                      
00000e0f  lcd_sendCommand               
00000e4d  lcd_sendNibble                
00000e91  lcd_gotoLine                  
00000eb9  lcd_setCursorPos              
00000ef7  lcd_printf                    
00000fe5  ping_init                     
0000109b  ping_trigger                  
00001127  TIMER3B_Handler               
00001167  ping_getDistance              
00001579  timer_init                    
000015f1  timer_stop                    
0000161b  timer_pause                   
0000162d  timer_resume                  
0000163f  timer_getMillis               
00001697  timer_getMicros               
000016f1  timer_waitMicros              
00001723  timer_waitMillis              
00001991  __aeabi_dsub                  
0000199b  __aeabi_dadd                  
00001c85  __aeabi_ddiv                  
00001ee1  ldexp                         
00001ee1  ldexpl                        
00001ee1  scalbn                        
00001ee1  scalbnl                       
00001ff1  __aeabi_dmul                  
0000219f  __aeabi_memcpy                
0000219f  __aeabi_memcpy4               
0000219f  __aeabi_memcpy8               
0000219f  memcpy                        
0000223b  __aeabi_uldivmod              
000022d1  __aeabi_cdcmpeq               
000022d1  __aeabi_cdcmple               
00002357  __aeabi_cdrcmple              
000023dd  __aeabi_memclr                
000023dd  __aeabi_memclr4               
000023dd  __aeabi_memclr8               
000023df  __aeabi_memset                
000023df  __aeabi_memset4               
000023df  __aeabi_memset8               
000023e5  memset                        
000024c5  __TI_decompress_lzss          
0000252d  frexp                         
0000252d  frexpl                        
000025e7  __TI_ltoa                     
0000268d  atoi                          
000026d9  __aeabi_d2iz                  
00002721  __TI_auto_init_nobinit_nopinit
00002765  sprintf                       
000027a5  vsnprintf                     
00002825  main                          
0000285f  __aeabi_f2d                   
00002899  IntRegister                   
000028cd  _c_int00_noargs               
00002931  __aeabi_i2d                   
0000295f  __TI_zero_init_nomemset       
0000297b  memccpy                       
00002997  copysign                      
00002997  copysignl                     
000029e1  strcmp                        
000029f9  strchr                        
00002a0f  strcpy                        
00002a23  strlen                        
00002a37  wcslen                        
00002a49  IntMasterEnable               
00002a59  lcd_clear                     
00002a69  __TI_decompress_none          
00002a77  CPUcpsie                      
00002a83  ResetISR                      
00002a99  __aeabi_errno_addr            
00002aa1  _system_pre_init              
00002aa5  C$$EXIT                       
00002aa5  abort                         
00002aa8  _ctypes_                      
00002bc8  __TI_Handler_Table_Base       
00002bd4  __TI_Handler_Table_Limit      
00002be8  __TI_CINIT_Base               
00002c00  __TI_CINIT_Limit              
20000000  __start___llvm_prf_cnts       
20000000  __stop___llvm_prf_cnts        
20000000  g_pfnRAMVectors               
20000270  __stack                       
20000470  __STACK_TOP                   
20000a70  __STACK_END                   
20000ac4  _timeout_ticks                
20000ac8  START_TIME                    
20000acc  END_TIME                      
20000ad0  STATE                         
20000ad4  count                         
20000ad8  intflag                       
20000ad9  _running                      
20000adc  errno                         
ffffffff  __TI_pprof_out_hndl           
ffffffff  __TI_prof_data_size           
ffffffff  __TI_prof_data_start          
ffffffff  __binit__                     
ffffffff  __c_args__                    
ffffffff  binit                         
UNDEFED   __mpu_init                    
UNDEFED   _system_post_cinit            

[109 symbols]
